Archive member included to satisfy reference by file (symbol)

c:/tools/gcc-arm-none-eabi-10.3-2021.07/bin/../lib/gcc/arm-none-eabi/10.3.1/thumb/v7-m/nofp\libgcc.a(_arm_muldf3.o)
                              CMakeFiles/balance_car_v2.elf.dir/Core/Src/mpu6050.c.obj (__aeabi_dmul)
c:/tools/gcc-arm-none-eabi-10.3-2021.07/bin/../lib/gcc/arm-none-eabi/10.3.1/thumb/v7-m/nofp\libgcc.a(_arm_mulsf3.o)
                              CMakeFiles/balance_car_v2.elf.dir/Core/Src/main.c.obj (__aeabi_fmul)
c:/tools/gcc-arm-none-eabi-10.3-2021.07/bin/../lib/gcc/arm-none-eabi/10.3.1/thumb/v7-m/nofp\libgcc.a(_arm_addsubdf3.o)
                              CMakeFiles/balance_car_v2.elf.dir/Core/Src/mpu6050.c.obj (__aeabi_dsub)
c:/tools/gcc-arm-none-eabi-10.3-2021.07/bin/../lib/gcc/arm-none-eabi/10.3.1/thumb/v7-m/nofp\libgcc.a(_arm_muldivdf3.o)
                              CMakeFiles/balance_car_v2.elf.dir/Core/Src/mpu6050.c.obj (__aeabi_ddiv)
c:/tools/gcc-arm-none-eabi-10.3-2021.07/bin/../lib/gcc/arm-none-eabi/10.3.1/thumb/v7-m/nofp\libgcc.a(_arm_cmpdf2.o)
                              CMakeFiles/balance_car_v2.elf.dir/Core/Src/mpu6050.c.obj (__aeabi_dcmpeq)
c:/tools/gcc-arm-none-eabi-10.3-2021.07/bin/../lib/gcc/arm-none-eabi/10.3.1/thumb/v7-m/nofp\libgcc.a(_arm_fixdfsi.o)
                              CMakeFiles/balance_car_v2.elf.dir/Core/Src/main.c.obj (__aeabi_d2iz)
c:/tools/gcc-arm-none-eabi-10.3-2021.07/bin/../lib/gcc/arm-none-eabi/10.3.1/thumb/v7-m/nofp\libgcc.a(_arm_truncdfsf2.o)
                              CMakeFiles/balance_car_v2.elf.dir/Core/Src/uart_parser.c.obj (__aeabi_d2f)
c:/tools/gcc-arm-none-eabi-10.3-2021.07/bin/../lib/gcc/arm-none-eabi/10.3.1/thumb/v7-m/nofp\libgcc.a(_arm_addsubsf3.o)
                              CMakeFiles/balance_car_v2.elf.dir/Core/Src/main.c.obj (__aeabi_fsub)
c:/tools/gcc-arm-none-eabi-10.3-2021.07/bin/../lib/gcc/arm-none-eabi/10.3.1/thumb/v7-m/nofp\libgcc.a(_arm_muldivsf3.o)
                              CMakeFiles/balance_car_v2.elf.dir/Core/Src/mpu6050.c.obj (__aeabi_fdiv)
c:/tools/gcc-arm-none-eabi-10.3-2021.07/bin/../lib/gcc/arm-none-eabi/10.3.1/thumb/v7-m/nofp\libgcc.a(_arm_fixsfsi.o)
                              CMakeFiles/balance_car_v2.elf.dir/Core/Src/main.c.obj (__aeabi_f2iz)
c:/tools/gcc-arm-none-eabi-10.3-2021.07/bin/../lib/gcc/arm-none-eabi/10.3.1/../../../../arm-none-eabi/lib/thumb/v7-m/nofp\libg.a(lib_a-atof.o)
                              CMakeFiles/balance_car_v2.elf.dir/Core/Src/uart_parser.c.obj (atof)
c:/tools/gcc-arm-none-eabi-10.3-2021.07/bin/../lib/gcc/arm-none-eabi/10.3.1/../../../../arm-none-eabi/lib/thumb/v7-m/nofp\libg.a(lib_a-errno.o)
                              CMakeFiles/balance_car_v2.elf.dir/Core/Src/retarget.c.obj (__errno)
c:/tools/gcc-arm-none-eabi-10.3-2021.07/bin/../lib/gcc/arm-none-eabi/10.3.1/../../../../arm-none-eabi/lib/thumb/v7-m/nofp\libg.a(lib_a-exit.o)
                              c:/tools/gcc-arm-none-eabi-10.3-2021.07/bin/../lib/gcc/arm-none-eabi/10.3.1/../../../../arm-none-eabi/lib/thumb/v7-m/nofp/crt0.o (exit)
c:/tools/gcc-arm-none-eabi-10.3-2021.07/bin/../lib/gcc/arm-none-eabi/10.3.1/../../../../arm-none-eabi/lib/thumb/v7-m/nofp\libg.a(lib_a-impure.o)
                              c:/tools/gcc-arm-none-eabi-10.3-2021.07/bin/../lib/gcc/arm-none-eabi/10.3.1/../../../../arm-none-eabi/lib/thumb/v7-m/nofp\libg.a(lib_a-exit.o) (_global_impure_ptr)
c:/tools/gcc-arm-none-eabi-10.3-2021.07/bin/../lib/gcc/arm-none-eabi/10.3.1/../../../../arm-none-eabi/lib/thumb/v7-m/nofp\libg.a(lib_a-init.o)
                              c:/tools/gcc-arm-none-eabi-10.3-2021.07/bin/../lib/gcc/arm-none-eabi/10.3.1/../../../../arm-none-eabi/lib/thumb/v7-m/nofp/crt0.o (__libc_init_array)
c:/tools/gcc-arm-none-eabi-10.3-2021.07/bin/../lib/gcc/arm-none-eabi/10.3.1/../../../../arm-none-eabi/lib/thumb/v7-m/nofp\libg.a(lib_a-memset.o)
                              c:/tools/gcc-arm-none-eabi-10.3-2021.07/bin/../lib/gcc/arm-none-eabi/10.3.1/../../../../arm-none-eabi/lib/thumb/v7-m/nofp/crt0.o (memset)
c:/tools/gcc-arm-none-eabi-10.3-2021.07/bin/../lib/gcc/arm-none-eabi/10.3.1/../../../../arm-none-eabi/lib/thumb/v7-m/nofp\libg.a(lib_a-printf.o)
                              CMakeFiles/balance_car_v2.elf.dir/Core/Src/main.c.obj (printf)
c:/tools/gcc-arm-none-eabi-10.3-2021.07/bin/../lib/gcc/arm-none-eabi/10.3.1/../../../../arm-none-eabi/lib/thumb/v7-m/nofp\libg.a(lib_a-setvbuf.o)
                              CMakeFiles/balance_car_v2.elf.dir/Core/Src/retarget.c.obj (setvbuf)
c:/tools/gcc-arm-none-eabi-10.3-2021.07/bin/../lib/gcc/arm-none-eabi/10.3.1/../../../../arm-none-eabi/lib/thumb/v7-m/nofp\libg.a(lib_a-strcat.o)
                              CMakeFiles/balance_car_v2.elf.dir/Core/Src/uart_parser.c.obj (strcat)
c:/tools/gcc-arm-none-eabi-10.3-2021.07/bin/../lib/gcc/arm-none-eabi/10.3.1/../../../../arm-none-eabi/lib/thumb/v7-m/nofp\libg.a(lib_a-strcpy.o)
[...]
Memory Configuration

Name             Origin             Length             Attributes
RAM              0x20000000         0x00005000         xrw
FLASH            0x08000000         0x00010000         xr
*default*        0x00000000         0xffffffff

Linker script and memory map

LOAD c:/tools/gcc-arm-none-eabi-10.3-2021.07/bin/../lib/gcc/arm-none-eabi/10.3.1/thumb/v7-m/nofp/crti.o
LOAD c:/tools/gcc-arm-none-eabi-10.3-2021.07/bin/../lib/gcc/arm-none-eabi/10.3.1/thumb/v7-m/nofp/crtbegin.o
LOAD c:/tools/gcc-arm-none-eabi-10.3-2021.07/bin/../lib/gcc/arm-none-eabi/10.3.1/../../../../arm-none-eabi/lib/thumb/v7-m/nofp/crt0.o
LOAD CMakeFiles/balance_car_v2.elf.dir/Core/Src/encoder.c.obj
LOAD CMakeFiles/balance_car_v2.elf.dir/Core/Src/gpio.c.obj
LOAD CMakeFiles/balance_car_v2.elf.dir/Core/Src/i2c.c.obj
LOAD CMakeFiles/balance_car_v2.elf.dir/Core/Src/main.c.obj
LOAD CMakeFiles/balance_car_v2.elf.dir/Core/Src/mpu6050.c.obj
LOAD CMakeFiles/balance_car_v2.elf.dir/Core/Src/pid.c.obj
LOAD CMakeFiles/balance_car_v2.elf.dir/Core/Src/retarget.c.obj
LOAD CMakeFiles/balance_car_v2.elf.dir/Core/Src/stm32f1xx_hal_msp.c.obj
LOAD CMakeFiles/balance_car_v2.elf.dir/Core/Src/stm32f1xx_it.c.obj
LOAD CMakeFiles/balance_car_v2.elf.dir/Core/Src/syscalls.c.obj
LOAD CMakeFiles/balance_car_v2.elf.dir/Core/Src/system_stm32f1xx.c.obj
LOAD CMakeFiles/balance_car_v2.elf.dir/Core/Src/tb6612.c.obj
LOAD CMakeFiles/balance_car_v2.elf.dir/Core/Src/test_freq.c.obj
LOAD CMakeFiles/balance_car_v2.elf.dir/Core/Src/tim.c.obj
LOAD CMakeFiles/balance_car_v2.elf.dir/Core/Src/uart_parser.c.obj
LOAD CMakeFiles/balance_car_v2.elf.dir/Core/Src/usart.c.obj
LOAD CMakeFiles/balance_car_v2.elf.dir/Drivers/STM32F1xx_HAL_Driver/Src/stm32f1xx_hal.c.obj
LOAD CMakeFiles/balance_car_v2.elf.dir/Drivers/STM32F1xx_HAL_Driver/Src/stm32f1xx_hal_cortex.c.obj
LOAD CMakeFiles/balance_car_v2.elf.dir/Drivers/STM32F1xx_HAL_Driver/Src/stm32f1xx_hal_dma.c.obj
LOAD CMakeFiles/balance_car_v2.elf.dir/Drivers/STM32F1xx_HAL_Driver/Src/stm32f1xx_hal_exti.c.obj
LOAD CMakeFiles/balance_car_v2.elf.dir/Drivers/STM32F1xx_HAL_Driver/Src/stm32f1xx_hal_flash.c.obj
LOAD CMakeFiles/balance_car_v2.elf.dir/Drivers/STM32F1xx_HAL_Driver/Src/stm32f1xx_hal_flash_ex.c.obj
LOAD CMakeFiles/balance_car_v2.elf.dir/Drivers/STM32F1xx_HAL_Driver/Src/stm32f1xx_hal_gpio.c.obj
LOAD CMakeFiles/balance_car_v2.elf.dir/Drivers/STM32F1xx_HAL_Driver/Src/stm32f1xx_hal_gpio_ex.c.obj
LOAD CMakeFiles/balance_car_v2.elf.dir/Drivers/STM32F1xx_HAL_Driver/Src/stm32f1xx_hal_i2c.c.obj
LOAD CMakeFiles/balance_car_v2.elf.dir/Drivers/STM32F1xx_HAL_Driver/Src/stm32f1xx_hal_pwr.c.obj
LOAD CMakeFiles/balance_car_v2.elf.dir/Drivers/STM32F1xx_HAL_Driver/Src/stm32f1xx_hal_rcc.c.obj
LOAD CMakeFiles/balance_car_v2.elf.dir/Drivers/STM32F1xx_HAL_Driver/Src/stm32f1xx_hal_rcc_ex.c.obj
LOAD CMakeFiles/balance_car_v2.elf.dir/Drivers/STM32F1xx_HAL_Driver/Src/stm32f1xx_hal_tim.c.obj
LOAD CMakeFiles/balance_car_v2.elf.dir/Drivers/STM32F1xx_HAL_Driver/Src/stm32f1xx_hal_tim_ex.c.obj
LOAD CMakeFiles/balance_car_v2.elf.dir/Drivers/STM32F1xx_HAL_Driver/Src/stm32f1xx_hal_uart.c.obj
LOAD CMakeFiles/balance_car_v2.elf.dir/startup/startup_stm32f103xb.s.obj
START GROUP
LOAD c:/tools/gcc-arm-none-eabi-10.3-2021.07/bin/../lib/gcc/arm-none-eabi/10.3.1/thumb/v7-m/nofp\libgcc.a
LOAD c:/tools/gcc-arm-none-eabi-10.3-2021.07/bin/../lib/gcc/arm-none-eabi/10.3.1/../../../../arm-none-eabi/lib/thumb/v7-m/nofp\libg.a
LOAD c:/tools/gcc-arm-none-eabi-10.3-2021.07/bin/../lib/gcc/arm-none-eabi/10.3.1/../../../../arm-none-eabi/lib/thumb/v7-m/nofp\libc.a
END GROUP
LOAD c:/tools/gcc-arm-none-eabi-10.3-2021.07/bin/../lib/gcc/arm-none-eabi/10.3.1/thumb/v7-m/nofp/crtend.o
LOAD c:/tools/gcc-arm-none-eabi-10.3-2021.07/bin/../lib/gcc/arm-none-eabi/10.3.1/thumb/v7-m/nofp/crtn.o
                0x20005000                _estack = 0x20005000
                0x00000200                _Min_Heap_Size = 0x200
                0x00000400                _Min_Stack_Size = 0x400

.isr_vector     0x08000000      0x10c
                0x08000000                . = ALIGN (0x4)
 *(.isr_vector)
 .isr_vector    0x08000000      0x10c CMakeFiles/balance_car_v2.elf.dir/startup/startup_stm32f103xb.s.obj
                0x08000000                g_pfnVectors
                0x0800010c                . = ALIGN (0x4)

.text           0x08000110     0xd418
                0x08000110                . = ALIGN (0x4)
 *(.text)
 .text          0x08000110       0x40 c:/tools/gcc-arm-none-eabi-10.3-2021.07/bin/../lib/gcc/arm-none-eabi/10.3.1/thumb/v7-m/nofp/crtbegin.o
 .text          0x08000150      0x378 c:/tools/gcc-arm-none-eabi-10.3-2021.07/bin/../lib/gcc/arm-none-eabi/10.3.1/thumb/v7-m/nofp\libgcc.a(_arm_addsubdf3.o)
                0x08000150                __aeabi_drsub
                0x08000158                __aeabi_dsub
                0x08000158                __subdf3
                0x0800015c                __aeabi_dadd
                0x0800015c                __adddf3
                0x080003d4                __floatunsidf
                0x080003d4                __aeabi_ui2d
                0x080003f4                __floatsidf
                0x080003f4                __aeabi_i2d
                0x08000418                __aeabi_f2d
                0x08000418                __extendsfdf2
                0x0800045c                __floatundidf
                0x0800045c                __aeabi_ul2d
                0x0800046c                __floatdidf
                0x0800046c                __aeabi_l2d
 .text          0x080004c8      0x424 c:/tools/gcc-arm-none-eabi-10.3-2021.07/bin/../lib/gcc/arm-none-eabi/10.3.1/thumb/v7-m/nofp\libgcc.a(_arm_muldivdf3.o)
                0x080004c8                __aeabi_dmul
                0x080004c8                __muldf3
                0x0800071c                __divdf3
                0x0800071c                __aeabi_ddiv
 .text          0x080008ec      0x110 c:/tools/gcc-arm-none-eabi-10.3-2021.07/bin/../lib/gcc/arm-none-eabi/10.3.1/thumb/v7-m/nofp\libgcc.a(_arm_cmpdf2.o)
                0x080008ec                __gtdf2
                0x080008ec                __gedf2
                0x080008f4                __ltdf2
                0x080008f4                __ledf2
                0x080008fc                __nedf2
                0x080008fc                __eqdf2
                0x080008fc                __cmpdf2
                0x08000978                __aeabi_cdrcmple
                0x08000988                __aeabi_cdcmpeq
                0x08000988                __aeabi_cdcmple
                0x08000998                __aeabi_dcmpeq
                0x080009ac                __aeabi_dcmplt
                0x080009c0                __aeabi_dcmple
                0x080009d4                __aeabi_dcmpge
                0x080009e8                __aeabi_dcmpgt
 .text          0x080009fc       0x50 c:/tools/gcc-arm-none-eabi-10.3-2021.07/bin/../lib/gcc/arm-none-eabi/10.3.1/thumb/v7-m/nofp\libgcc.a(_arm_fixdfsi.o)
                0x080009fc                __aeabi_d2iz
                0x080009fc                __fixdfsi
 .text          0x08000a4c       0xa0 c:/tools/gcc-arm-none-eabi-10.3-2021.07/bin/../lib/gcc/arm-none-eabi/10.3.1/thumb/v7-m/nofp\libgcc.a(_arm_truncdfsf2.o)
                0x08000a4c                __truncdfsf2
                0x08000a4c                __aeabi_d2f
 .text          0x08000aec      0x21c c:/tools/gcc-arm-none-eabi-10.3-2021.07/bin/../lib/gcc/arm-none-eabi/10.3.1/thumb/v7-m/nofp\libgcc.a(_arm_addsubsf3.o)
                0x08000aec                __aeabi_frsub
                0x08000af4                __subsf3
                0x08000af4                __aeabi_fsub
                0x08000af8                __aeabi_fadd
                0x08000af8                __addsf3
                0x08000c58                __aeabi_ui2f
                0x08000c58                __floatunsisf
                0x08000c60                __aeabi_i2f
                0x08000c60                __floatsisf
                0x08000c7c                __aeabi_ul2f
                0x08000c7c                __floatundisf
                0x08000c8c                __aeabi_l2f
                0x08000c8c                __floatdisf
 .text          0x08000d08      0x2a0 c:/tools/gcc-arm-none-eabi-10.3-2021.07/bin/../lib/gcc/arm-none-eabi/10.3.1/thumb/v7-m/nofp\libgcc.a(_arm_muldivsf3.o)
                0x08000d08                __mulsf3
                0x08000d08                __aeabi_fmul
                0x08000e70                __aeabi_fdiv
                0x08000e70                __divsf3
 .text          0x08000fa8       0x4c c:/tools/gcc-arm-none-eabi-10.3-2021.07/bin/../lib/gcc/arm-none-eabi/10.3.1/thumb/v7-m/nofp\libgcc.a(_arm_fixsfsi.o)
                0x08000fa8                __aeabi_f2iz
                0x08000fa8                __fixsfsi
 .text          0x08000ff4       0xec c:/tools/gcc-arm-none-eabi-10.3-2021.07/bin/../lib/gcc/arm-none-eabi/10.3.1/../../../../arm-none-eabi/lib/thumb/v7-m/nofp\libg.a(lib_a-memcpy.o)
                0x08000ff4                memcpy
 .text          0x080010e0       0x2c c:/tools/gcc-arm-none-eabi-10.3-2021.07/bin/../lib/gcc/arm-none-eabi/10.3.1/thumb/v7-m/nofp\libgcc.a(_arm_unorddf2.o)
                0x080010e0                __unorddf2
                0x080010e0                __aeabi_dcmpun
 .text          0x0800110c       0x40 c:/tools/gcc-arm-none-eabi-10.3-2021.07/bin/../lib/gcc/arm-none-eabi/10.3.1/thumb/v7-m/nofp\libgcc.a(_arm_fixunsdfsi.o)
                0x0800110c                __aeabi_d2uiz
                0x0800110c                __fixunsdfsi
 .text          0x0800114c       0x30 c:/tools/gcc-arm-none-eabi-10.3-2021.07/bin/../lib/gcc/arm-none-eabi/10.3.1/thumb/v7-m/nofp\libgcc.a(_aeabi_uldivmod.o)
                0x0800114c                __aeabi_uldivmod
 .text          0x0800117c       0x34 c:/tools/gcc-arm-none-eabi-10.3-2021.07/bin/../lib/gcc/arm-none-eabi/10.3.1/thumb/v7-m/nofp\libgcc.a(_fixdfdi.o)
                0x0800117c                __fixdfdi
                0x0800117c                __aeabi_d2lz
 .text          0x080011b0       0x3c c:/tools/gcc-arm-none-eabi-10.3-2021.07/bin/../lib/gcc/arm-none-eabi/10.3.1/thumb/v7-m/nofp\libgcc.a(_fixunsdfdi.o)
                0x080011b0                __fixunsdfdi
                0x080011b0                __aeabi_d2ulz
 .text          0x080011ec      0x2d4 c:/tools/gcc-arm-none-eabi-10.3-2021.07/bin/../lib/gcc/arm-none-eabi/10.3.1/thumb/v7-m/nofp\libgcc.a(_udivmoddi4.o)
                0x080011ec                __udivmoddi4
 .text          0x080014c0        0x4 c:/tools/gcc-arm-none-eabi-10.3-2021.07/bin/../lib/gcc/arm-none-eabi/10.3.1/thumb/v7-m/nofp\libgcc.a(_dvmd_tls.o)
                0x080014c0                __aeabi_idiv0
                0x080014c0                __aeabi_ldiv0
 *(.text*)
 .text.encoder_init
                0x080014c4       0x28 CMakeFiles/balance_car_v2.elf.dir/Core/Src/encoder.c.obj
                0x080014c4                encoder_init
 .text.HAL_TIM_PeriodElapsedCallback
                0x080014ec       0x48 CMakeFiles/balance_car_v2.elf.dir/Core/Src/encoder.c.obj
                0x080014ec                HAL_TIM_PeriodElapsedCallback
 .text.encoder_get_speed
                0x08001534       0x1c CMakeFiles/balance_car_v2.elf.dir/Core/Src/encoder.c.obj
                0x08001534                encoder_get_speed
 .text.MX_GPIO_Init
                0x08001550       0xf4 CMakeFiles/balance_car_v2.elf.dir/Core/Src/gpio.c.obj
                0x08001550                MX_GPIO_Init
 .text.MX_I2C1_Init
                0x08001644       0x3c CMakeFiles/balance_car_v2.elf.dir/Core/Src/i2c.c.obj
                0x08001644                MX_I2C1_Init
 .text.HAL_I2C_MspInit
                0x08001680       0x78 CMakeFiles/balance_car_v2.elf.dir/Core/Src/i2c.c.obj
                0x08001680                HAL_I2C_MspInit
 .text.set_speed
                0x080016f8       0x20 CMakeFiles/balance_car_v2.elf.dir/Core/Src/main.c.obj
                0x080016f8                set_speed
 .text.set_rotate
                0x08001718       0x20 CMakeFiles/balance_car_v2.elf.dir/Core/Src/main.c.obj
                0x08001718                set_rotate
 .text.set_tb6612
                0x08001738       0x40 CMakeFiles/balance_car_v2.elf.dir/Core/Src/main.c.obj
                0x08001738                set_tb6612
 .text.set_pid  0x08001778       0xcc CMakeFiles/balance_car_v2.elf.dir/Core/Src/main.c.obj
                0x08001778                set_pid
 .text.Error_Handler
                0x08001844        0x4 CMakeFiles/balance_car_v2.elf.dir/Core/Src/main.c.obj
                0x08001844                Error_Handler
 .text.SystemClock_Config
                0x08001848       0x64 CMakeFiles/balance_car_v2.elf.dir/Core/Src/main.c.obj
                0x08001848                SystemClock_Config
 .text.main     0x080018ac      0x174 CMakeFiles/balance_car_v2.elf.dir/Core/Src/main.c.obj
                0x080018ac                main
 .text.MPU6050_Init
                0x08001a20       0xa0 CMakeFiles/balance_car_v2.elf.dir/Core/Src/mpu6050.c.obj
                0x08001a20                MPU6050_Init
 .text.Kalman_getAngle
                0x08001ac0      0x1f2 CMakeFiles/balance_car_v2.elf.dir/Core/Src/mpu6050.c.obj
                0x08001ac0                Kalman_getAngle
 *fill*         0x08001cb2        0x6 
 .text.MPU6050_Read_All
                0x08001cb8      0x29c CMakeFiles/balance_car_v2.elf.dir/Core/Src/mpu6050.c.obj
                0x08001cb8                MPU6050_Read_All
 .text.pid_get_u
                0x08001f54       0xe0 CMakeFiles/balance_car_v2.elf.dir/Core/Src/pid.c.obj
                0x08001f54                pid_get_u
 .text.RetargetInit
                0x08002034       0x20 CMakeFiles/balance_car_v2.elf.dir/Core/Src/retarget.c.obj
                0x08002034                RetargetInit
 .text._isatty  0x08002054       0x16 CMakeFiles/balance_car_v2.elf.dir/Core/Src/retarget.c.obj
                0x08002054                _isatty
 *fill*         0x0800206a        0x2 
 .text._write   0x0800206c       0x34 CMakeFiles/balance_car_v2.elf.dir/Core/Src/retarget.c.obj
                0x0800206c                _write
 .text._close   0x080020a0       0x18 CMakeFiles/balance_car_v2.elf.dir/Core/Src/retarget.c.obj
                0x080020a0                _close
 .text._lseek   0x080020b8       0x10 CMakeFiles/balance_car_v2.elf.dir/Core/Src/retarget.c.obj
                0x080020b8                _lseek
 .text._read    0x080020c8       0x30 CMakeFiles/balance_car_v2.elf.dir/Core/Src/retarget.c.obj
                0x080020c8                _read
 .text._fstat   0x080020f8       0x1a CMakeFiles/balance_car_v2.elf.dir/Core/Src/retarget.c.obj
                0x080020f8                _fstat
 *fill*         0x08002112        0x2 
 .text.HAL_MspInit
                0x08002114       0x44 CMakeFiles/balance_car_v2.elf.dir/Core/Src/stm32f1xx_hal_msp.c.obj
                0x08002114                HAL_MspInit
 .text.NMI_Handler
                0x08002158        0x2 CMakeFiles/balance_car_v2.elf.dir/Core/Src/stm32f1xx_it.c.obj
                0x08002158                NMI_Handler
 .text.HardFault_Handler
                0x0800215a        0x2 CMakeFiles/balance_car_v2.elf.dir/Core/Src/stm32f1xx_it.c.obj
                0x0800215a                HardFault_Handler
 .text.MemManage_Handler
                0x0800215c        0x2 CMakeFiles/balance_car_v2.elf.dir/Core/Src/stm32f1xx_it.c.obj
                0x0800215c                MemManage_Handler
 .text.BusFault_Handler
                0x0800215e        0x2 CMakeFiles/balance_car_v2.elf.dir/Core/Src/stm32f1xx_it.c.obj
                0x0800215e                BusFault_Handler
 .text.UsageFault_Handler
                0x08002160        0x2 CMakeFiles/balance_car_v2.elf.dir/Core/Src/stm32f1xx_it.c.obj
                0x08002160                UsageFault_Handler
 .text.SVC_Handler
                0x08002162        0x2 CMakeFiles/balance_car_v2.elf.dir/Core/Src/stm32f1xx_it.c.obj
                0x08002162                SVC_Handler
 .text.DebugMon_Handler
                0x08002164        0x2 CMakeFiles/balance_car_v2.elf.dir/Core/Src/stm32f1xx_it.c.obj
                0x08002164                DebugMon_Handler
 .text.PendSV_Handler
                0x08002166        0x2 CMakeFiles/balance_car_v2.elf.dir/Core/Src/stm32f1xx_it.c.obj
                0x08002166                PendSV_Handler
 .text.SysTick_Handler
                0x08002168        0x8 CMakeFiles/balance_car_v2.elf.dir/Core/Src/stm32f1xx_it.c.obj
                0x08002168                SysTick_Handler
 .text.TIM2_IRQHandler
                0x08002170       0x10 CMakeFiles/balance_car_v2.elf.dir/Core/Src/stm32f1xx_it.c.obj
                0x08002170                TIM2_IRQHandler
 .text.TIM3_IRQHandler
                0x08002180       0x10 CMakeFiles/balance_car_v2.elf.dir/Core/Src/stm32f1xx_it.c.obj
                0x08002180                TIM3_IRQHandler
 .text.TIM4_IRQHandler
                0x08002190       0x10 CMakeFiles/balance_car_v2.elf.dir/Core/Src/stm32f1xx_it.c.obj
                0x08002190                TIM4_IRQHandler
 .text.USART3_IRQHandler
                0x080021a0       0x10 CMakeFiles/balance_car_v2.elf.dir/Core/Src/stm32f1xx_it.c.obj
                0x080021a0                USART3_IRQHandler
 .text.EXTI15_10_IRQHandler
                0x080021b0        0xc CMakeFiles/balance_car_v2.elf.dir/Core/Src/stm32f1xx_it.c.obj
                0x080021b0                EXTI15_10_IRQHandler
 .text._getpid  0x080021bc        0x4 CMakeFiles/balance_car_v2.elf.dir/Core/Src/syscalls.c.obj
                0x080021bc                _getpid
 .text._kill    0x080021c0       0x10 CMakeFiles/balance_car_v2.elf.dir/Core/Src/syscalls.c.obj
                0x080021c0                _kill
 .text._exit    0x080021d0        0xc CMakeFiles/balance_car_v2.elf.dir/Core/Src/syscalls.c.obj
                0x080021d0                _exit
 .text._sbrk    0x080021dc       0x3c CMakeFiles/balance_car_v2.elf.dir/Core/Src/syscalls.c.obj
                0x080021dc                _sbrk
 .text.SystemInit
                0x08002218        0x2 CMakeFiles/balance_car_v2.elf.dir/Core/Src/system_stm32f1xx.c.obj
                0x08002218                SystemInit
 .text.tb6612_init
                0x0800221a       0x16 CMakeFiles/balance_car_v2.elf.dir/Core/Src/tb6612.c.obj
                0x0800221a                tb6612_init
 .text.tb6612_set_value
                0x08002230       0x7e CMakeFiles/balance_car_v2.elf.dir/Core/Src/tb6612.c.obj
                0x08002230                tb6612_set_value
 *fill*         0x080022ae        0x2 
 .text.test_freq_begin
                0x080022b0       0x24 CMakeFiles/balance_car_v2.elf.dir/Core/Src/test_freq.c.obj
                0x080022b0                test_freq_begin
 .text.test_freq_end
                0x080022d4       0x20 CMakeFiles/balance_car_v2.elf.dir/Core/Src/test_freq.c.obj
                0x080022d4                test_freq_end
 .text.MX_TIM2_Init
                0x080022f4       0x60 CMakeFiles/balance_car_v2.elf.dir/Core/Src/tim.c.obj
                0x080022f4                MX_TIM2_Init
 .text.MX_TIM3_Init
                0x08002354       0x70 CMakeFiles/balance_car_v2.elf.dir/Core/Src/tim.c.obj
                0x08002354                MX_TIM3_Init
 .text.MX_TIM4_Init
                0x080023c4       0x64 CMakeFiles/balance_car_v2.elf.dir/Core/Src/tim.c.obj
                0x080023c4                MX_TIM4_Init
 .text.HAL_TIM_Base_MspInit
                0x08002428       0x60 CMakeFiles/balance_car_v2.elf.dir/Core/Src/tim.c.obj
                0x08002428                HAL_TIM_Base_MspInit
 .text.HAL_TIM_Encoder_MspInit
                0x08002488       0xbc CMakeFiles/balance_car_v2.elf.dir/Core/Src/tim.c.obj
                0x08002488                HAL_TIM_Encoder_MspInit
 .text.HAL_TIM_MspPostInit
                0x08002544       0x50 CMakeFiles/balance_car_v2.elf.dir/Core/Src/tim.c.obj
                0x08002544                HAL_TIM_MspPostInit
 .text.MX_TIM1_Init
                0x08002594       0xfc CMakeFiles/balance_car_v2.elf.dir/Core/Src/tim.c.obj
                0x08002594                MX_TIM1_Init
 .text.uart_parser_init
                0x08002690       0x24 CMakeFiles/balance_car_v2.elf.dir/Core/Src/uart_parser.c.obj
                0x08002690                uart_parser_init
 .text.HAL_UART_RxCpltCallback
                0x080026b4       0xc4 CMakeFiles/balance_car_v2.elf.dir/Core/Src/uart_parser.c.obj
                0x080026b4                HAL_UART_RxCpltCallback
 .text.uart_parser_add_command
                0x08002778       0x30 CMakeFiles/balance_car_v2.elf.dir/Core/Src/uart_parser.c.obj
                0x08002778                uart_parser_add_command
 .text.uart_parser_scalar
                0x080027a8       0x1a CMakeFiles/balance_car_v2.elf.dir/Core/Src/uart_parser.c.obj
                0x080027a8                uart_parser_scalar
 *fill*         0x080027c2        0x2 
 .text.MX_USART3_UART_Init
                0x080027c4       0x34 CMakeFiles/balance_car_v2.elf.dir/Core/Src/usart.c.obj
                0x080027c4                MX_USART3_UART_Init
 .text.HAL_UART_MspInit
                0x080027f8       0x88 CMakeFiles/balance_car_v2.elf.dir/Core/Src/usart.c.obj
                0x080027f8                HAL_UART_MspInit
 .text.HAL_InitTick
                0x08002880       0x4c CMakeFiles/balance_car_v2.elf.dir/Drivers/STM32F1xx_HAL_Driver/Src/stm32f1xx_hal.c.obj
                0x08002880                HAL_InitTick
 .text.HAL_Init
                0x080028cc       0x24 CMakeFiles/balance_car_v2.elf.dir/Drivers/STM32F1xx_HAL_Driver/Src/stm32f1xx_hal.c.obj
                0x080028cc                HAL_Init
 .text.HAL_IncTick
                0x080028f0       0x18 CMakeFiles/balance_car_v2.elf.dir/Drivers/STM32F1xx_HAL_Driver/Src/stm32f1xx_hal.c.obj
                0x080028f0                HAL_IncTick
 .text.HAL_GetTick
                0x08002908        0xc CMakeFiles/balance_car_v2.elf.dir/Drivers/STM32F1xx_HAL_Driver/Src/stm32f1xx_hal.c.obj
                0x08002908                HAL_GetTick
 .text.HAL_GetTickFreq
                0x08002914        0xc CMakeFiles/balance_car_v2.elf.dir/Drivers/STM32F1xx_HAL_Driver/Src/stm32f1xx_hal.c.obj
                0x08002914                HAL_GetTickFreq
 .text.HAL_Delay
                0x08002920       0x28 CMakeFiles/balance_car_v2.elf.dir/Drivers/STM32F1xx_HAL_Driver/Src/stm32f1xx_hal.c.obj
                0x08002920                HAL_Delay
 .text.HAL_NVIC_SetPriorityGrouping
                0x08002948       0x24 CMakeFiles/balance_car_v2.elf.dir/Drivers/STM32F1xx_HAL_Driver/Src/stm32f1xx_hal_cortex.c.obj
                0x08002948                HAL_NVIC_SetPriorityGrouping
 .text.HAL_NVIC_SetPriority
                0x0800296c       0x70 CMakeFiles/balance_car_v2.elf.dir/Drivers/STM32F1xx_HAL_Driver/Src/stm32f1xx_hal_cortex.c.obj
                0x0800296c                HAL_NVIC_SetPriority
 .text.HAL_NVIC_EnableIRQ
                0x080029dc       0x1c CMakeFiles/balance_car_v2.elf.dir/Drivers/STM32F1xx_HAL_Driver/Src/stm32f1xx_hal_cortex.c.obj
                0x080029dc                HAL_NVIC_EnableIRQ
 .text.HAL_SYSTICK_Config
                0x080029f8       0x28 CMakeFiles/balance_car_v2.elf.dir/Drivers/STM32F1xx_HAL_Driver/Src/stm32f1xx_hal_cortex.c.obj
                0x080029f8                HAL_SYSTICK_Config
 .text.HAL_DMA_Abort
                0x08002a20       0x44 CMakeFiles/balance_car_v2.elf.dir/Drivers/STM32F1xx_HAL_Driver/Src/stm32f1xx_hal_dma.c.obj
                0x08002a20                HAL_DMA_Abort
 .text.HAL_DMA_Abort_IT
                0x08002a64       0x98 CMakeFiles/balance_car_v2.elf.dir/Drivers/STM32F1xx_HAL_Driver/Src/stm32f1xx_hal_dma.c.obj
                0x08002a64                HAL_DMA_Abort_IT
 .text.HAL_GPIO_Init
                0x08002afc      0x224 CMakeFiles/balance_car_v2.elf.dir/Drivers/STM32F1xx_HAL_Driver/Src/stm32f1xx_hal_gpio.c.obj
                0x08002afc                HAL_GPIO_Init
 .text.HAL_GPIO_WritePin
                0x08002d20        0xc CMakeFiles/balance_car_v2.elf.dir/Drivers/STM32F1xx_HAL_Driver/Src/stm32f1xx_hal_gpio.c.obj
                0x08002d20                HAL_GPIO_WritePin
 .text.HAL_GPIO_EXTI_Callback
                0x08002d2c        0x2 CMakeFiles/balance_car_v2.elf.dir/Drivers/STM32F1xx_HAL_Driver/Src/stm32f1xx_hal_gpio.c.obj
                0x08002d2c                HAL_GPIO_EXTI_Callback
 *fill*         0x08002d2e        0x2 
 .text.HAL_GPIO_EXTI_IRQHandler
                0x08002d30       0x1c CMakeFiles/balance_car_v2.elf.dir/Drivers/STM32F1xx_HAL_Driver/Src/stm32f1xx_hal_gpio.c.obj
                0x08002d30                HAL_GPIO_EXTI_IRQHandler
 .text.I2C_IsAcknowledgeFailed
                0x08002d4c       0x32 CMakeFiles/balance_car_v2.elf.dir/Drivers/STM32F1xx_HAL_Driver/Src/stm32f1xx_hal_i2c.c.obj
 .text.I2C_WaitOnFlagUntilTimeout
                0x08002d7e       0x7c CMakeFiles/balance_car_v2.elf.dir/Drivers/STM32F1xx_HAL_Driver/Src/stm32f1xx_hal_i2c.c.obj
 .text.I2C_WaitOnMasterAddressFlagUntilTimeout
                0x08002dfa       0xaa CMakeFiles/balance_car_v2.elf.dir/Drivers/STM32F1xx_HAL_Driver/Src/stm32f1xx_hal_i2c.c.obj
 .text.I2C_WaitOnTXEFlagUntilTimeout
                0x08002ea4       0x54 CMakeFiles/balance_car_v2.elf.dir/Drivers/STM32F1xx_HAL_Driver/Src/stm32f1xx_hal_i2c.c.obj
 .text.I2C_RequestMemoryWrite
                0x08002ef8       0xd8 CMakeFiles/balance_car_v2.elf.dir/Drivers/STM32F1xx_HAL_Driver/Src/stm32f1xx_hal_i2c.c.obj
 .text.I2C_RequestMemoryRead
                0x08002fd0      0x154 CMakeFiles/balance_car_v2.elf.dir/Drivers/STM32F1xx_HAL_Driver/Src/stm32f1xx_hal_i2c.c.obj
 .text.I2C_WaitOnBTFFlagUntilTimeout
                0x08003124       0x54 CMakeFiles/balance_car_v2.elf.dir/Drivers/STM32F1xx_HAL_Driver/Src/stm32f1xx_hal_i2c.c.obj
 .text.I2C_WaitOnRXNEFlagUntilTimeout
                0x08003178       0x6a CMakeFiles/balance_car_v2.elf.dir/Drivers/STM32F1xx_HAL_Driver/Src/stm32f1xx_hal_i2c.c.obj
 *fill*         0x080031e2        0x2 
 .text.HAL_I2C_Init
                0x080031e4      0x1bc CMakeFiles/balance_car_v2.elf.dir/Drivers/STM32F1xx_HAL_Driver/Src/stm32f1xx_hal_i2c.c.obj
                0x080031e4                HAL_I2C_Init
 .text.HAL_I2C_Mem_Write
                0x080033a0      0x164 CMakeFiles/balance_car_v2.elf.dir/Drivers/STM32F1xx_HAL_Driver/Src/stm32f1xx_hal_i2c.c.obj
                0x080033a0                HAL_I2C_Mem_Write
 .text.HAL_I2C_Mem_Read
                0x08003504      0x348 CMakeFiles/balance_car_v2.elf.dir/Drivers/STM32F1xx_HAL_Driver/Src/stm32f1xx_hal_i2c.c.obj
                0x08003504                HAL_I2C_Mem_Read
 .text.RCC_Delay
                0x0800384c       0x2c CMakeFiles/balance_car_v2.elf.dir/Drivers/STM32F1xx_HAL_Driver/Src/stm32f1xx_hal_rcc.c.obj
 .text.HAL_RCC_OscConfig
                0x08003878      0x410 CMakeFiles/balance_car_v2.elf.dir/Drivers/STM32F1xx_HAL_Driver/Src/stm32f1xx_hal_rcc.c.obj
                0x08003878                HAL_RCC_OscConfig
 .text.HAL_RCC_GetSysClockFreq
                0x08003c88       0x70 CMakeFiles/balance_car_v2.elf.dir/Drivers/STM32F1xx_HAL_Driver/Src/stm32f1xx_hal_rcc.c.obj
                0x08003c88                HAL_RCC_GetSysClockFreq
 .text.HAL_RCC_ClockConfig
                0x08003cf8      0x16c CMakeFiles/balance_car_v2.elf.dir/Drivers/STM32F1xx_HAL_Driver/Src/stm32f1xx_hal_rcc.c.obj
                0x08003cf8                HAL_RCC_ClockConfig
 .text.HAL_RCC_GetHCLKFreq
                0x08003e64        0xc CMakeFiles/balance_car_v2.elf.dir/Drivers/STM32F1xx_HAL_Driver/Src/stm32f1xx_hal_rcc.c.obj
                0x08003e64                HAL_RCC_GetHCLKFreq
 .text.HAL_RCC_GetPCLK1Freq
                0x08003e70       0x20 CMakeFiles/balance_car_v2.elf.dir/Drivers/STM32F1xx_HAL_Driver/Src/stm32f1xx_hal_rcc.c.obj
                0x08003e70                HAL_RCC_GetPCLK1Freq
 .text.HAL_RCC_GetPCLK2Freq
                0x08003e90       0x20 CMakeFiles/balance_car_v2.elf.dir/Drivers/STM32F1xx_HAL_Driver/Src/stm32f1xx_hal_rcc.c.obj
                0x08003e90                HAL_RCC_GetPCLK2Freq
 .text.TIM_OC1_SetConfig
                0x08003eb0       0x5c CMakeFiles/balance_car_v2.elf.dir/Drivers/STM32F1xx_HAL_Driver/Src/stm32f1xx_hal_tim.c.obj
 .text.TIM_OC3_SetConfig
                0x08003f0c       0x64 CMakeFiles/balance_car_v2.elf.dir/Drivers/STM32F1xx_HAL_Driver/Src/stm32f1xx_hal_tim.c.obj
 .text.TIM_OC4_SetConfig
                0x08003f70       0x48 CMakeFiles/balance_car_v2.elf.dir/Drivers/STM32F1xx_HAL_Driver/Src/stm32f1xx_hal_tim.c.obj
 .text.TIM_TI1_ConfigInputStage
                0x08003fb8       0x24 CMakeFiles/balance_car_v2.elf.dir/Drivers/STM32F1xx_HAL_Driver/Src/stm32f1xx_hal_tim.c.obj
 .text.TIM_TI2_ConfigInputStage
                0x08003fdc       0x26 CMakeFiles/balance_car_v2.elf.dir/Drivers/STM32F1xx_HAL_Driver/Src/stm32f1xx_hal_tim.c.obj
 .text.TIM_ITRx_SetConfig
                0x08004002       0x10 CMakeFiles/balance_car_v2.elf.dir/Drivers/STM32F1xx_HAL_Driver/Src/stm32f1xx_hal_tim.c.obj
 *fill*         0x08004012        0x2 
 .text.HAL_TIM_Base_Start_IT
                0x08004014       0x68 CMakeFiles/balance_car_v2.elf.dir/Drivers/STM32F1xx_HAL_Driver/Src/stm32f1xx_hal_tim.c.obj
                0x08004014                HAL_TIM_Base_Start_IT
 .text.HAL_TIM_PWM_MspInit
                0x0800407c        0x2 CMakeFiles/balance_car_v2.elf.dir/Drivers/STM32F1xx_HAL_Driver/Src/stm32f1xx_hal_tim.c.obj
                0x0800407c                HAL_TIM_PWM_MspInit
 .text.HAL_TIM_OC_DelayElapsedCallback
                0x0800407e        0x2 CMakeFiles/balance_car_v2.elf.dir/Drivers/STM32F1xx_HAL_Driver/Src/stm32f1xx_hal_tim.c.obj
                0x0800407e                HAL_TIM_OC_DelayElapsedCallback
 .text.HAL_TIM_IC_CaptureCallback
                0x08004080        0x2 CMakeFiles/balance_car_v2.elf.dir/Drivers/STM32F1xx_HAL_Driver/Src/stm32f1xx_hal_tim.c.obj
                0x08004080                HAL_TIM_IC_CaptureCallback
 .text.HAL_TIM_PWM_PulseFinishedCallback
                0x08004082        0x2 CMakeFiles/balance_car_v2.elf.dir/Drivers/STM32F1xx_HAL_Driver/Src/stm32f1xx_hal_tim.c.obj
                0x08004082                HAL_TIM_PWM_PulseFinishedCallback
 .text.HAL_TIM_TriggerCallback
                0x08004084        0x2 CMakeFiles/balance_car_v2.elf.dir/Drivers/STM32F1xx_HAL_Driver/Src/stm32f1xx_hal_tim.c.obj
                0x08004084                HAL_TIM_TriggerCallback
 .text.HAL_TIM_IRQHandler
                0x08004086      0x17a CMakeFiles/balance_car_v2.elf.dir/Drivers/STM32F1xx_HAL_Driver/Src/stm32f1xx_hal_tim.c.obj
                0x08004086                HAL_TIM_IRQHandler
 .text.TIM_Base_SetConfig
                0x08004200       0x74 CMakeFiles/balance_car_v2.elf.dir/Drivers/STM32F1xx_HAL_Driver/Src/stm32f1xx_hal_tim.c.obj
                0x08004200                TIM_Base_SetConfig
 .text.HAL_TIM_Base_Init
                0x08004274       0x58 CMakeFiles/balance_car_v2.elf.dir/Drivers/STM32F1xx_HAL_Driver/Src/stm32f1xx_hal_tim.c.obj
                0x08004274                HAL_TIM_Base_Init
 .text.HAL_TIM_PWM_Init
                0x080042cc       0x58 CMakeFiles/balance_car_v2.elf.dir/Drivers/STM32F1xx_HAL_Driver/Src/stm32f1xx_hal_tim.c.obj
                0x080042cc                HAL_TIM_PWM_Init
 .text.HAL_TIM_Encoder_Init
                0x08004324       0xb8 CMakeFiles/balance_car_v2.elf.dir/Drivers/STM32F1xx_HAL_Driver/Src/stm32f1xx_hal_tim.c.obj
                0x08004324                HAL_TIM_Encoder_Init
 .text.TIM_OC2_SetConfig
                0x080043dc       0x64 CMakeFiles/balance_car_v2.elf.dir/Drivers/STM32F1xx_HAL_Driver/Src/stm32f1xx_hal_tim.c.obj
                0x080043dc                TIM_OC2_SetConfig
 .text.HAL_TIM_PWM_ConfigChannel
                0x08004440       0xd0 CMakeFiles/balance_car_v2.elf.dir/Drivers/STM32F1xx_HAL_Driver/Src/stm32f1xx_hal_tim.c.obj
                0x08004440                HAL_TIM_PWM_ConfigChannel
 .text.TIM_ETR_SetConfig
                0x08004510       0x18 CMakeFiles/balance_car_v2.elf.dir/Drivers/STM32F1xx_HAL_Driver/Src/stm32f1xx_hal_tim.c.obj
                0x08004510                TIM_ETR_SetConfig
 .text.HAL_TIM_ConfigClockSource
                0x08004528       0xda CMakeFiles/balance_car_v2.elf.dir/Drivers/STM32F1xx_HAL_Driver/Src/stm32f1xx_hal_tim.c.obj
                0x08004528                HAL_TIM_ConfigClockSource
 .text.TIM_CCxChannelCmd
                0x08004602       0x1e CMakeFiles/balance_car_v2.elf.dir/Drivers/STM32F1xx_HAL_Driver/Src/stm32f1xx_hal_tim.c.obj
                0x08004602                TIM_CCxChannelCmd
 .text.HAL_TIM_PWM_Start
                0x08004620       0xdc CMakeFiles/balance_car_v2.elf.dir/Drivers/STM32F1xx_HAL_Driver/Src/stm32f1xx_hal_tim.c.obj
                0x08004620                HAL_TIM_PWM_Start
 .text.HAL_TIM_Encoder_Start
                0x080046fc       0xcc CMakeFiles/balance_car_v2.elf.dir/Drivers/STM32F1xx_HAL_Driver/Src/stm32f1xx_hal_tim.c.obj
                0x080046fc                HAL_TIM_Encoder_Start
 .text.HAL_TIMEx_MasterConfigSynchronization
                0x080047c8       0x6c CMakeFiles/balance_car_v2.elf.dir/Drivers/STM32F1xx_HAL_Driver/Src/stm32f1xx_hal_tim_ex.c.obj
                0x080047c8                HAL_TIMEx_MasterConfigSynchronization
 .text.HAL_TIMEx_ConfigBreakDeadTime
                0x08004834       0x52 CMakeFiles/balance_car_v2.elf.dir/Drivers/STM32F1xx_HAL_Driver/Src/stm32f1xx_hal_tim_ex.c.obj
                0x08004834                HAL_TIMEx_ConfigBreakDeadTime
 .text.HAL_TIMEx_CommutCallback
                0x08004886        0x2 CMakeFiles/balance_car_v2.elf.dir/Drivers/STM32F1xx_HAL_Driver/Src/stm32f1xx_hal_tim_ex.c.obj
                0x08004886                HAL_TIMEx_CommutCallback
 .text.HAL_TIMEx_BreakCallback
                0x08004888        0x2 CMakeFiles/balance_car_v2.elf.dir/Drivers/STM32F1xx_HAL_Driver/Src/stm32f1xx_hal_tim_ex.c.obj
                0x08004888                HAL_TIMEx_BreakCallback
 .text.UART_EndRxTransfer
                0x0800488a       0x32 CMakeFiles/balance_car_v2.elf.dir/Drivers/STM32F1xx_HAL_Driver/Src/stm32f1xx_hal_uart.c.obj
 .text.UART_Transmit_IT
                0x080048bc       0x60 CMakeFiles/balance_car_v2.elf.dir/Drivers/STM32F1xx_HAL_Driver/Src/stm32f1xx_hal_uart.c.obj
 .text.UART_SetConfig
                0x0800491c       0x94 CMakeFiles/balance_car_v2.elf.dir/Drivers/STM32F1xx_HAL_Driver/Src/stm32f1xx_hal_uart.c.obj
 .text.UART_WaitOnFlagUntilTimeout
                0x080049b0       0x6c CMakeFiles/balance_car_v2.elf.dir/Drivers/STM32F1xx_HAL_Driver/Src/stm32f1xx_hal_uart.c.obj
 .text.HAL_UART_Init
                0x08004a1c       0x5e CMakeFiles/balance_car_v2.elf.dir/Drivers/STM32F1xx_HAL_Driver/Src/stm32f1xx_hal_uart.c.obj
                0x08004a1c                HAL_UART_Init
 .text.HAL_UART_Transmit
                0x08004a7a       0xd8 CMakeFiles/balance_car_v2.elf.dir/Drivers/STM32F1xx_HAL_Driver/Src/stm32f1xx_hal_uart.c.obj
                0x08004a7a                HAL_UART_Transmit
 .text.HAL_UART_Receive
                0x08004b52       0xe4 CMakeFiles/balance_car_v2.elf.dir/Drivers/STM32F1xx_HAL_Driver/Src/stm32f1xx_hal_uart.c.obj
                0x08004b52                HAL_UART_Receive
 .text.HAL_UART_TxCpltCallback
                0x08004c36        0x2 CMakeFiles/balance_car_v2.elf.dir/Drivers/STM32F1xx_HAL_Driver/Src/stm32f1xx_hal_uart.c.obj
                0x08004c36                HAL_UART_TxCpltCallback
 .text.UART_EndTransmit_IT
                0x08004c38       0x1a CMakeFiles/balance_car_v2.elf.dir/Drivers/STM32F1xx_HAL_Driver/Src/stm32f1xx_hal_uart.c.obj
 .text.HAL_UART_ErrorCallback
                0x08004c52        0x2 CMakeFiles/balance_car_v2.elf.dir/Drivers/STM32F1xx_HAL_Driver/Src/stm32f1xx_hal_uart.c.obj
                0x08004c52                HAL_UART_ErrorCallback
 .text.UART_DMAAbortOnError
                0x08004c54       0x10 CMakeFiles/balance_car_v2.elf.dir/Drivers/STM32F1xx_HAL_Driver/Src/stm32f1xx_hal_uart.c.obj
 .text.HAL_UARTEx_RxEventCallback
                0x08004c64        0x2 CMakeFiles/balance_car_v2.elf.dir/Drivers/STM32F1xx_HAL_Driver/Src/stm32f1xx_hal_uart.c.obj
                0x08004c64                HAL_UARTEx_RxEventCallback
 .text.UART_Receive_IT
                0x08004c66       0xd4 CMakeFiles/balance_car_v2.elf.dir/Drivers/STM32F1xx_HAL_Driver/Src/stm32f1xx_hal_uart.c.obj
 *fill*         0x08004d3a        0x2 
 .text.HAL_UART_IRQHandler
                0x08004d3c      0x204 CMakeFiles/balance_car_v2.elf.dir/Drivers/STM32F1xx_HAL_Driver/Src/stm32f1xx_hal_uart.c.obj
                0x08004d3c                HAL_UART_IRQHandler
 .text.UART_Start_Receive_IT
                0x08004f40       0x36 CMakeFiles/balance_car_v2.elf.dir/Drivers/STM32F1xx_HAL_Driver/Src/stm32f1xx_hal_uart.c.obj
                0x08004f40                UART_Start_Receive_IT
 .text.HAL_UART_Receive_IT
                0x08004f76       0x38 CMakeFiles/balance_car_v2.elf.dir/Drivers/STM32F1xx_HAL_Driver/Src/stm32f1xx_hal_uart.c.obj
                0x08004f76                HAL_UART_Receive_IT
 *fill*         0x08004fae        0x2 
 .text.Reset_Handler
                0x08004fb0       0x48 CMakeFiles/balance_car_v2.elf.dir/startup/startup_stm32f103xb.s.obj
                0x08004fb0                Reset_Handler
 .text.Default_Handler
                0x08004ff8        0x2 CMakeFiles/balance_car_v2.elf.dir/startup/startup_stm32f103xb.s.obj
                0x08004ff8                RTC_Alarm_IRQHandler
                0x08004ff8                EXTI2_IRQHandler
                0x08004ff8                TIM1_CC_IRQHandler
                0x08004ff8                PVD_IRQHandler
                0x08004ff8                EXTI3_IRQHandler
                0x08004ff8                EXTI0_IRQHandler
                0x08004ff8                I2C2_EV_IRQHandler
                0x08004ff8                ADC1_2_IRQHandler
                0x08004ff8                SPI1_IRQHandler
                0x08004ff8                TAMPER_IRQHandler
                0x08004ff8                DMA1_Channel4_IRQHandler
                0x08004ff8                RTC_IRQHandler
                0x08004ff8                DMA1_Channel7_IRQHandler
                0x08004ff8                CAN1_RX1_IRQHandler
                0x08004ff8                I2C1_EV_IRQHandler
                0x08004ff8                DMA1_Channel6_IRQHandler
                0x08004ff8                RCC_IRQHandler
                0x08004ff8                TIM1_TRG_COM_IRQHandler
                0x08004ff8                DMA1_Channel1_IRQHandler
                0x08004ff8                Default_Handler
                0x08004ff8                EXTI9_5_IRQHandler
                0x08004ff8                SPI2_IRQHandler
                0x08004ff8                DMA1_Channel5_IRQHandler
                0x08004ff8                EXTI4_IRQHandler
                0x08004ff8                USB_LP_CAN1_RX0_IRQHandler
                0x08004ff8                USB_HP_CAN1_TX_IRQHandler
                0x08004ff8                DMA1_Channel3_IRQHandler
                0x08004ff8                TIM1_UP_IRQHandler
                0x08004ff8                WWDG_IRQHandler
                0x08004ff8                TIM1_BRK_IRQHandler
                0x08004ff8                EXTI1_IRQHandler
                0x08004ff8                USART2_IRQHandler
                0x08004ff8                I2C2_ER_IRQHandler
                0x08004ff8                DMA1_Channel2_IRQHandler
                0x08004ff8                CAN1_SCE_IRQHandler
                0x08004ff8                FLASH_IRQHandler
                0x08004ff8                USART1_IRQHandler
                0x08004ff8                I2C1_ER_IRQHandler
                0x08004ff8                USBWakeUp_IRQHandler
 *fill*         0x08004ffa        0x2 
 .text.atof     0x08004ffc        0x8 c:/tools/gcc-arm-none-eabi-10.3-2021.07/bin/../lib/gcc/arm-none-eabi/10.3.1/../../../../arm-none-eabi/lib/thumb/v7-m/nofp\libg.a(lib_a-atof.o)
                0x08004ffc                atof
 .text.__errno  0x08005004        0xc c:/tools/gcc-arm-none-eabi-10.3-2021.07/bin/../lib/gcc/arm-none-eabi/10.3.1/../../../../arm-none-eabi/lib/thumb/v7-m/nofp\libg.a(lib_a-errno.o)
                0x08005004                __errno
 .text.__libc_init_array
                0x08005010       0x48 c:/tools/gcc-arm-none-eabi-10.3-2021.07/bin/../lib/gcc/arm-none-eabi/10.3.1/../../../../arm-none-eabi/lib/thumb/v7-m/nofp\libg.a(lib_a-init.o)
                0x08005010                __libc_init_array
 .text.memset   0x08005058       0xa4 c:/tools/gcc-arm-none-eabi-10.3-2021.07/bin/../lib/gcc/arm-none-eabi/10.3.1/../../../../arm-none-eabi/lib/thumb/v7-m/nofp\libg.a(lib_a-memset.o)
                0x08005058                memset
 .text.printf   0x080050fc       0x28 c:/tools/gcc-arm-none-eabi-10.3-2021.07/bin/../lib/gcc/arm-none-eabi/10.3.1/../../../../arm-none-eabi/lib/thumb/v7-m/nofp\libg.a(lib_a-printf.o)
                0x080050fc                printf
 .text.setvbuf  0x08005124      0x1b0 c:/tools/gcc-arm-none-eabi-10.3-2021.07/bin/../lib/gcc/arm-none-eabi/10.3.1/../../../../arm-none-eabi/lib/thumb/v7-m/nofp\libg.a(lib_a-setvbuf.o)
                0x08005124                setvbuf
 .text.strcat   0x080052d4       0x40 c:/tools/gcc-arm-none-eabi-10.3-2021.07/bin/../lib/gcc/arm-none-eabi/10.3.1/../../../../arm-none-eabi/lib/thumb/v7-m/nofp\libg.a(lib_a-strcat.o)
                0x080052d4                strcat
 .text.strcpy   0x08005314       0xbc c:/tools/gcc-arm-none-eabi-10.3-2021.07/bin/../lib/gcc/arm-none-eabi/10.3.1/../../../../arm-none-eabi/lib/thumb/v7-m/nofp\libg.a(lib_a-strcpy.o)
                0x08005314                strcpy
 .text.strlen   0x080053d0       0x5c c:/tools/gcc-arm-none-eabi-10.3-2021.07/bin/../lib/gcc/arm-none-eabi/10.3.1/../../../../arm-none-eabi/lib/thumb/v7-m/nofp\libg.a(lib_a-strlen-stub.o)
                0x080053d0                strlen
 *fill*         0x0800542c        0x4 
 .text._strtod_l
                0x08005430      0xf38 c:/tools/gcc-arm-none-eabi-10.3-2021.07/bin/../lib/gcc/arm-none-eabi/10.3.1/../../../../arm-none-eabi/lib/thumb/v7-m/nofp\libg.a(lib_a-strtod.o)
                0x08005430                _strtod_l
 .text.strtod   0x08006368       0x18 c:/tools/gcc-arm-none-eabi-10.3-2021.07/bin/../lib/gcc/arm-none-eabi/10.3.1/../../../../arm-none-eabi/lib/thumb/v7-m/nofp\libg.a(lib_a-strtod.o)
                0x08006368                strtod
 .text._vfprintf_r
                0x08006380     0x1b58 c:/tools/gcc-arm-none-eabi-10.3-2021.07/bin/../lib/gcc/arm-none-eabi/10.3.1/../../../../arm-none-eabi/lib/thumb/v7-m/nofp\libg.a(lib_a-vfprintf.o)
                0x08006380                _vfprintf_r
 .text.__sbprintf
                0x08007ed8       0x84 c:/tools/gcc-arm-none-eabi-10.3-2021.07/bin/../lib/gcc/arm-none-eabi/10.3.1/../../../../arm-none-eabi/lib/thumb/v7-m/nofp\libg.a(lib_a-vfprintf.o)
 .text.__swsetup_r
                0x08007f5c       0xd4 c:/tools/gcc-arm-none-eabi-10.3-2021.07/bin/../lib/gcc/arm-none-eabi/10.3.1/../../../../arm-none-eabi/lib/thumb/v7-m/nofp\libg.a(lib_a-wsetup.o)
                0x08007f5c                __swsetup_r
 .text.startup.register_fini
                0x08008030       0x14 c:/tools/gcc-arm-none-eabi-10.3-2021.07/bin/../lib/gcc/arm-none-eabi/10.3.1/../../../../arm-none-eabi/lib/thumb/v7-m/nofp\libg.a(lib_a-__call_atexit.o)
 .text.atexit   0x08008044        0xc c:/tools/gcc-arm-none-eabi-10.3-2021.07/bin/../lib/gcc/arm-none-eabi/10.3.1/../../../../arm-none-eabi/lib/thumb/v7-m/nofp\libg.a(lib_a-atexit.o)
                0x08008044                atexit
 .text.quorem   0x08008050      0x12c c:/tools/gcc-arm-none-eabi-10.3-2021.07/bin/../lib/gcc/arm-none-eabi/10.3.1/../../../../arm-none-eabi/lib/thumb/v7-m/nofp\libg.a(lib_a-dtoa.o)
 *fill*         0x0800817c        0x4 
 .text._dtoa_r  0x08008180      0xecc c:/tools/gcc-arm-none-eabi-10.3-2021.07/bin/../lib/gcc/arm-none-eabi/10.3.1/../../../../arm-none-eabi/lib/thumb/v7-m/nofp\libg.a(lib_a-dtoa.o)
                0x08008180                _dtoa_r
 .text.__sflush_r
                0x0800904c      0x124 c:/tools/gcc-arm-none-eabi-10.3-2021.07/bin/../lib/gcc/arm-none-eabi/10.3.1/../../../../arm-none-eabi/lib/thumb/v7-m/nofp\libg.a(lib_a-fflush.o)
                0x0800904c                __sflush_r
 .text._fflush_r
                0x08009170       0x5c c:/tools/gcc-arm-none-eabi-10.3-2021.07/bin/../lib/gcc/arm-none-eabi/10.3.1/../../../../arm-none-eabi/lib/thumb/v7-m/nofp\libg.a(lib_a-fflush.o)
                0x08009170                _fflush_r
 .text._cleanup_r
                0x080091cc        0xc c:/tools/gcc-arm-none-eabi-10.3-2021.07/bin/../lib/gcc/arm-none-eabi/10.3.1/../../../../arm-none-eabi/lib/thumb/v7-m/nofp\libg.a(lib_a-findfp.o)
                0x080091cc                _cleanup_r
 .text.__sinit  0x080091d8      0x10c c:/tools/gcc-arm-none-eabi-10.3-2021.07/bin/../lib/gcc/arm-none-eabi/10.3.1/../../../../arm-none-eabi/lib/thumb/v7-m/nofp\libg.a(lib_a-findfp.o)
                0x080091d8                __sinit
 .text.__sfp_lock_acquire
                0x080092e4        0xc c:/tools/gcc-arm-none-eabi-10.3-2021.07/bin/../lib/gcc/arm-none-eabi/10.3.1/../../../../arm-none-eabi/lib/thumb/v7-m/nofp\libg.a(lib_a-findfp.o)
                0x080092e4                __sfp_lock_acquire
 .text.__sfp_lock_release
                0x080092f0        0xc c:/tools/gcc-arm-none-eabi-10.3-2021.07/bin/../lib/gcc/arm-none-eabi/10.3.1/../../../../arm-none-eabi/lib/thumb/v7-m/nofp\libg.a(lib_a-findfp.o)
                0x080092f0                __sfp_lock_release
 .text.__libc_fini_array
                0x080092fc       0x2c c:/tools/gcc-arm-none-eabi-10.3-2021.07/bin/../lib/gcc/arm-none-eabi/10.3.1/../../../../arm-none-eabi/lib/thumb/v7-m/nofp\libg.a(lib_a-fini.o)
                0x080092fc                __libc_fini_array
 .text._malloc_trim_r
                0x08009328       0xa0 c:/tools/gcc-arm-none-eabi-10.3-2021.07/bin/../lib/gcc/arm-none-eabi/10.3.1/../../../../arm-none-eabi/lib/thumb/v7-m/nofp\libg.a(lib_a-freer.o)
                0x08009328                _malloc_trim_r
 .text._free_r  0x080093c8      0x200 c:/tools/gcc-arm-none-eabi-10.3-2021.07/bin/../lib/gcc/arm-none-eabi/10.3.1/../../../../arm-none-eabi/lib/thumb/v7-m/nofp\libg.a(lib_a-freer.o)
                0x080093c8                _free_r
 .text._fwalk_reent
                0x080095c8       0x48 c:/tools/gcc-arm-none-eabi-10.3-2021.07/bin/../lib/gcc/arm-none-eabi/10.3.1/../../../../arm-none-eabi/lib/thumb/v7-m/nofp\libg.a(lib_a-fwalk.o)
                0x080095c8                _fwalk_reent
 .text.rshift   0x08009610       0xa4 c:/tools/gcc-arm-none-eabi-10.3-2021.07/bin/../lib/gcc/arm-none-eabi/10.3.1/../../../../arm-none-eabi/lib/thumb/v7-m/nofp\libg.a(lib_a-gdtoa-gethex.o)
 .text.__gethex
                0x080096b4      0x5c4 c:/tools/gcc-arm-none-eabi-10.3-2021.07/bin/../lib/gcc/arm-none-eabi/10.3.1/../../../../arm-none-eabi/lib/thumb/v7-m/nofp\libg.a(lib_a-gdtoa-gethex.o)
                0x080096b4                __gethex
 .text.__match  0x08009c78       0x34 c:/tools/gcc-arm-none-eabi-10.3-2021.07/bin/../lib/gcc/arm-none-eabi/10.3.1/../../../../arm-none-eabi/lib/thumb/v7-m/nofp\libg.a(lib_a-gdtoa-hexnan.o)
                0x08009c78                __match
 .text.__hexnan
                0x08009cac      0x1ac c:/tools/gcc-arm-none-eabi-10.3-2021.07/bin/../lib/gcc/arm-none-eabi/10.3.1/../../../../arm-none-eabi/lib/thumb/v7-m/nofp\libg.a(lib_a-gdtoa-hexnan.o)
                0x08009cac                __hexnan
 .text.__locale_mb_cur_max
                0x08009e58        0xc c:/tools/gcc-arm-none-eabi-10.3-2021.07/bin/../lib/gcc/arm-none-eabi/10.3.1/../../../../arm-none-eabi/lib/thumb/v7-m/nofp\libg.a(lib_a-locale.o)
                0x08009e58                __locale_mb_cur_max
 .text._localeconv_r
                0x08009e64        0x8 c:/tools/gcc-arm-none-eabi-10.3-2021.07/bin/../lib/gcc/arm-none-eabi/10.3.1/../../../../arm-none-eabi/lib/thumb/v7-m/nofp\libg.a(lib_a-localeconv.o)
                0x08009e64                _localeconv_r
 .text.__retarget_lock_init_recursive
                0x08009e6c        0x4 c:/tools/gcc-arm-none-eabi-10.3-2021.07/bin/../lib/gcc/arm-none-eabi/10.3.1/../../../../arm-none-eabi/lib/thumb/v7-m/nofp\libg.a(lib_a-lock.o)
                0x08009e6c                __retarget_lock_init_recursive
 .text.__retarget_lock_close_recursive
                0x08009e70        0x4 c:/tools/gcc-arm-none-eabi-10.3-2021.07/bin/../lib/gcc/arm-none-eabi/10.3.1/../../../../arm-none-eabi/lib/thumb/v7-m/nofp\libg.a(lib_a-lock.o)
                0x08009e70                __retarget_lock_close_recursive
 .text.__retarget_lock_acquire_recursive
                0x08009e74        0x4 c:/tools/gcc-arm-none-eabi-10.3-2021.07/bin/../lib/gcc/arm-none-eabi/10.3.1/../../../../arm-none-eabi/lib/thumb/v7-m/nofp\libg.a(lib_a-lock.o)
                0x08009e74                __retarget_lock_acquire_recursive
 .text.__retarget_lock_release_recursive
                0x08009e78        0x4 c:/tools/gcc-arm-none-eabi-10.3-2021.07/bin/../lib/gcc/arm-none-eabi/10.3.1/../../../../arm-none-eabi/lib/thumb/v7-m/nofp\libg.a(lib_a-lock.o)
                0x08009e78                __retarget_lock_release_recursive
 .text.__smakebuf_r
                0x08009e7c       0xe0 c:/tools/gcc-arm-none-eabi-10.3-2021.07/bin/../lib/gcc/arm-none-eabi/10.3.1/../../../../arm-none-eabi/lib/thumb/v7-m/nofp\libg.a(lib_a-makebuf.o)
                0x08009e7c                __smakebuf_r
 .text.__swhatbuf_r
                0x08009f5c       0x60 c:/tools/gcc-arm-none-eabi-10.3-2021.07/bin/../lib/gcc/arm-none-eabi/10.3.1/../../../../arm-none-eabi/lib/thumb/v7-m/nofp\libg.a(lib_a-makebuf.o)
                0x08009f5c                __swhatbuf_r
 .text.malloc   0x08009fbc       0x10 c:/tools/gcc-arm-none-eabi-10.3-2021.07/bin/../lib/gcc/arm-none-eabi/10.3.1/../../../../arm-none-eabi/lib/thumb/v7-m/nofp\libg.a(lib_a-malloc.o)
                0x08009fbc                malloc
 .text._malloc_r
                0x08009fcc      0x558 c:/tools/gcc-arm-none-eabi-10.3-2021.07/bin/../lib/gcc/arm-none-eabi/10.3.1/../../../../arm-none-eabi/lib/thumb/v7-m/nofp\libg.a(lib_a-mallocr.o)
                0x08009fcc                _malloc_r
 .text.__ascii_mbtowc
                0x0800a524       0x2c c:/tools/gcc-arm-none-eabi-10.3-2021.07/bin/../lib/gcc/arm-none-eabi/10.3.1/../../../../arm-none-eabi/lib/thumb/v7-m/nofp\libg.a(lib_a-mbtowc_r.o)
                0x0800a524                __ascii_mbtowc
 .text.memchr   0x0800a550       0x90 c:/tools/gcc-arm-none-eabi-10.3-2021.07/bin/../lib/gcc/arm-none-eabi/10.3.1/../../../../arm-none-eabi/lib/thumb/v7-m/nofp\libg.a(lib_a-memchr-stub.o)
                0x0800a550                memchr
 .text.__malloc_lock
                0x0800a5e0        0xc c:/tools/gcc-arm-none-eabi-10.3-2021.07/bin/../lib/gcc/arm-none-eabi/10.3.1/../../../../arm-none-eabi/lib/thumb/v7-m/nofp\libg.a(lib_a-mlock.o)
                0x0800a5e0                __malloc_lock
 .text.__malloc_unlock
                0x0800a5ec        0xc c:/tools/gcc-arm-none-eabi-10.3-2021.07/bin/../lib/gcc/arm-none-eabi/10.3.1/../../../../arm-none-eabi/lib/thumb/v7-m/nofp\libg.a(lib_a-mlock.o)
                0x0800a5ec                __malloc_unlock
 .text._Balloc  0x0800a5f8       0x4c c:/tools/gcc-arm-none-eabi-10.3-2021.07/bin/../lib/gcc/arm-none-eabi/10.3.1/../../../../arm-none-eabi/lib/thumb/v7-m/nofp\libg.a(lib_a-mprec.o)
                0x0800a5f8                _Balloc
 .text._Bfree   0x0800a644       0x14 c:/tools/gcc-arm-none-eabi-10.3-2021.07/bin/../lib/gcc/arm-none-eabi/10.3.1/../../../../arm-none-eabi/lib/thumb/v7-m/nofp\libg.a(lib_a-mprec.o)
                0x0800a644                _Bfree
 .text.__multadd
                0x0800a658       0xa4 c:/tools/gcc-arm-none-eabi-10.3-2021.07/bin/../lib/gcc/arm-none-eabi/10.3.1/../../../../arm-none-eabi/lib/thumb/v7-m/nofp\libg.a(lib_a-mprec.o)
                0x0800a658                __multadd
 .text.__s2b    0x0800a6fc       0xb4 c:/tools/gcc-arm-none-eabi-10.3-2021.07/bin/../lib/gcc/arm-none-eabi/10.3.1/../../../../arm-none-eabi/lib/thumb/v7-m/nofp\libg.a(lib_a-mprec.o)
                0x0800a6fc                __s2b
 .text.__hi0bits
                0x0800a7b0       0x40 c:/tools/gcc-arm-none-eabi-10.3-2021.07/bin/../lib/gcc/arm-none-eabi/10.3.1/../../../../arm-none-eabi/lib/thumb/v7-m/nofp\libg.a(lib_a-mprec.o)
                0x0800a7b0                __hi0bits
 .text.__lo0bits
                0x0800a7f0       0x58 c:/tools/gcc-arm-none-eabi-10.3-2021.07/bin/../lib/gcc/arm-none-eabi/10.3.1/../../../../arm-none-eabi/lib/thumb/v7-m/nofp\libg.a(lib_a-mprec.o)
                0x0800a7f0                __lo0bits
 .text.__i2b    0x0800a848       0x5c c:/tools/gcc-arm-none-eabi-10.3-2021.07/bin/../lib/gcc/arm-none-eabi/10.3.1/../../../../arm-none-eabi/lib/thumb/v7-m/nofp\libg.a(lib_a-mprec.o)
                0x0800a848                __i2b
 .text.__multiply
                0x0800a8a4      0x15c c:/tools/gcc-arm-none-eabi-10.3-2021.07/bin/../lib/gcc/arm-none-eabi/10.3.1/../../../../arm-none-eabi/lib/thumb/v7-m/nofp\libg.a(lib_a-mprec.o)
                0x0800a8a4                __multiply
 .text.__pow5mult
                0x0800aa00       0xb8 c:/tools/gcc-arm-none-eabi-10.3-2021.07/bin/../lib/gcc/arm-none-eabi/10.3.1/../../../../arm-none-eabi/lib/thumb/v7-m/nofp\libg.a(lib_a-mprec.o)
                0x0800aa00                __pow5mult
 .text.__lshift
                0x0800aab8       0xec c:/tools/gcc-arm-none-eabi-10.3-2021.07/bin/../lib/gcc/arm-none-eabi/10.3.1/../../../../arm-none-eabi/lib/thumb/v7-m/nofp\libg.a(lib_a-mprec.o)
                0x0800aab8                __lshift
 .text.__mcmp   0x0800aba4       0x40 c:/tools/gcc-arm-none-eabi-10.3-2021.07/bin/../lib/gcc/arm-none-eabi/10.3.1/../../../../arm-none-eabi/lib/thumb/v7-m/nofp\libg.a(lib_a-mprec.o)
                0x0800aba4                __mcmp
 .text.__mdiff  0x0800abe4      0x14c c:/tools/gcc-arm-none-eabi-10.3-2021.07/bin/../lib/gcc/arm-none-eabi/10.3.1/../../../../arm-none-eabi/lib/thumb/v7-m/nofp\libg.a(lib_a-mprec.o)
                0x0800abe4                __mdiff
 .text.__ulp    0x0800ad30       0x44 c:/tools/gcc-arm-none-eabi-10.3-2021.07/bin/../lib/gcc/arm-none-eabi/10.3.1/../../../../arm-none-eabi/lib/thumb/v7-m/nofp\libg.a(lib_a-mprec.o)
                0x0800ad30                __ulp
 .text.__b2d    0x0800ad74       0xd0 c:/tools/gcc-arm-none-eabi-10.3-2021.07/bin/../lib/gcc/arm-none-eabi/10.3.1/../../../../arm-none-eabi/lib/thumb/v7-m/nofp\libg.a(lib_a-mprec.o)
                0x0800ad74                __b2d
 .text.__d2b    0x0800ae44       0xc4 c:/tools/gcc-arm-none-eabi-10.3-2021.07/bin/../lib/gcc/arm-none-eabi/10.3.1/../../../../arm-none-eabi/lib/thumb/v7-m/nofp\libg.a(lib_a-mprec.o)
                0x0800ae44                __d2b
 .text.__ratio  0x0800af08       0x60 c:/tools/gcc-arm-none-eabi-10.3-2021.07/bin/../lib/gcc/arm-none-eabi/10.3.1/../../../../arm-none-eabi/lib/thumb/v7-m/nofp\libg.a(lib_a-mprec.o)
                0x0800af08                __ratio
 .text.__copybits
                0x0800af68       0x60 c:/tools/gcc-arm-none-eabi-10.3-2021.07/bin/../lib/gcc/arm-none-eabi/10.3.1/../../../../arm-none-eabi/lib/thumb/v7-m/nofp\libg.a(lib_a-mprec.o)
                0x0800af68                __copybits
 .text.__any_on
                0x0800afc8       0x60 c:/tools/gcc-arm-none-eabi-10.3-2021.07/bin/../lib/gcc/arm-none-eabi/10.3.1/../../../../arm-none-eabi/lib/thumb/v7-m/nofp\libg.a(lib_a-mprec.o)
                0x0800afc8                __any_on
 .text.frexp    0x0800b028       0x70 c:/tools/gcc-arm-none-eabi-10.3-2021.07/bin/../lib/gcc/arm-none-eabi/10.3.1/../../../../arm-none-eabi/lib/thumb/v7-m/nofp\libg.a(lib_a-s_frexp.o)
                0x0800b028                frexp
 .text.nan      0x0800b098        0xc c:/tools/gcc-arm-none-eabi-10.3-2021.07/bin/../lib/gcc/arm-none-eabi/10.3.1/../../../../arm-none-eabi/lib/thumb/v7-m/nofp\libg.a(lib_a-s_nan.o)
                0x0800b098                nan
 .text._sbrk_r  0x0800b0a4       0x24 c:/tools/gcc-arm-none-eabi-10.3-2021.07/bin/../lib/gcc/arm-none-eabi/10.3.1/../../../../arm-none-eabi/lib/thumb/v7-m/nofp\libg.a(lib_a-sbrkr.o)
                0x0800b0a4                _sbrk_r
 .text.__sread  0x0800b0c8       0x24 c:/tools/gcc-arm-none-eabi-10.3-2021.07/bin/../lib/gcc/arm-none-eabi/10.3.1/../../../../arm-none-eabi/lib/thumb/v7-m/nofp\libg.a(lib_a-stdio.o)
                0x0800b0c8                __sread
 .text.__swrite
                0x0800b0ec       0x40 c:/tools/gcc-arm-none-eabi-10.3-2021.07/bin/../lib/gcc/arm-none-eabi/10.3.1/../../../../arm-none-eabi/lib/thumb/v7-m/nofp\libg.a(lib_a-stdio.o)
                0x0800b0ec                __swrite
 .text.__sseek  0x0800b12c       0x20 c:/tools/gcc-arm-none-eabi-10.3-2021.07/bin/../lib/gcc/arm-none-eabi/10.3.1/../../../../arm-none-eabi/lib/thumb/v7-m/nofp\libg.a(lib_a-stdio.o)
                0x0800b12c                __sseek
 .text.__sclose
                0x0800b14c        0x8 c:/tools/gcc-arm-none-eabi-10.3-2021.07/bin/../lib/gcc/arm-none-eabi/10.3.1/../../../../arm-none-eabi/lib/thumb/v7-m/nofp\libg.a(lib_a-stdio.o)
                0x0800b14c                __sclose
 .text.strncmp  0x0800b154       0x7c c:/tools/gcc-arm-none-eabi-10.3-2021.07/bin/../lib/gcc/arm-none-eabi/10.3.1/../../../../arm-none-eabi/lib/thumb/v7-m/nofp\libg.a(lib_a-strncmp.o)
                0x0800b154                strncmp
 .text.strncpy  0x0800b1d0       0x68 c:/tools/gcc-arm-none-eabi-10.3-2021.07/bin/../lib/gcc/arm-none-eabi/10.3.1/../../../../arm-none-eabi/lib/thumb/v7-m/nofp\libg.a(lib_a-strncpy.o)
                0x0800b1d0                strncpy
 .text.__sprint_r.part.0
                0x0800b238       0x78 c:/tools/gcc-arm-none-eabi-10.3-2021.07/bin/../lib/gcc/arm-none-eabi/10.3.1/../../../../arm-none-eabi/lib/thumb/v7-m/nofp\libg.a(lib_a-vfiprintf.o)
 .text.__sprint_r
                0x0800b2b0       0x14 c:/tools/gcc-arm-none-eabi-10.3-2021.07/bin/../lib/gcc/arm-none-eabi/10.3.1/../../../../arm-none-eabi/lib/thumb/v7-m/nofp\libg.a(lib_a-vfiprintf.o)
                0x0800b2b0                __sprint_r
 .text._vfiprintf_r
                0x0800b2c4      0xd98 c:/tools/gcc-arm-none-eabi-10.3-2021.07/bin/../lib/gcc/arm-none-eabi/10.3.1/../../../../arm-none-eabi/lib/thumb/v7-m/nofp\libg.a(lib_a-vfiprintf.o)
                0x0800b2c4                _vfiprintf_r
 .text.__sbprintf
                0x0800c05c       0x84 c:/tools/gcc-arm-none-eabi-10.3-2021.07/bin/../lib/gcc/arm-none-eabi/10.3.1/../../../../arm-none-eabi/lib/thumb/v7-m/nofp\libg.a(lib_a-vfiprintf.o)
 .text.__ascii_wctomb
                0x0800c0e0       0x1c c:/tools/gcc-arm-none-eabi-10.3-2021.07/bin/../lib/gcc/arm-none-eabi/10.3.1/../../../../arm-none-eabi/lib/thumb/v7-m/nofp\libg.a(lib_a-wctomb_r.o)
                0x0800c0e0                __ascii_wctomb
 .text._write_r
                0x0800c0fc       0x2c c:/tools/gcc-arm-none-eabi-10.3-2021.07/bin/../lib/gcc/arm-none-eabi/10.3.1/../../../../arm-none-eabi/lib/thumb/v7-m/nofp\libg.a(lib_a-writer.o)
                0x0800c0fc                _write_r
 .text.__register_exitproc
                0x0800c128       0x8c c:/tools/gcc-arm-none-eabi-10.3-2021.07/bin/../lib/gcc/arm-none-eabi/10.3.1/../../../../arm-none-eabi/lib/thumb/v7-m/nofp\libg.a(lib_a-__atexit.o)
                0x0800c128                __register_exitproc
 .text.__assert_func
                0x0800c1b4       0x40 c:/tools/gcc-arm-none-eabi-10.3-2021.07/bin/../lib/gcc/arm-none-eabi/10.3.1/../../../../arm-none-eabi/lib/thumb/v7-m/nofp\libg.a(lib_a-assert.o)
                0x0800c1b4                __assert_func
 .text._calloc_r
                0x0800c1f4       0x78 c:/tools/gcc-arm-none-eabi-10.3-2021.07/bin/../lib/gcc/arm-none-eabi/10.3.1/../../../../arm-none-eabi/lib/thumb/v7-m/nofp\libg.a(lib_a-callocr.o)
                0x0800c1f4                _calloc_r
 .text._close_r
                0x0800c26c       0x24 c:/tools/gcc-arm-none-eabi-10.3-2021.07/bin/../lib/gcc/arm-none-eabi/10.3.1/../../../../arm-none-eabi/lib/thumb/v7-m/nofp\libg.a(lib_a-closer.o)
                0x0800c26c                _close_r
 .text._fclose_r
                0x0800c290       0xcc c:/tools/gcc-arm-none-eabi-10.3-2021.07/bin/../lib/gcc/arm-none-eabi/10.3.1/../../../../arm-none-eabi/lib/thumb/v7-m/nofp\libg.a(lib_a-fclose.o)
                0x0800c290                _fclose_r
 .text.fiprintf
                0x0800c35c       0x28 c:/tools/gcc-arm-none-eabi-10.3-2021.07/bin/../lib/gcc/arm-none-eabi/10.3.1/../../../../arm-none-eabi/lib/thumb/v7-m/nofp\libg.a(lib_a-fiprintf.o)
                0x0800c35c                fiprintf
 .text.__fputwc
                0x0800c384       0xa0 c:/tools/gcc-arm-none-eabi-10.3-2021.07/bin/../lib/gcc/arm-none-eabi/10.3.1/../../../../arm-none-eabi/lib/thumb/v7-m/nofp\libg.a(lib_a-fputwc.o)
                0x0800c384                __fputwc
 .text._fputwc_r
                0x0800c424       0x68 c:/tools/gcc-arm-none-eabi-10.3-2021.07/bin/../lib/gcc/arm-none-eabi/10.3.1/../../../../arm-none-eabi/lib/thumb/v7-m/nofp\libg.a(lib_a-fputwc.o)
                0x0800c424                _fputwc_r
 .text._fstat_r
                0x0800c48c       0x28 c:/tools/gcc-arm-none-eabi-10.3-2021.07/bin/../lib/gcc/arm-none-eabi/10.3.1/../../../../arm-none-eabi/lib/thumb/v7-m/nofp\libg.a(lib_a-fstatr.o)
                0x0800c48c                _fstat_r
 .text.__sfvwrite_r
                0x0800c4b4      0x2f0 c:/tools/gcc-arm-none-eabi-10.3-2021.07/bin/../lib/gcc/arm-none-eabi/10.3.1/../../../../arm-none-eabi/lib/thumb/v7-m/nofp\libg.a(lib_a-fvwrite.o)
                0x0800c4b4                __sfvwrite_r
 .text._isatty_r
                0x0800c7a4       0x24 c:/tools/gcc-arm-none-eabi-10.3-2021.07/bin/../lib/gcc/arm-none-eabi/10.3.1/../../../../arm-none-eabi/lib/thumb/v7-m/nofp\libg.a(lib_a-isattyr.o)
                0x0800c7a4                _isatty_r
 .text._lseek_r
                0x0800c7c8       0x2c c:/tools/gcc-arm-none-eabi-10.3-2021.07/bin/../lib/gcc/arm-none-eabi/10.3.1/../../../../arm-none-eabi/lib/thumb/v7-m/nofp\libg.a(lib_a-lseekr.o)
                0x0800c7c8                _lseek_r
 .text.memmove  0x0800c7f4       0xf8 c:/tools/gcc-arm-none-eabi-10.3-2021.07/bin/../lib/gcc/arm-none-eabi/10.3.1/../../../../arm-none-eabi/lib/thumb/v7-m/nofp\libg.a(lib_a-memmove.o)
                0x0800c7f4                memmove
 .text._read_r  0x0800c8ec       0x2c c:/tools/gcc-arm-none-eabi-10.3-2021.07/bin/../lib/gcc/arm-none-eabi/10.3.1/../../../../arm-none-eabi/lib/thumb/v7-m/nofp\libg.a(lib_a-readr.o)
                0x0800c8ec                _read_r
 .text._realloc_r
                0x0800c918      0x3dc c:/tools/gcc-arm-none-eabi-10.3-2021.07/bin/../lib/gcc/arm-none-eabi/10.3.1/../../../../arm-none-eabi/lib/thumb/v7-m/nofp\libg.a(lib_a-reallocr.o)
                0x0800c918                _realloc_r
 .text.__swbuf_r
                0x0800ccf4       0xb0 c:/tools/gcc-arm-none-eabi-10.3-2021.07/bin/../lib/gcc/arm-none-eabi/10.3.1/../../../../arm-none-eabi/lib/thumb/v7-m/nofp\libg.a(lib_a-wbuf.o)
                0x0800ccf4                __swbuf_r
 .text._wcrtomb_r
                0x0800cda4       0x3c c:/tools/gcc-arm-none-eabi-10.3-2021.07/bin/../lib/gcc/arm-none-eabi/10.3.1/../../../../arm-none-eabi/lib/thumb/v7-m/nofp\libg.a(lib_a-wcrtomb.o)
                0x0800cda4                _wcrtomb_r
 .text.abort    0x0800cde0       0x10 c:/tools/gcc-arm-none-eabi-10.3-2021.07/bin/../lib/gcc/arm-none-eabi/10.3.1/../../../../arm-none-eabi/lib/thumb/v7-m/nofp\libg.a(lib_a-abort.o)
                0x0800cde0                abort
 .text.raise    0x0800cdf0       0x5c c:/tools/gcc-arm-none-eabi-10.3-2021.07/bin/../lib/gcc/arm-none-eabi/10.3.1/../../../../arm-none-eabi/lib/thumb/v7-m/nofp\libg.a(lib_a-signal.o)
                0x0800cdf0                raise
 .text._kill_r  0x0800ce4c       0x28 c:/tools/gcc-arm-none-eabi-10.3-2021.07/bin/../lib/gcc/arm-none-eabi/10.3.1/../../../../arm-none-eabi/lib/thumb/v7-m/nofp\libg.a(lib_a-signalr.o)
                0x0800ce4c                _kill_r
 .text._getpid_r
                0x0800ce74        0x4 c:/tools/gcc-arm-none-eabi-10.3-2021.07/bin/../lib/gcc/arm-none-eabi/10.3.1/../../../../arm-none-eabi/lib/thumb/v7-m/nofp\libg.a(lib_a-signalr.o)
                0x0800ce74                _getpid_r
 .text.atan     0x0800ce78      0x31c c:/tools/gcc-arm-none-eabi-10.3-2021.07/bin/../lib/gcc/arm-none-eabi/10.3.1/../../../../arm-none-eabi/lib/thumb/v7-m/nofp\libm.a(lib_a-s_atan.o)
                0x0800ce78                atan
 .text.fabs     0x0800d194        0x8 c:/tools/gcc-arm-none-eabi-10.3-2021.07/bin/../lib/gcc/arm-none-eabi/10.3.1/../../../../arm-none-eabi/lib/thumb/v7-m/nofp\libm.a(lib_a-s_fabs.o)
                0x0800d194                fabs
 .text.atan2    0x0800d19c        0x4 c:/tools/gcc-arm-none-eabi-10.3-2021.07/bin/../lib/gcc/arm-none-eabi/10.3.1/../../../../arm-none-eabi/lib/thumb/v7-m/nofp\libm.a(lib_a-w_atan2.o)
                0x0800d19c                atan2
 .text.sqrt     0x0800d1a0       0x50 c:/tools/gcc-arm-none-eabi-10.3-2021.07/bin/../lib/gcc/arm-none-eabi/10.3.1/../../../../arm-none-eabi/lib/thumb/v7-m/nofp\libm.a(lib_a-w_sqrt.o)
                0x0800d1a0                sqrt
 .text.__ieee754_atan2
                0x0800d1f0      0x194 c:/tools/gcc-arm-none-eabi-10.3-2021.07/bin/../lib/gcc/arm-none-eabi/10.3.1/../../../../arm-none-eabi/lib/thumb/v7-m/nofp\libm.a(lib_a-e_atan2.o)
                0x0800d1f0                __ieee754_atan2
 .text.__ieee754_sqrt
                0x0800d384      0x18c c:/tools/gcc-arm-none-eabi-10.3-2021.07/bin/../lib/gcc/arm-none-eabi/10.3.1/../../../../arm-none-eabi/lib/thumb/v7-m/nofp\libm.a(lib_a-e_sqrt.o)
                0x0800d384                __ieee754_sqrt
 *(.glue_7)
 .glue_7        0x0800d510        0x0 linker stubs
 *(.glue_7t)
 .glue_7t       0x0800d510        0x0 linker stubs
 *(.eh_frame)
 .eh_frame      0x0800d510        0x0 c:/tools/gcc-arm-none-eabi-10.3-2021.07/bin/../lib/gcc/arm-none-eabi/10.3.1/thumb/v7-m/nofp/crtbegin.o
 *(.init)
 .init          0x0800d510        0x4 c:/tools/gcc-arm-none-eabi-10.3-2021.07/bin/../lib/gcc/arm-none-eabi/10.3.1/thumb/v7-m/nofp/crti.o
                0x0800d510                _init
 .init          0x0800d514        0x8 c:/tools/gcc-arm-none-eabi-10.3-2021.07/bin/../lib/gcc/arm-none-eabi/10.3.1/thumb/v7-m/nofp/crtn.o
 *(.fini)
 .fini          0x0800d51c        0x4 c:/tools/gcc-arm-none-eabi-10.3-2021.07/bin/../lib/gcc/arm-none-eabi/10.3.1/thumb/v7-m/nofp/crti.o
                0x0800d51c                _fini
 .fini          0x0800d520        0x8 c:/tools/gcc-arm-none-eabi-10.3-2021.07/bin/../lib/gcc/arm-none-eabi/10.3.1/thumb/v7-m/nofp/crtn.o
                0x0800d528                . = ALIGN (0x4)
                0x0800d528                _etext = .

.vfp11_veneer   0x0800d528        0x0
 .vfp11_veneer  0x0800d528        0x0 linker stubs

.v4_bx          0x0800d528        0x0
 .v4_bx         0x0800d528        0x0 linker stubs

.iplt           0x0800d528        0x0
 .iplt          0x0800d528        0x0 c:/tools/gcc-arm-none-eabi-10.3-2021.07/bin/../lib/gcc/arm-none-eabi/10.3.1/thumb/v7-m/nofp/crtbegin.o

.rodata         0x0800d528      0x6d0
                0x0800d528                . = ALIGN (0x4)
 *(.rodata)
 *(.rodata*)
 .rodata.set_speed.str1.4
                0x0800d528        0xa CMakeFiles/balance_car_v2.elf.dir/Core/Src/main.c.obj
 *fill*         0x0800d532        0x2 
 .rodata.set_rotate.str1.4
                0x0800d534        0xb CMakeFiles/balance_car_v2.elf.dir/Core/Src/main.c.obj
 *fill*         0x0800d53f        0x1 
 .rodata.main.str1.4
                0x0800d540       0x17 CMakeFiles/balance_car_v2.elf.dir/Core/Src/main.c.obj
 *fill*         0x0800d557        0x1 
 .rodata.AHBPrescTable
                0x0800d558       0x10 CMakeFiles/balance_car_v2.elf.dir/Core/Src/system_stm32f1xx.c.obj
                0x0800d558                AHBPrescTable
 .rodata.APBPrescTable
                0x0800d568        0x8 CMakeFiles/balance_car_v2.elf.dir/Core/Src/system_stm32f1xx.c.obj
                0x0800d568                APBPrescTable
 .rodata.HAL_UART_RxCpltCallback.str1.4
                0x0800d570        0xa CMakeFiles/balance_car_v2.elf.dir/Core/Src/uart_parser.c.obj
 *fill*         0x0800d57a        0x2 
 .rodata.HAL_RCC_GetSysClockFreq.str1.4
                0x0800d57c       0x11 CMakeFiles/balance_car_v2.elf.dir/Drivers/STM32F1xx_HAL_Driver/Src/stm32f1xx_hal_rcc.c.obj
 *fill*         0x0800d58d        0x3 
 .rodata._global_impure_ptr
                0x0800d590        0x4 c:/tools/gcc-arm-none-eabi-10.3-2021.07/bin/../lib/gcc/arm-none-eabi/10.3.1/../../../../arm-none-eabi/lib/thumb/v7-m/nofp\libg.a(lib_a-impure.o)
                0x0800d590                _global_impure_ptr
 .rodata._strtod_l.str1.4
                0x0800d594        0xf c:/tools/gcc-arm-none-eabi-10.3-2021.07/bin/../lib/gcc/arm-none-eabi/10.3.1/../../../../arm-none-eabi/lib/thumb/v7-m/nofp\libg.a(lib_a-strtod.o)
                                 0x11 (size before relaxing)
 *fill*         0x0800d5a3        0x1 
 .rodata.fpi.1  0x0800d5a4       0x14 c:/tools/gcc-arm-none-eabi-10.3-2021.07/bin/../lib/gcc/arm-none-eabi/10.3.1/../../../../arm-none-eabi/lib/thumb/v7-m/nofp\libg.a(lib_a-strtod.o)
 .rodata.fpinan.0
                0x0800d5b8       0x14 c:/tools/gcc-arm-none-eabi-10.3-2021.07/bin/../lib/gcc/arm-none-eabi/10.3.1/../../../../arm-none-eabi/lib/thumb/v7-m/nofp\libg.a(lib_a-strtod.o)
 *fill*         0x0800d5cc        0x4 
 .rodata.tinytens
                0x0800d5d0       0x28 c:/tools/gcc-arm-none-eabi-10.3-2021.07/bin/../lib/gcc/arm-none-eabi/10.3.1/../../../../arm-none-eabi/lib/thumb/v7-m/nofp\libg.a(lib_a-strtod.o)
 .rodata._vfprintf_r.str1.4
                0x0800d5f8       0x42 c:/tools/gcc-arm-none-eabi-10.3-2021.07/bin/../lib/gcc/arm-none-eabi/10.3.1/../../../../arm-none-eabi/lib/thumb/v7-m/nofp\libg.a(lib_a-vfprintf.o)
 *fill*         0x0800d63a        0x2 
 .rodata.blanks.1
                0x0800d63c       0x10 c:/tools/gcc-arm-none-eabi-10.3-2021.07/bin/../lib/gcc/arm-none-eabi/10.3.1/../../../../arm-none-eabi/lib/thumb/v7-m/nofp\libg.a(lib_a-vfprintf.o)
 .rodata.zeroes.0
                0x0800d64c       0x10 c:/tools/gcc-arm-none-eabi-10.3-2021.07/bin/../lib/gcc/arm-none-eabi/10.3.1/../../../../arm-none-eabi/lib/thumb/v7-m/nofp\libg.a(lib_a-vfprintf.o)
 .rodata._dtoa_r.str1.4
                0x0800d65c       0xa2 c:/tools/gcc-arm-none-eabi-10.3-2021.07/bin/../lib/gcc/arm-none-eabi/10.3.1/../../../../arm-none-eabi/lib/thumb/v7-m/nofp\libg.a(lib_a-dtoa.o)
                                 0xa6 (size before relaxing)
 *fill*         0x0800d6fe        0x2 
 .rodata.__gethex.str1.4
                0x0800d700       0x86 c:/tools/gcc-arm-none-eabi-10.3-2021.07/bin/../lib/gcc/arm-none-eabi/10.3.1/../../../../arm-none-eabi/lib/thumb/v7-m/nofp\libg.a(lib_a-gdtoa-gethex.o)
                                 0x9a (size before relaxing)
 *fill*         0x0800d786        0x2 
 .rodata.__hexdig
                0x0800d788      0x100 c:/tools/gcc-arm-none-eabi-10.3-2021.07/bin/../lib/gcc/arm-none-eabi/10.3.1/../../../../arm-none-eabi/lib/thumb/v7-m/nofp\libg.a(lib_a-gdtoa-gethex.o)
                0x0800d788                __hexdig
 .rodata.str1.4
                0x0800d888        0x2 c:/tools/gcc-arm-none-eabi-10.3-2021.07/bin/../lib/gcc/arm-none-eabi/10.3.1/../../../../arm-none-eabi/lib/thumb/v7-m/nofp\libg.a(lib_a-lnumeric.o)
                                  0x5 (size before relaxing)
 *fill*         0x0800d88a        0x2 
 .rodata._C_numeric_locale
                0x0800d88c        0xc c:/tools/gcc-arm-none-eabi-10.3-2021.07/bin/../lib/gcc/arm-none-eabi/10.3.1/../../../../arm-none-eabi/lib/thumb/v7-m/nofp\libg.a(lib_a-lnumeric.o)
                0x0800d88c                _C_numeric_locale
 .rodata._setlocale_r.str1.4
                0x0800d898        0xa c:/tools/gcc-arm-none-eabi-10.3-2021.07/bin/../lib/gcc/arm-none-eabi/10.3.1/../../../../arm-none-eabi/lib/thumb/v7-m/nofp\libg.a(lib_a-locale.o)
                                  0xd (size before relaxing)
 .rodata.str1.4
                0x0800d8a2        0x2 c:/tools/gcc-arm-none-eabi-10.3-2021.07/bin/../lib/gcc/arm-none-eabi/10.3.1/../../../../arm-none-eabi/lib/thumb/v7-m/nofp\libg.a(lib_a-locale.o)
 *fill*         0x0800d8a2        0x2 
 .rodata.__multadd.str1.4
                0x0800d8a4       0x7f c:/tools/gcc-arm-none-eabi-10.3-2021.07/bin/../lib/gcc/arm-none-eabi/10.3.1/../../../../arm-none-eabi/lib/thumb/v7-m/nofp\libg.a(lib_a-mprec.o)
                                 0x93 (size before relaxing)
 *fill*         0x0800d923        0x5 
 .rodata.__mprec_bigtens
                0x0800d928       0x28 c:/tools/gcc-arm-none-eabi-10.3-2021.07/bin/../lib/gcc/arm-none-eabi/10.3.1/../../../../arm-none-eabi/lib/thumb/v7-m/nofp\libg.a(lib_a-mprec.o)
                0x0800d928                __mprec_bigtens
 .rodata.__mprec_tens
                0x0800d950       0xc8 c:/tools/gcc-arm-none-eabi-10.3-2021.07/bin/../lib/gcc/arm-none-eabi/10.3.1/../../../../arm-none-eabi/lib/thumb/v7-m/nofp\libg.a(lib_a-mprec.o)
                0x0800d950                __mprec_tens
 .rodata.p05.0  0x0800da18        0xc c:/tools/gcc-arm-none-eabi-10.3-2021.07/bin/../lib/gcc/arm-none-eabi/10.3.1/../../../../arm-none-eabi/lib/thumb/v7-m/nofp\libg.a(lib_a-mprec.o)
 .rodata._vfiprintf_r.str1.4
                0x0800da24       0x2f c:/tools/gcc-arm-none-eabi-10.3-2021.07/bin/../lib/gcc/arm-none-eabi/10.3.1/../../../../arm-none-eabi/lib/thumb/v7-m/nofp\libg.a(lib_a-vfiprintf.o)
 .rodata.blanks.1
                0x0800da24       0x10 c:/tools/gcc-arm-none-eabi-10.3-2021.07/bin/../lib/gcc/arm-none-eabi/10.3.1/../../../../arm-none-eabi/lib/thumb/v7-m/nofp\libg.a(lib_a-vfiprintf.o)
 .rodata.zeroes.0
                0x0800da34       0x10 c:/tools/gcc-arm-none-eabi-10.3-2021.07/bin/../lib/gcc/arm-none-eabi/10.3.1/../../../../arm-none-eabi/lib/thumb/v7-m/nofp\libg.a(lib_a-vfiprintf.o)
 .rodata.__assert_func.str1.4
                0x0800da44       0x3f c:/tools/gcc-arm-none-eabi-10.3-2021.07/bin/../lib/gcc/arm-none-eabi/10.3.1/../../../../arm-none-eabi/lib/thumb/v7-m/nofp\libg.a(lib_a-assert.o)
                                 0x43 (size before relaxing)
 *fill*         0x0800da83        0x1 
 .rodata._ctype_
                0x0800da84      0x101 c:/tools/gcc-arm-none-eabi-10.3-2021.07/bin/../lib/gcc/arm-none-eabi/10.3.1/../../../../arm-none-eabi/lib/thumb/v7-m/nofp\libg.a(lib_a-ctype_.o)
                0x0800da84                _ctype_
 *fill*         0x0800db85        0x3 
 .rodata.atanhi
                0x0800db88       0x20 c:/tools/gcc-arm-none-eabi-10.3-2021.07/bin/../lib/gcc/arm-none-eabi/10.3.1/../../../../arm-none-eabi/lib/thumb/v7-m/nofp\libm.a(lib_a-s_atan.o)
 .rodata.atanlo
                0x0800dba8       0x20 c:/tools/gcc-arm-none-eabi-10.3-2021.07/bin/../lib/gcc/arm-none-eabi/10.3.1/../../../../arm-none-eabi/lib/thumb/v7-m/nofp\libm.a(lib_a-s_atan.o)
 .rodata.CSWTCH.8
                0x0800dbc8       0x18 c:/tools/gcc-arm-none-eabi-10.3-2021.07/bin/../lib/gcc/arm-none-eabi/10.3.1/../../../../arm-none-eabi/lib/thumb/v7-m/nofp\libm.a(lib_a-e_atan2.o)
 .rodata.CSWTCH.9
                0x0800dbe0       0x18 c:/tools/gcc-arm-none-eabi-10.3-2021.07/bin/../lib/gcc/arm-none-eabi/10.3.1/../../../../arm-none-eabi/lib/thumb/v7-m/nofp\libm.a(lib_a-e_atan2.o)
                0x0800dbf8                . = ALIGN (0x4)

.ARM.extab
 *(.ARM.extab* .gnu.linkonce.armextab.*)

.ARM            0x0800dbf8        0x8
                0x0800dbf8                __exidx_start = .
 *(.ARM.exidx*)
 .ARM.exidx     0x0800dbf8        0x8 c:/tools/gcc-arm-none-eabi-10.3-2021.07/bin/../lib/gcc/arm-none-eabi/10.3.1/thumb/v7-m/nofp\libgcc.a(_udivmoddi4.o)
                0x0800dc00                __exidx_end = .

.rel.dyn        0x0800dc00        0x0
 .rel.iplt      0x0800dc00        0x0 c:/tools/gcc-arm-none-eabi-10.3-2021.07/bin/../lib/gcc/arm-none-eabi/10.3.1/thumb/v7-m/nofp/crtbegin.o

.preinit_array  0x0800dc00        0x0
                0x0800dc00                PROVIDE (__preinit_array_start = .)
 *(.preinit_array*)
                0x0800dc00                PROVIDE (__preinit_array_end = .)

.init_array     0x0800dc00        0x8
                0x0800dc00                PROVIDE (__init_array_start = .)
 *(SORT_BY_NAME(.init_array.*))
 .init_array.00000
                0x0800dc00        0x4 c:/tools/gcc-arm-none-eabi-10.3-2021.07/bin/../lib/gcc/arm-none-eabi/10.3.1/../../../../arm-none-eabi/lib/thumb/v7-m/nofp\libg.a(lib_a-__call_atexit.o)
 *(.init_array*)
 .init_array    0x0800dc04        0x4 c:/tools/gcc-arm-none-eabi-10.3-2021.07/bin/../lib/gcc/arm-none-eabi/10.3.1/thumb/v7-m/nofp/crtbegin.o
                0x0800dc08                PROVIDE (__init_array_end = .)

.fini_array     0x0800dc08        0x4
                0x0800dc08                PROVIDE (__fini_array_start = .)
 *(SORT_BY_NAME(.fini_array.*))
 *(.fini_array*)
 .fini_array    0x0800dc08        0x4 c:/tools/gcc-arm-none-eabi-10.3-2021.07/bin/../lib/gcc/arm-none-eabi/10.3.1/thumb/v7-m/nofp/crtbegin.o
                0x0800dc0c                PROVIDE (__fini_array_end = .)
                0x0800dc0c                _sidata = LOADADDR (.data)

.data           0x20000000      0xa4c load address 0x0800dc0c
                0x20000000                . = ALIGN (0x4)
                0x20000000                _sdata = .
 *(.data)
 *(.data*)
 .data.KalmanX  0x20000000       0x48 CMakeFiles/balance_car_v2.elf.dir/Core/Src/mpu6050.c.obj
                0x20000000                KalmanX
 .data.KalmanY  0x20000048       0x48 CMakeFiles/balance_car_v2.elf.dir/Core/Src/mpu6050.c.obj
                0x20000048                KalmanY
 .data.SystemCoreClock
                0x20000090        0x4 CMakeFiles/balance_car_v2.elf.dir/Core/Src/system_stm32f1xx.c.obj
                0x20000090                SystemCoreClock
 .data.uwTickFreq
                0x20000094        0x1 CMakeFiles/balance_car_v2.elf.dir/Drivers/STM32F1xx_HAL_Driver/Src/stm32f1xx_hal.c.obj
                0x20000094                uwTickFreq
 *fill*         0x20000095        0x3 
 .data.uwTickPrio
                0x20000098        0x4 CMakeFiles/balance_car_v2.elf.dir/Drivers/STM32F1xx_HAL_Driver/Src/stm32f1xx_hal.c.obj
                0x20000098                uwTickPrio
 .data._impure_ptr
                0x2000009c        0x4 c:/tools/gcc-arm-none-eabi-10.3-2021.07/bin/../lib/gcc/arm-none-eabi/10.3.1/../../../../arm-none-eabi/lib/thumb/v7-m/nofp\libg.a(lib_a-impure.o)
                0x2000009c                _impure_ptr
 .data.impure_data
                0x200000a0      0x428 c:/tools/gcc-arm-none-eabi-10.3-2021.07/bin/../lib/gcc/arm-none-eabi/10.3.1/../../../../arm-none-eabi/lib/thumb/v7-m/nofp\libg.a(lib_a-impure.o)
 .data.__atexit_recursive_mutex
                0x200004c8        0x4 c:/tools/gcc-arm-none-eabi-10.3-2021.07/bin/../lib/gcc/arm-none-eabi/10.3.1/../../../../arm-none-eabi/lib/thumb/v7-m/nofp\libg.a(lib_a-__call_atexit.o)
                0x200004c8                __atexit_recursive_mutex
 .data.numempty
                0x200004cc        0x2 c:/tools/gcc-arm-none-eabi-10.3-2021.07/bin/../lib/gcc/arm-none-eabi/10.3.1/../../../../arm-none-eabi/lib/thumb/v7-m/nofp\libg.a(lib_a-lnumeric.o)
 *fill*         0x200004ce        0x2 
 .data.__global_locale
                0x200004d0      0x16c c:/tools/gcc-arm-none-eabi-10.3-2021.07/bin/../lib/gcc/arm-none-eabi/10.3.1/../../../../arm-none-eabi/lib/thumb/v7-m/nofp\libg.a(lib_a-locale.o)
                0x200004d0                __global_locale
 .data.__malloc_av_
                0x2000063c      0x408 c:/tools/gcc-arm-none-eabi-10.3-2021.07/bin/../lib/gcc/arm-none-eabi/10.3.1/../../../../arm-none-eabi/lib/thumb/v7-m/nofp\libg.a(lib_a-mallocr.o)
                0x2000063c                __malloc_av_
 .data.__malloc_sbrk_base
                0x20000a44        0x4 c:/tools/gcc-arm-none-eabi-10.3-2021.07/bin/../lib/gcc/arm-none-eabi/10.3.1/../../../../arm-none-eabi/lib/thumb/v7-m/nofp\libg.a(lib_a-mallocr.o)
                0x20000a44                __malloc_sbrk_base
 .data.__malloc_trim_threshold
                0x20000a48        0x4 c:/tools/gcc-arm-none-eabi-10.3-2021.07/bin/../lib/gcc/arm-none-eabi/10.3.1/../../../../arm-none-eabi/lib/thumb/v7-m/nofp\libg.a(lib_a-mallocr.o)
                0x20000a48                __malloc_trim_threshold
                0x20000a4c                . = ALIGN (0x4)
                0x20000a4c                _edata = .

.igot.plt       0x20000a4c        0x0 load address 0x0800e658
 .igot.plt      0x20000a4c        0x0 c:/tools/gcc-arm-none-eabi-10.3-2021.07/bin/../lib/gcc/arm-none-eabi/10.3.1/thumb/v7-m/nofp/crtbegin.o
                0x20000a4c                . = ALIGN (0x4)

.bss            0x20000a50      0x64c load address 0x0800e658
                0x20000a50                _sbss = .
                0x20000a50                __bss_start__ = _sbss
 *(.bss)
 .bss           0x20000a50       0x1c c:/tools/gcc-arm-none-eabi-10.3-2021.07/bin/../lib/gcc/arm-none-eabi/10.3.1/thumb/v7-m/nofp/crtbegin.o
 *(.bss*)
 .bss.motorA_speed
                0x20000a6c        0x4 CMakeFiles/balance_car_v2.elf.dir/Core/Src/encoder.c.obj
                0x20000a6c                motorA_speed
 .bss.motorB_speed
                0x20000a70        0x4 CMakeFiles/balance_car_v2.elf.dir/Core/Src/encoder.c.obj
                0x20000a70                motorB_speed
 .bss.hi2c1     0x20000a74       0x54 CMakeFiles/balance_car_v2.elf.dir/Core/Src/i2c.c.obj
                0x20000a74                hi2c1
 .bss.avg.1     0x20000ac8        0x4 CMakeFiles/balance_car_v2.elf.dir/Core/Src/main.c.obj
 *fill*         0x20000acc        0x4 
 .bss.balance   0x20000ad0       0x48 CMakeFiles/balance_car_v2.elf.dir/Core/Src/main.c.obj
                0x20000ad0                balance
 .bss.motorA.3  0x20000b18        0x4 CMakeFiles/balance_car_v2.elf.dir/Core/Src/main.c.obj
 .bss.motorB.2  0x20000b1c        0x4 CMakeFiles/balance_car_v2.elf.dir/Core/Src/main.c.obj
 .bss.mpu6050   0x20000b20       0x58 CMakeFiles/balance_car_v2.elf.dir/Core/Src/main.c.obj
                0x20000b20                mpu6050
 .bss.speed     0x20000b78       0x48 CMakeFiles/balance_car_v2.elf.dir/Core/Src/main.c.obj
                0x20000b78                speed
 .bss.target_degree
                0x20000bc0        0x4 CMakeFiles/balance_car_v2.elf.dir/Core/Src/main.c.obj
                0x20000bc0                target_degree
 .bss.target_rotate
                0x20000bc4        0x4 CMakeFiles/balance_car_v2.elf.dir/Core/Src/main.c.obj
                0x20000bc4                target_rotate
 .bss.target_speed
                0x20000bc8        0x4 CMakeFiles/balance_car_v2.elf.dir/Core/Src/main.c.obj
                0x20000bc8                target_speed
 .bss.tb6612    0x20000bcc       0x30 CMakeFiles/balance_car_v2.elf.dir/Core/Src/main.c.obj
                0x20000bcc                tb6612
 .bss.u1.4      0x20000bfc        0x4 CMakeFiles/balance_car_v2.elf.dir/Core/Src/main.c.obj
 .bss.u2.0      0x20000c00        0x4 CMakeFiles/balance_car_v2.elf.dir/Core/Src/main.c.obj
 .bss.timer     0x20000c04        0x4 CMakeFiles/balance_car_v2.elf.dir/Core/Src/mpu6050.c.obj
                0x20000c04                timer
 .bss.gHuart    0x20000c08        0x4 CMakeFiles/balance_car_v2.elf.dir/Core/Src/retarget.c.obj
                0x20000c08                gHuart
 .bss.heap_end.0
                0x20000c0c        0x4 CMakeFiles/balance_car_v2.elf.dir/Core/Src/syscalls.c.obj
 .bss.old_tick  0x20000c10        0x4 CMakeFiles/balance_car_v2.elf.dir/Core/Src/test_freq.c.obj
                0x20000c10                old_tick
 .bss.tick_freq
                0x20000c14        0x4 CMakeFiles/balance_car_v2.elf.dir/Core/Src/test_freq.c.obj
                0x20000c14                tick_freq
 .bss.htim1     0x20000c18       0x48 CMakeFiles/balance_car_v2.elf.dir/Core/Src/tim.c.obj
                0x20000c18                htim1
 .bss.htim2     0x20000c60       0x48 CMakeFiles/balance_car_v2.elf.dir/Core/Src/tim.c.obj
                0x20000c60                htim2
 .bss.htim3     0x20000ca8       0x48 CMakeFiles/balance_car_v2.elf.dir/Core/Src/tim.c.obj
                0x20000ca8                htim3
 .bss.htim4     0x20000cf0       0x48 CMakeFiles/balance_car_v2.elf.dir/Core/Src/tim.c.obj
                0x20000cf0                htim4
 .bss.FeedBackMessage
                0x20000d38      0x114 CMakeFiles/balance_car_v2.elf.dir/Core/Src/uart_parser.c.obj
                0x20000d38                FeedBackMessage
 .bss.RxBuffer  0x20000e4c      0x100 CMakeFiles/balance_car_v2.elf.dir/Core/Src/uart_parser.c.obj
                0x20000e4c                RxBuffer
 .bss.RxBufferCounts
                0x20000f4c        0x4 CMakeFiles/balance_car_v2.elf.dir/Core/Src/uart_parser.c.obj
                0x20000f4c                RxBufferCounts
 .bss.aRxBuffer
                0x20000f50        0x1 CMakeFiles/balance_car_v2.elf.dir/Core/Src/uart_parser.c.obj
                0x20000f50                aRxBuffer
 *fill*         0x20000f51        0x3 
 .bss.call_commands
                0x20000f54       0x14 CMakeFiles/balance_car_v2.elf.dir/Core/Src/uart_parser.c.obj
                0x20000f54                call_commands
 .bss.call_count
                0x20000f68        0x4 CMakeFiles/balance_car_v2.elf.dir/Core/Src/uart_parser.c.obj
                0x20000f68                call_count
 .bss.call_labels
                0x20000f6c       0x50 CMakeFiles/balance_car_v2.elf.dir/Core/Src/uart_parser.c.obj
                0x20000f6c                call_labels
 .bss.call_list
                0x20000fbc       0x50 CMakeFiles/balance_car_v2.elf.dir/Core/Src/uart_parser.c.obj
                0x20000fbc                call_list
 .bss.huart3    0x2000100c       0x44 CMakeFiles/balance_car_v2.elf.dir/Core/Src/usart.c.obj
                0x2000100c                huart3
 .bss.uwTick    0x20001050        0x4 CMakeFiles/balance_car_v2.elf.dir/Drivers/STM32F1xx_HAL_Driver/Src/stm32f1xx_hal.c.obj
                0x20001050                uwTick
 .bss.__lock___atexit_recursive_mutex
                0x20001054        0x1 c:/tools/gcc-arm-none-eabi-10.3-2021.07/bin/../lib/gcc/arm-none-eabi/10.3.1/../../../../arm-none-eabi/lib/thumb/v7-m/nofp\libg.a(lib_a-lock.o)
                0x20001054                __lock___atexit_recursive_mutex
 *fill*         0x20001055        0x3 
 .bss.__lock___malloc_recursive_mutex
                0x20001058        0x1 c:/tools/gcc-arm-none-eabi-10.3-2021.07/bin/../lib/gcc/arm-none-eabi/10.3.1/../../../../arm-none-eabi/lib/thumb/v7-m/nofp\libg.a(lib_a-lock.o)
                0x20001058                __lock___malloc_recursive_mutex
 *fill*         0x20001059        0x3 
 .bss.__lock___sfp_recursive_mutex
                0x2000105c        0x1 c:/tools/gcc-arm-none-eabi-10.3-2021.07/bin/../lib/gcc/arm-none-eabi/10.3.1/../../../../arm-none-eabi/lib/thumb/v7-m/nofp\libg.a(lib_a-lock.o)
                0x2000105c                __lock___sfp_recursive_mutex
 *fill*         0x2000105d        0x3 
 .bss.__lock___sinit_recursive_mutex
                0x20001060        0x1 c:/tools/gcc-arm-none-eabi-10.3-2021.07/bin/../lib/gcc/arm-none-eabi/10.3.1/../../../../arm-none-eabi/lib/thumb/v7-m/nofp\libg.a(lib_a-lock.o)
                0x20001060                __lock___sinit_recursive_mutex
 *fill*         0x20001061        0x3 
 .bss.__malloc_current_mallinfo
                0x20001064       0x28 c:/tools/gcc-arm-none-eabi-10.3-2021.07/bin/../lib/gcc/arm-none-eabi/10.3.1/../../../../arm-none-eabi/lib/thumb/v7-m/nofp\libg.a(lib_a-mallocr.o)
                0x20001064                __malloc_current_mallinfo
 .bss.__malloc_max_sbrked_mem
                0x2000108c        0x4 c:/tools/gcc-arm-none-eabi-10.3-2021.07/bin/../lib/gcc/arm-none-eabi/10.3.1/../../../../arm-none-eabi/lib/thumb/v7-m/nofp\libg.a(lib_a-mallocr.o)
                0x2000108c                __malloc_max_sbrked_mem
 .bss.__malloc_max_total_mem
                0x20001090        0x4 c:/tools/gcc-arm-none-eabi-10.3-2021.07/bin/../lib/gcc/arm-none-eabi/10.3.1/../../../../arm-none-eabi/lib/thumb/v7-m/nofp\libg.a(lib_a-mallocr.o)
                0x20001090                __malloc_max_total_mem
 .bss.__malloc_top_pad
                0x20001094        0x4 c:/tools/gcc-arm-none-eabi-10.3-2021.07/bin/../lib/gcc/arm-none-eabi/10.3.1/../../../../arm-none-eabi/lib/thumb/v7-m/nofp\libg.a(lib_a-mallocr.o)
                0x20001094                __malloc_top_pad
 .bss.errno     0x20001098        0x4 c:/tools/gcc-arm-none-eabi-10.3-2021.07/bin/../lib/gcc/arm-none-eabi/10.3.1/../../../../arm-none-eabi/lib/thumb/v7-m/nofp\libg.a(lib_a-reent.o)
                0x20001098                errno
 *(COMMON)
                0x2000109c                . = ALIGN (0x4)
                0x2000109c                _ebss = .
                0x2000109c                __bss_end__ = _ebss

._user_heap_stack
                0x2000109c      0x604 load address 0x0800e658
                0x200010a0                . = ALIGN (0x8)
 *fill*         0x2000109c        0x4 
                0x200010a0                PROVIDE (end = .)
                [!provide]                PROVIDE (_end = .)
                0x200012a0                . = (. + _Min_Heap_Size)
 *fill*         0x200010a0      0x200 
                0x200016a0                . = (. + _Min_Stack_Size)
 *fill*         0x200012a0      0x400 
                0x200016a0                . = ALIGN (0x8)

/DISCARD/
 libc.a(*)
 libm.a(*)
 libgcc.a(*)

.ARM.attributes
                0x00000000       0x29
 *(.ARM.attributes)
 .ARM.attributes
                0x00000000       0x1d c:/tools/gcc-arm-none-eabi-10.3-2021.07/bin/../lib/gcc/arm-none-eabi/10.3.1/thumb/v7-m/nofp/crti.o
 .ARM.attributes
                0x0000001d       0x2d c:/tools/gcc-arm-none-eabi-10.3-2021.07/bin/../lib/gcc/arm-none-eabi/10.3.1/thumb/v7-m/nofp/crtbegin.o
 .ARM.attributes
                0x0000004a       0x2d CMakeFiles/balance_car_v2.elf.dir/Core/Src/encoder.c.obj
 .ARM.attributes
                0x00000077       0x2d CMakeFiles/balance_car_v2.elf.dir/Core/Src/gpio.c.obj
 .ARM.attributes
                0x000000a4       0x2d CMakeFiles/balance_car_v2.elf.dir/Core/Src/i2c.c.obj
 .ARM.attributes
                0x000000d1       0x2d CMakeFiles/balance_car_v2.elf.dir/Core/Src/main.c.obj
 .ARM.attributes
                0x000000fe       0x2d CMakeFiles/balance_car_v2.elf.dir/Core/Src/mpu6050.c.obj
 .ARM.attributes
                0x0000012b       0x2d CMakeFiles/balance_car_v2.elf.dir/Core/Src/pid.c.obj
 .ARM.attributes
                0x00000158       0x2d CMakeFiles/balance_car_v2.elf.dir/Core/Src/retarget.c.obj
 .ARM.attributes
                0x00000185       0x2d CMakeFiles/balance_car_v2.elf.dir/Core/Src/stm32f1xx_hal_msp.c.obj
 .ARM.attributes
                0x000001b2       0x2d CMakeFiles/balance_car_v2.elf.dir/Core/Src/stm32f1xx_it.c.obj
 .ARM.attributes
                0x000001df       0x2d CMakeFiles/balance_car_v2.elf.dir/Core/Src/syscalls.c.obj
 .ARM.attributes
                0x0000020c       0x2d CMakeFiles/balance_car_v2.elf.dir/Core/Src/system_stm32f1xx.c.obj
 .ARM.attributes
                0x00000239       0x2d CMakeFiles/balance_car_v2.elf.dir/Core/Src/tb6612.c.obj
 .ARM.attributes
                0x00000266       0x2d CMakeFiles/balance_car_v2.elf.dir/Core/Src/test_freq.c.obj
 .ARM.attributes
                0x00000293       0x2d CMakeFiles/balance_car_v2.elf.dir/Core/Src/tim.c.obj
 .ARM.attributes
                0x000002c0       0x2d CMakeFiles/balance_car_v2.elf.dir/Core/Src/uart_parser.c.obj
 .ARM.attributes
                0x000002ed       0x2d CMakeFiles/balance_car_v2.elf.dir/Core/Src/usart.c.obj
 .ARM.attributes
                0x0000031a       0x2d CMakeFiles/balance_car_v2.elf.dir/Drivers/STM32F1xx_HAL_Driver/Src/stm32f1xx_hal.c.obj
 .ARM.attributes
                0x00000347       0x2d CMakeFiles/balance_car_v2.elf.dir/Drivers/STM32F1xx_HAL_Driver/Src/stm32f1xx_hal_cortex.c.obj
 .ARM.attributes
                0x00000374       0x2d CMakeFiles/balance_car_v2.elf.dir/Drivers/STM32F1xx_HAL_Driver/Src/stm32f1xx_hal_dma.c.obj
 .ARM.attributes
                0x000003a1       0x2d CMakeFiles/balance_car_v2.elf.dir/Drivers/STM32F1xx_HAL_Driver/Src/stm32f1xx_hal_gpio.c.obj
 .ARM.attributes
                0x000003ce       0x2d CMakeFiles/balance_car_v2.elf.dir/Drivers/STM32F1xx_HAL_Driver/Src/stm32f1xx_hal_i2c.c.obj
 .ARM.attributes
                0x000003fb       0x2d CMakeFiles/balance_car_v2.elf.dir/Drivers/STM32F1xx_HAL_Driver/Src/stm32f1xx_hal_rcc.c.obj
 .ARM.attributes
                0x00000428       0x2d CMakeFiles/balance_car_v2.elf.dir/Drivers/STM32F1xx_HAL_Driver/Src/stm32f1xx_hal_tim.c.obj
 .ARM.attributes
                0x00000455       0x2d CMakeFiles/balance_car_v2.elf.dir/Drivers/STM32F1xx_HAL_Driver/Src/stm32f1xx_hal_tim_ex.c.obj
 .ARM.attributes
                0x00000482       0x2d CMakeFiles/balance_car_v2.elf.dir/Drivers/STM32F1xx_HAL_Driver/Src/stm32f1xx_hal_uart.c.obj
 .ARM.attributes
                0x000004af       0x21 CMakeFiles/balance_car_v2.elf.dir/startup/startup_stm32f103xb.s.obj
 .ARM.attributes
                0x000004d0       0x1d c:/tools/gcc-arm-none-eabi-10.3-2021.07/bin/../lib/gcc/arm-none-eabi/10.3.1/thumb/v7-m/nofp\libgcc.a(_arm_addsubdf3.o)
 .ARM.attributes
                0x000004ed       0x1d c:/tools/gcc-arm-none-eabi-10.3-2021.07/bin/../lib/gcc/arm-none-eabi/10.3.1/thumb/v7-m/nofp\libgcc.a(_arm_muldivdf3.o)
 .ARM.attributes
                0x0000050a       0x1d c:/tools/gcc-arm-none-eabi-10.3-2021.07/bin/../lib/gcc/arm-none-eabi/10.3.1/thumb/v7-m/nofp\libgcc.a(_arm_cmpdf2.o)
 .ARM.attributes
                0x00000527       0x1d c:/tools/gcc-arm-none-eabi-10.3-2021.07/bin/../lib/gcc/arm-none-eabi/10.3.1/thumb/v7-m/nofp\libgcc.a(_arm_fixdfsi.o)
 .ARM.attributes
                0x00000544       0x1d c:/tools/gcc-arm-none-eabi-10.3-2021.07/bin/../lib/gcc/arm-none-eabi/10.3.1/thumb/v7-m/nofp\libgcc.a(_arm_truncdfsf2.o)
 .ARM.attributes
                0x00000561       0x1d c:/tools/gcc-arm-none-eabi-10.3-2021.07/bin/../lib/gcc/arm-none-eabi/10.3.1/thumb/v7-m/nofp\libgcc.a(_arm_addsubsf3.o)
 .ARM.attributes
                0x0000057e       0x1d c:/tools/gcc-arm-none-eabi-10.3-2021.07/bin/../lib/gcc/arm-none-eabi/10.3.1/thumb/v7-m/nofp\libgcc.a(_arm_muldivsf3.o)
 .ARM.attributes