Archive member included to satisfy reference by file (symbol)

c:/tools/gcc-arm-none-eabi-10.3-2021.07/bin/../lib/gcc/arm-none-eabi/10.3.1/thumb/v7-m/nofp\libgcc.a(_arm_muldf3.o)
                              CMakeFiles/balance_car_v2.elf.dir/Core/Src/mpu6050.c.obj (__aeabi_dmul)
c:/tools/gcc-arm-none-eabi-10.3-2021.07/bin/../lib/gcc/arm-none-eabi/10.3.1/thumb/v7-m/nofp\libgcc.a(_arm_mulsf3.o)
                              CMakeFiles/balance_car_v2.elf.dir/Core/Src/main.c.obj (__aeabi_fmul)
c:/tools/gcc-arm-none-eabi-10.3-2021.07/bin/../lib/gcc/arm-none-eabi/10.3.1/thumb/v7-m/nofp\libgcc.a(_arm_addsubdf3.o)
                              CMakeFiles/balance_car_v2.elf.dir/Core/Src/mpu6050.c.obj (__aeabi_dsub)
c:/tools/gcc-arm-none-eabi-10.3-2021.07/bin/../lib/gcc/arm-none-eabi/10.3.1/thumb/v7-m/nofp\libgcc.a(_arm_muldivdf3.o)
                              CMakeFiles/balance_car_v2.elf.dir/Core/Src/mpu6050.c.obj (__aeabi_ddiv)
c:/tools/gcc-arm-none-eabi-10.3-2021.07/bin/../lib/gcc/arm-none-eabi/10.3.1/thumb/v7-m/nofp\libgcc.a(_arm_cmpdf2.o)
                              CMakeFiles/balance_car_v2.elf.dir/Core/Src/mpu6050.c.obj (__aeabi_dcmpeq)
c:/tools/gcc-arm-none-eabi-10.3-2021.07/bin/../lib/gcc/arm-none-eabi/10.3.1/thumb/v7-m/nofp\libgcc.a(_arm_fixdfsi.o)
                              CMakeFiles/balance_car_v2.elf.dir/Core/Src/main.c.obj (__aeabi_d2iz)
c:/tools/gcc-arm-none-eabi-10.3-2021.07/bin/../lib/gcc/arm-none-eabi/10.3.1/thumb/v7-m/nofp\libgcc.a(_arm_truncdfsf2.o)
                              CMakeFiles/balance_car_v2.elf.dir/Core/Src/uart_parser.c.obj (__aeabi_d2f)
c:/tools/gcc-arm-none-eabi-10.3-2021.07/bin/../lib/gcc/arm-none-eabi/10.3.1/thumb/v7-m/nofp\libgcc.a(_arm_addsubsf3.o)
                              CMakeFiles/balance_car_v2.elf.dir/Core/Src/main.c.obj (__aeabi_fadd)
c:/tools/gcc-arm-none-eabi-10.3-2021.07/bin/../lib/gcc/arm-none-eabi/10.3.1/thumb/v7-m/nofp\libgcc.a(_arm_muldivsf3.o)
                              CMakeFiles/balance_car_v2.elf.dir/Core/Src/mpu6050.c.obj (__aeabi_fdiv)
c:/tools/gcc-arm-none-eabi-10.3-2021.07/bin/../lib/gcc/arm-none-eabi/10.3.1/../../../../arm-none-eabi/lib/thumb/v7-m/nofp\libg.a(lib_a-atof.o)
                              CMakeFiles/balance_car_v2.elf.dir/Core/Src/uart_parser.c.obj (atof)
c:/tools/gcc-arm-none-eabi-10.3-2021.07/bin/../lib/gcc/arm-none-eabi/10.3.1/../../../../arm-none-eabi/lib/thumb/v7-m/nofp\libg.a(lib_a-errno.o)
                              CMakeFiles/balance_car_v2.elf.dir/Core/Src/retarget.c.obj (__errno)
c:/tools/gcc-arm-none-eabi-10.3-2021.07/bin/../lib/gcc/arm-none-eabi/10.3.1/../../../../arm-none-eabi/lib/thumb/v7-m/nofp\libg.a(lib_a-exit.o)
                              c:/tools/gcc-arm-none-eabi-10.3-2021.07/bin/../lib/gcc/arm-none-eabi/10.3.1/../../../../arm-none-eabi/lib/thumb/v7-m/nofp/crt0.o (exit)
c:/tools/gcc-arm-none-eabi-10.3-2021.07/bin/../lib/gcc/arm-none-eabi/10.3.1/../../../../arm-none-eabi/lib/thumb/v7-m/nofp\libg.a(lib_a-impure.o)
                              c:/tools/gcc-arm-none-eabi-10.3-2021.07/bin/../lib/gcc/arm-none-eabi/10.3.1/../../../../arm-none-eabi/lib/thumb/v7-m/nofp\libg.a(lib_a-exit.o) (_global_impure_ptr)
c:/tools/gcc-arm-none-eabi-10.3-2021.07/bin/../lib/gcc/arm-none-eabi/10.3.1/../../../../arm-none-eabi/lib/thumb/v7-m/nofp\libg.a(lib_a-init.o)
                              c:/tools/gcc-arm-none-eabi-10.3-2021.07/bin/../lib/gcc/arm-none-eabi/10.3.1/../../../../arm-none-eabi/lib/thumb/v7-m/nofp/crt0.o (__libc_init_array)
c:/tools/gcc-arm-none-eabi-10.3-2021.07/bin/../lib/gcc/arm-none-eabi/10.3.1/../../../../arm-none-eabi/lib/thumb/v7-m/nofp\libg.a(lib_a-memset.o)
                              c:/tools/gcc-arm-none-eabi-10.3-2021.07/bin/../lib/gcc/arm-none-eabi/10.3.1/../../../../arm-none-eabi/lib/thumb/v7-m/nofp/crt0.o (memset)
c:/tools/gcc-arm-none-eabi-10.3-2021.07/bin/../lib/gcc/arm-none-eabi/10.3.1/../../../../arm-none-eabi/lib/thumb/v7-m/nofp\libg.a(lib_a-puts.o)
                              CMakeFiles/balance_car_v2.elf.dir/Core/Src/main.c.obj (puts)
c:/tools/gcc-arm-none-eabi-10.3-2021.07/bin/../lib/gcc/arm-none-eabi/10.3.1/../../../../arm-none-eabi/lib/thumb/v7-m/nofp\libg.a(lib_a-setvbuf.o)
                              CMakeFiles/balance_car_v2.elf.dir/Core/Src/retarget.c.obj (setvbuf)
c:/tools/gcc-arm-none-eabi-10.3-2021.07/bin/../lib/gcc/arm-none-eabi/10.3.1/../../../../arm-none-eabi/lib/thumb/v7-m/nofp\libg.a(lib_a-strcat.o)
                              CMakeFiles/balance_car_v2.elf.dir/Core/Src/uart_parser.c.obj (strcat)
c:/tools/gcc-arm-none-eabi-10.3-2021.07/bin/../lib/gcc/arm-none-eabi/10.3.1/../../../../arm-none-eabi/lib/thumb/v7-m/nofp\libg.a(lib_a-strcpy.o)
                              c:/tools/gcc-arm-none-eabi-10.3-2021.07/bin/../lib/gcc/arm-none-eabi/10.3.1/../../../../arm-none-eabi/lib/thumb/v7-m/nofp\libg.a(lib_a-strcat.o) (strcpy)
[...]
Memory Configuration

Name             Origin             Length             Attributes
RAM              0x20000000         0x00005000         xrw
FLASH            0x08000000         0x00010000         xr
*default*        0x00000000         0xffffffff

Linker script and memory map

LOAD c:/tools/gcc-arm-none-eabi-10.3-2021.07/bin/../lib/gcc/arm-none-eabi/10.3.1/thumb/v7-m/nofp/crti.o
LOAD c:/tools/gcc-arm-none-eabi-10.3-2021.07/bin/../lib/gcc/arm-none-eabi/10.3.1/thumb/v7-m/nofp/crtbegin.o
LOAD c:/tools/gcc-arm-none-eabi-10.3-2021.07/bin/../lib/gcc/arm-none-eabi/10.3.1/../../../../arm-none-eabi/lib/thumb/v7-m/nofp/crt0.o
LOAD CMakeFiles/balance_car_v2.elf.dir/Core/Src/encoder.c.obj
LOAD CMakeFiles/balance_car_v2.elf.dir/Core/Src/gpio.c.obj
LOAD CMakeFiles/balance_car_v2.elf.dir/Core/Src/i2c.c.obj
LOAD CMakeFiles/balance_car_v2.elf.dir/Core/Src/main.c.obj
LOAD CMakeFiles/balance_car_v2.elf.dir/Core/Src/mpu6050.c.obj
LOAD CMakeFiles/balance_car_v2.elf.dir/Core/Src/pid.c.obj
LOAD CMakeFiles/balance_car_v2.elf.dir/Core/Src/retarget.c.obj
LOAD CMakeFiles/balance_car_v2.elf.dir/Core/Src/stm32f1xx_hal_msp.c.obj
LOAD CMakeFiles/balance_car_v2.elf.dir/Core/Src/stm32f1xx_it.c.obj
LOAD CMakeFiles/balance_car_v2.elf.dir/Core/Src/syscalls.c.obj
LOAD CMakeFiles/balance_car_v2.elf.dir/Core/Src/system_stm32f1xx.c.obj
LOAD CMakeFiles/balance_car_v2.elf.dir/Core/Src/tb6612.c.obj
LOAD CMakeFiles/balance_car_v2.elf.dir/Core/Src/test_freq.c.obj
LOAD CMakeFiles/balance_car_v2.elf.dir/Core/Src/tim.c.obj
LOAD CMakeFiles/balance_car_v2.elf.dir/Core/Src/uart_parser.c.obj
LOAD CMakeFiles/balance_car_v2.elf.dir/Core/Src/usart.c.obj
LOAD CMakeFiles/balance_car_v2.elf.dir/Drivers/STM32F1xx_HAL_Driver/Src/stm32f1xx_hal.c.obj
LOAD CMakeFiles/balance_car_v2.elf.dir/Drivers/STM32F1xx_HAL_Driver/Src/stm32f1xx_hal_cortex.c.obj
LOAD CMakeFiles/balance_car_v2.elf.dir/Drivers/STM32F1xx_HAL_Driver/Src/stm32f1xx_hal_dma.c.obj
LOAD CMakeFiles/balance_car_v2.elf.dir/Drivers/STM32F1xx_HAL_Driver/Src/stm32f1xx_hal_exti.c.obj
LOAD CMakeFiles/balance_car_v2.elf.dir/Drivers/STM32F1xx_HAL_Driver/Src/stm32f1xx_hal_flash.c.obj
LOAD CMakeFiles/balance_car_v2.elf.dir/Drivers/STM32F1xx_HAL_Driver/Src/stm32f1xx_hal_flash_ex.c.obj
LOAD CMakeFiles/balance_car_v2.elf.dir/Drivers/STM32F1xx_HAL_Driver/Src/stm32f1xx_hal_gpio.c.obj
LOAD CMakeFiles/balance_car_v2.elf.dir/Drivers/STM32F1xx_HAL_Driver/Src/stm32f1xx_hal_gpio_ex.c.obj
LOAD CMakeFiles/balance_car_v2.elf.dir/Drivers/STM32F1xx_HAL_Driver/Src/stm32f1xx_hal_i2c.c.obj
LOAD CMakeFiles/balance_car_v2.elf.dir/Drivers/STM32F1xx_HAL_Driver/Src/stm32f1xx_hal_pwr.c.obj
LOAD CMakeFiles/balance_car_v2.elf.dir/Drivers/STM32F1xx_HAL_Driver/Src/stm32f1xx_hal_rcc.c.obj
LOAD CMakeFiles/balance_car_v2.elf.dir/Drivers/STM32F1xx_HAL_Driver/Src/stm32f1xx_hal_rcc_ex.c.obj
LOAD CMakeFiles/balance_car_v2.elf.dir/Drivers/STM32F1xx_HAL_Driver/Src/stm32f1xx_hal_tim.c.obj
LOAD CMakeFiles/balance_car_v2.elf.dir/Drivers/STM32F1xx_HAL_Driver/Src/stm32f1xx_hal_tim_ex.c.obj
LOAD CMakeFiles/balance_car_v2.elf.dir/Drivers/STM32F1xx_HAL_Driver/Src/stm32f1xx_hal_uart.c.obj
LOAD CMakeFiles/balance_car_v2.elf.dir/startup/startup_stm32f103xb.s.obj
START GROUP
LOAD c:/tools/gcc-arm-none-eabi-10.3-2021.07/bin/../lib/gcc/arm-none-eabi/10.3.1/thumb/v7-m/nofp\libgcc.a
LOAD c:/tools/gcc-arm-none-eabi-10.3-2021.07/bin/../lib/gcc/arm-none-eabi/10.3.1/../../../../arm-none-eabi/lib/thumb/v7-m/nofp\libg.a
LOAD c:/tools/gcc-arm-none-eabi-10.3-2021.07/bin/../lib/gcc/arm-none-eabi/10.3.1/../../../../arm-none-eabi/lib/thumb/v7-m/nofp\libc.a
END GROUP
LOAD c:/tools/gcc-arm-none-eabi-10.3-2021.07/bin/../lib/gcc/arm-none-eabi/10.3.1/thumb/v7-m/nofp/crtend.o
LOAD c:/tools/gcc-arm-none-eabi-10.3-2021.07/bin/../lib/gcc/arm-none-eabi/10.3.1/thumb/v7-m/nofp/crtn.o
                0x20005000                _estack = 0x20005000
                0x00000200                _Min_Heap_Size = 0x200
                0x00000400                _Min_Stack_Size = 0x400

.isr_vector     0x08000000      0x10c
                0x08000000                . = ALIGN (0x4)
 *(.isr_vector)
 .isr_vector    0x08000000      0x10c CMakeFiles/balance_car_v2.elf.dir/startup/startup_stm32f103xb.s.obj
                0x08000000                g_pfnVectors
                0x0800010c                . = ALIGN (0x4)

.text           0x08000110     0xa798
                0x08000110                . = ALIGN (0x4)
 *(.text)
 .text          0x08000110       0x40 c:/tools/gcc-arm-none-eabi-10.3-2021.07/bin/../lib/gcc/arm-none-eabi/10.3.1/thumb/v7-m/nofp/crtbegin.o
 .text          0x08000150      0x378 c:/tools/gcc-arm-none-eabi-10.3-2021.07/bin/../lib/gcc/arm-none-eabi/10.3.1/thumb/v7-m/nofp\libgcc.a(_arm_addsubdf3.o)
                0x08000150                __aeabi_drsub
                0x08000158                __aeabi_dsub
                0x08000158                __subdf3
                0x0800015c                __aeabi_dadd
                0x0800015c                __adddf3
                0x080003d4                __floatunsidf
                0x080003d4                __aeabi_ui2d
                0x080003f4                __floatsidf
                0x080003f4                __aeabi_i2d
                0x08000418                __aeabi_f2d
                0x08000418                __extendsfdf2
                0x0800045c                __floatundidf
                0x0800045c                __aeabi_ul2d
                0x0800046c                __floatdidf
                0x0800046c                __aeabi_l2d
 .text          0x080004c8      0x424 c:/tools/gcc-arm-none-eabi-10.3-2021.07/bin/../lib/gcc/arm-none-eabi/10.3.1/thumb/v7-m/nofp\libgcc.a(_arm_muldivdf3.o)
                0x080004c8                __aeabi_dmul
                0x080004c8                __muldf3
                0x0800071c                __divdf3
                0x0800071c                __aeabi_ddiv
 .text          0x080008ec      0x110 c:/tools/gcc-arm-none-eabi-10.3-2021.07/bin/../lib/gcc/arm-none-eabi/10.3.1/thumb/v7-m/nofp\libgcc.a(_arm_cmpdf2.o)
                0x080008ec                __gtdf2
                0x080008ec                __gedf2
                0x080008f4                __ltdf2
                0x080008f4                __ledf2
                0x080008fc                __nedf2
                0x080008fc                __eqdf2
                0x080008fc                __cmpdf2
                0x08000978                __aeabi_cdrcmple
                0x08000988                __aeabi_cdcmpeq
                0x08000988                __aeabi_cdcmple
                0x08000998                __aeabi_dcmpeq
                0x080009ac                __aeabi_dcmplt
                0x080009c0                __aeabi_dcmple
                0x080009d4                __aeabi_dcmpge
                0x080009e8                __aeabi_dcmpgt
 .text          0x080009fc       0x50 c:/tools/gcc-arm-none-eabi-10.3-2021.07/bin/../lib/gcc/arm-none-eabi/10.3.1/thumb/v7-m/nofp\libgcc.a(_arm_fixdfsi.o)
                0x080009fc                __aeabi_d2iz
                0x080009fc                __fixdfsi
 .text          0x08000a4c       0xa0 c:/tools/gcc-arm-none-eabi-10.3-2021.07/bin/../lib/gcc/arm-none-eabi/10.3.1/thumb/v7-m/nofp\libgcc.a(_arm_truncdfsf2.o)
                0x08000a4c                __truncdfsf2
                0x08000a4c                __aeabi_d2f
 .text          0x08000aec      0x21c c:/tools/gcc-arm-none-eabi-10.3-2021.07/bin/../lib/gcc/arm-none-eabi/10.3.1/thumb/v7-m/nofp\libgcc.a(_arm_addsubsf3.o)
                0x08000aec                __aeabi_frsub
                0x08000af4                __subsf3
                0x08000af4                __aeabi_fsub
                0x08000af8                __aeabi_fadd
                0x08000af8                __addsf3
                0x08000c58                __aeabi_ui2f
                0x08000c58                __floatunsisf
                0x08000c60                __aeabi_i2f
                0x08000c60                __floatsisf
                0x08000c7c                __aeabi_ul2f
                0x08000c7c                __floatundisf
                0x08000c8c                __aeabi_l2f
                0x08000c8c                __floatdisf
 .text          0x08000d08      0x2a0 c:/tools/gcc-arm-none-eabi-10.3-2021.07/bin/../lib/gcc/arm-none-eabi/10.3.1/thumb/v7-m/nofp\libgcc.a(_arm_muldivsf3.o)
                0x08000d08                __mulsf3
                0x08000d08                __aeabi_fmul
                0x08000e70                __aeabi_fdiv
                0x08000e70                __divsf3
 .text          0x08000fa8       0xec c:/tools/gcc-arm-none-eabi-10.3-2021.07/bin/../lib/gcc/arm-none-eabi/10.3.1/../../../../arm-none-eabi/lib/thumb/v7-m/nofp\libg.a(lib_a-memcpy.o)
                0x08000fa8                memcpy
 .text          0x08001094       0x2c c:/tools/gcc-arm-none-eabi-10.3-2021.07/bin/../lib/gcc/arm-none-eabi/10.3.1/thumb/v7-m/nofp\libgcc.a(_arm_unorddf2.o)
                0x08001094                __unorddf2
                0x08001094                __aeabi_dcmpun
 .text          0x080010c0       0x40 c:/tools/gcc-arm-none-eabi-10.3-2021.07/bin/../lib/gcc/arm-none-eabi/10.3.1/thumb/v7-m/nofp\libgcc.a(_arm_fixunsdfsi.o)
                0x080010c0                __aeabi_d2uiz
                0x080010c0                __fixunsdfsi
 .text          0x08001100       0x30 c:/tools/gcc-arm-none-eabi-10.3-2021.07/bin/../lib/gcc/arm-none-eabi/10.3.1/thumb/v7-m/nofp\libgcc.a(_aeabi_uldivmod.o)
                0x08001100                __aeabi_uldivmod
 .text          0x08001130       0x34 c:/tools/gcc-arm-none-eabi-10.3-2021.07/bin/../lib/gcc/arm-none-eabi/10.3.1/thumb/v7-m/nofp\libgcc.a(_fixdfdi.o)
                0x08001130                __fixdfdi
                0x08001130                __aeabi_d2lz
 .text          0x08001164       0x3c c:/tools/gcc-arm-none-eabi-10.3-2021.07/bin/../lib/gcc/arm-none-eabi/10.3.1/thumb/v7-m/nofp\libgcc.a(_fixunsdfdi.o)
                0x08001164                __fixunsdfdi
                0x08001164                __aeabi_d2ulz
 .text          0x080011a0      0x2d4 c:/tools/gcc-arm-none-eabi-10.3-2021.07/bin/../lib/gcc/arm-none-eabi/10.3.1/thumb/v7-m/nofp\libgcc.a(_udivmoddi4.o)
                0x080011a0                __udivmoddi4
 .text          0x08001474        0x4 c:/tools/gcc-arm-none-eabi-10.3-2021.07/bin/../lib/gcc/arm-none-eabi/10.3.1/thumb/v7-m/nofp\libgcc.a(_dvmd_tls.o)
                0x08001474                __aeabi_idiv0
                0x08001474                __aeabi_ldiv0
 *(.text*)
 .text.encoder_init
                0x08001478       0x28 CMakeFiles/balance_car_v2.elf.dir/Core/Src/encoder.c.obj
                0x08001478                encoder_init
 .text.HAL_TIM_PeriodElapsedCallback
                0x080014a0       0x48 CMakeFiles/balance_car_v2.elf.dir/Core/Src/encoder.c.obj
                0x080014a0                HAL_TIM_PeriodElapsedCallback
 .text.encoder_get_speed
                0x080014e8       0x1c CMakeFiles/balance_car_v2.elf.dir/Core/Src/encoder.c.obj
                0x080014e8                encoder_get_speed
 .text.MX_GPIO_Init
                0x08001504       0xf4 CMakeFiles/balance_car_v2.elf.dir/Core/Src/gpio.c.obj
                0x08001504                MX_GPIO_Init
 .text.MX_I2C1_Init
                0x080015f8       0x3c CMakeFiles/balance_car_v2.elf.dir/Core/Src/i2c.c.obj
                0x080015f8                MX_I2C1_Init
 .text.HAL_I2C_MspInit
                0x08001634       0x78 CMakeFiles/balance_car_v2.elf.dir/Core/Src/i2c.c.obj
                0x08001634                HAL_I2C_MspInit
 .text.set_speed
                0x080016ac       0x18 CMakeFiles/balance_car_v2.elf.dir/Core/Src/main.c.obj
                0x080016ac                set_speed
 .text.set_tb6612
                0x080016c4       0x40 CMakeFiles/balance_car_v2.elf.dir/Core/Src/main.c.obj
                0x080016c4                set_tb6612
 *fill*         0x08001704        0x4 
 .text.set_pid  0x08001708       0xcc CMakeFiles/balance_car_v2.elf.dir/Core/Src/main.c.obj
                0x08001708                set_pid
 .text.Error_Handler
                0x080017d4        0x4 CMakeFiles/balance_car_v2.elf.dir/Core/Src/main.c.obj
                0x080017d4                Error_Handler
 .text.SystemClock_Config
                0x080017d8       0x64 CMakeFiles/balance_car_v2.elf.dir/Core/Src/main.c.obj
                0x080017d8                SystemClock_Config
 .text.main     0x0800183c      0x140 CMakeFiles/balance_car_v2.elf.dir/Core/Src/main.c.obj
                0x0800183c                main
 .text.MPU6050_Init
                0x0800197c       0xa0 CMakeFiles/balance_car_v2.elf.dir/Core/Src/mpu6050.c.obj
                0x0800197c                MPU6050_Init
 .text.Kalman_getAngle
                0x08001a1c      0x1f2 CMakeFiles/balance_car_v2.elf.dir/Core/Src/mpu6050.c.obj
                0x08001a1c                Kalman_getAngle
 *fill*         0x08001c0e        0x2 
 .text.MPU6050_Read_All
                0x08001c10      0x29c CMakeFiles/balance_car_v2.elf.dir/Core/Src/mpu6050.c.obj
                0x08001c10                MPU6050_Read_All
 .text.pid_get_u
                0x08001eac       0xe0 CMakeFiles/balance_car_v2.elf.dir/Core/Src/pid.c.obj
                0x08001eac                pid_get_u
 .text.RetargetInit
                0x08001f8c       0x20 CMakeFiles/balance_car_v2.elf.dir/Core/Src/retarget.c.obj
                0x08001f8c                RetargetInit
 .text._isatty  0x08001fac       0x16 CMakeFiles/balance_car_v2.elf.dir/Core/Src/retarget.c.obj
                0x08001fac                _isatty
 *fill*         0x08001fc2        0x2 
 .text._write   0x08001fc4       0x34 CMakeFiles/balance_car_v2.elf.dir/Core/Src/retarget.c.obj
                0x08001fc4                _write
 .text._close   0x08001ff8       0x18 CMakeFiles/balance_car_v2.elf.dir/Core/Src/retarget.c.obj
                0x08001ff8                _close
 .text._lseek   0x08002010       0x10 CMakeFiles/balance_car_v2.elf.dir/Core/Src/retarget.c.obj
                0x08002010                _lseek
 .text._read    0x08002020       0x30 CMakeFiles/balance_car_v2.elf.dir/Core/Src/retarget.c.obj
                0x08002020                _read
 .text._fstat   0x08002050       0x1a CMakeFiles/balance_car_v2.elf.dir/Core/Src/retarget.c.obj
                0x08002050                _fstat
 *fill*         0x0800206a        0x2 
 .text.HAL_MspInit
                0x0800206c       0x44 CMakeFiles/balance_car_v2.elf.dir/Core/Src/stm32f1xx_hal_msp.c.obj
                0x0800206c                HAL_MspInit
 .text.NMI_Handler
                0x080020b0        0x2 CMakeFiles/balance_car_v2.elf.dir/Core/Src/stm32f1xx_it.c.obj
                0x080020b0                NMI_Handler
 .text.HardFault_Handler
                0x080020b2        0x2 CMakeFiles/balance_car_v2.elf.dir/Core/Src/stm32f1xx_it.c.obj
                0x080020b2                HardFault_Handler
 .text.MemManage_Handler
                0x080020b4        0x2 CMakeFiles/balance_car_v2.elf.dir/Core/Src/stm32f1xx_it.c.obj
                0x080020b4                MemManage_Handler
 .text.BusFault_Handler
                0x080020b6        0x2 CMakeFiles/balance_car_v2.elf.dir/Core/Src/stm32f1xx_it.c.obj
                0x080020b6                BusFault_Handler
 .text.UsageFault_Handler
                0x080020b8        0x2 CMakeFiles/balance_car_v2.elf.dir/Core/Src/stm32f1xx_it.c.obj
                0x080020b8                UsageFault_Handler
 .text.SVC_Handler
                0x080020ba        0x2 CMakeFiles/balance_car_v2.elf.dir/Core/Src/stm32f1xx_it.c.obj
                0x080020ba                SVC_Handler
 .text.DebugMon_Handler
                0x080020bc        0x2 CMakeFiles/balance_car_v2.elf.dir/Core/Src/stm32f1xx_it.c.obj
                0x080020bc                DebugMon_Handler
 .text.PendSV_Handler
                0x080020be        0x2 CMakeFiles/balance_car_v2.elf.dir/Core/Src/stm32f1xx_it.c.obj
                0x080020be                PendSV_Handler
 .text.SysTick_Handler
                0x080020c0        0x8 CMakeFiles/balance_car_v2.elf.dir/Core/Src/stm32f1xx_it.c.obj
                0x080020c0                SysTick_Handler
 .text.TIM2_IRQHandler
                0x080020c8       0x10 CMakeFiles/balance_car_v2.elf.dir/Core/Src/stm32f1xx_it.c.obj
                0x080020c8                TIM2_IRQHandler
 .text.TIM3_IRQHandler
                0x080020d8       0x10 CMakeFiles/balance_car_v2.elf.dir/Core/Src/stm32f1xx_it.c.obj
                0x080020d8                TIM3_IRQHandler
 .text.TIM4_IRQHandler
                0x080020e8       0x10 CMakeFiles/balance_car_v2.elf.dir/Core/Src/stm32f1xx_it.c.obj
                0x080020e8                TIM4_IRQHandler
 .text.USART3_IRQHandler
                0x080020f8       0x10 CMakeFiles/balance_car_v2.elf.dir/Core/Src/stm32f1xx_it.c.obj
                0x080020f8                USART3_IRQHandler
 .text.EXTI15_10_IRQHandler
                0x08002108        0xc CMakeFiles/balance_car_v2.elf.dir/Core/Src/stm32f1xx_it.c.obj
                0x08002108                EXTI15_10_IRQHandler
 .text._getpid  0x08002114        0x4 CMakeFiles/balance_car_v2.elf.dir/Core/Src/syscalls.c.obj
                0x08002114                _getpid
 .text._kill    0x08002118       0x10 CMakeFiles/balance_car_v2.elf.dir/Core/Src/syscalls.c.obj
                0x08002118                _kill
 .text._exit    0x08002128        0xc CMakeFiles/balance_car_v2.elf.dir/Core/Src/syscalls.c.obj
                0x08002128                _exit
 .text._sbrk    0x08002134       0x3c CMakeFiles/balance_car_v2.elf.dir/Core/Src/syscalls.c.obj
                0x08002134                _sbrk
 .text.SystemInit
                0x08002170        0x2 CMakeFiles/balance_car_v2.elf.dir/Core/Src/system_stm32f1xx.c.obj
                0x08002170                SystemInit
 .text.tb6612_init
                0x08002172       0x16 CMakeFiles/balance_car_v2.elf.dir/Core/Src/tb6612.c.obj
                0x08002172                tb6612_init
 .text.tb6612_set_value
                0x08002188       0x7e CMakeFiles/balance_car_v2.elf.dir/Core/Src/tb6612.c.obj
                0x08002188                tb6612_set_value
 *fill*         0x08002206        0x2 
 .text.test_freq_begin
                0x08002208       0x24 CMakeFiles/balance_car_v2.elf.dir/Core/Src/test_freq.c.obj
                0x08002208                test_freq_begin
 .text.test_freq_end
                0x0800222c       0x20 CMakeFiles/balance_car_v2.elf.dir/Core/Src/test_freq.c.obj
                0x0800222c                test_freq_end
 .text.MX_TIM2_Init
                0x0800224c       0x60 CMakeFiles/balance_car_v2.elf.dir/Core/Src/tim.c.obj
                0x0800224c                MX_TIM2_Init
 .text.MX_TIM3_Init
                0x080022ac       0x70 CMakeFiles/balance_car_v2.elf.dir/Core/Src/tim.c.obj
                0x080022ac                MX_TIM3_Init
 .text.MX_TIM4_Init
                0x0800231c       0x64 CMakeFiles/balance_car_v2.elf.dir/Core/Src/tim.c.obj
                0x0800231c                MX_TIM4_Init
 .text.HAL_TIM_Base_MspInit
                0x08002380       0x60 CMakeFiles/balance_car_v2.elf.dir/Core/Src/tim.c.obj
                0x08002380                HAL_TIM_Base_MspInit
 .text.HAL_TIM_Encoder_MspInit
                0x080023e0       0xbc CMakeFiles/balance_car_v2.elf.dir/Core/Src/tim.c.obj
                0x080023e0                HAL_TIM_Encoder_MspInit
 .text.HAL_TIM_MspPostInit
                0x0800249c       0x50 CMakeFiles/balance_car_v2.elf.dir/Core/Src/tim.c.obj
                0x0800249c                HAL_TIM_MspPostInit
 .text.MX_TIM1_Init
                0x080024ec       0xfc CMakeFiles/balance_car_v2.elf.dir/Core/Src/tim.c.obj
                0x080024ec                MX_TIM1_Init
 .text.uart_parser_init
                0x080025e8       0x24 CMakeFiles/balance_car_v2.elf.dir/Core/Src/uart_parser.c.obj
                0x080025e8                uart_parser_init
 .text.HAL_UART_RxCpltCallback
                0x0800260c       0xc4 CMakeFiles/balance_car_v2.elf.dir/Core/Src/uart_parser.c.obj
                0x0800260c                HAL_UART_RxCpltCallback
 .text.uart_parser_add_command
                0x080026d0       0x30 CMakeFiles/balance_car_v2.elf.dir/Core/Src/uart_parser.c.obj
                0x080026d0                uart_parser_add_command
 .text.uart_parser_scalar
                0x08002700       0x1a CMakeFiles/balance_car_v2.elf.dir/Core/Src/uart_parser.c.obj
                0x08002700                uart_parser_scalar
 *fill*         0x0800271a        0x2 
 .text.MX_USART3_UART_Init
                0x0800271c       0x34 CMakeFiles/balance_car_v2.elf.dir/Core/Src/usart.c.obj
                0x0800271c                MX_USART3_UART_Init
 .text.HAL_UART_MspInit
                0x08002750       0x88 CMakeFiles/balance_car_v2.elf.dir/Core/Src/usart.c.obj
                0x08002750                HAL_UART_MspInit
 .text.HAL_InitTick
                0x080027d8       0x4c CMakeFiles/balance_car_v2.elf.dir/Drivers/STM32F1xx_HAL_Driver/Src/stm32f1xx_hal.c.obj
                0x080027d8                HAL_InitTick
 .text.HAL_Init
                0x08002824       0x24 CMakeFiles/balance_car_v2.elf.dir/Drivers/STM32F1xx_HAL_Driver/Src/stm32f1xx_hal.c.obj
                0x08002824                HAL_Init
 .text.HAL_IncTick
                0x08002848       0x18 CMakeFiles/balance_car_v2.elf.dir/Drivers/STM32F1xx_HAL_Driver/Src/stm32f1xx_hal.c.obj
                0x08002848                HAL_IncTick
 .text.HAL_GetTick
                0x08002860        0xc CMakeFiles/balance_car_v2.elf.dir/Drivers/STM32F1xx_HAL_Driver/Src/stm32f1xx_hal.c.obj
                0x08002860                HAL_GetTick
 .text.HAL_GetTickFreq
                0x0800286c        0xc CMakeFiles/balance_car_v2.elf.dir/Drivers/STM32F1xx_HAL_Driver/Src/stm32f1xx_hal.c.obj
                0x0800286c                HAL_GetTickFreq
 .text.HAL_Delay
                0x08002878       0x28 CMakeFiles/balance_car_v2.elf.dir/Drivers/STM32F1xx_HAL_Driver/Src/stm32f1xx_hal.c.obj
                0x08002878                HAL_Delay
 .text.HAL_NVIC_SetPriorityGrouping
                0x080028a0       0x24 CMakeFiles/balance_car_v2.elf.dir/Drivers/STM32F1xx_HAL_Driver/Src/stm32f1xx_hal_cortex.c.obj
                0x080028a0                HAL_NVIC_SetPriorityGrouping
 .text.HAL_NVIC_SetPriority
                0x080028c4       0x70 CMakeFiles/balance_car_v2.elf.dir/Drivers/STM32F1xx_HAL_Driver/Src/stm32f1xx_hal_cortex.c.obj
                0x080028c4                HAL_NVIC_SetPriority
 .text.HAL_NVIC_EnableIRQ
                0x08002934       0x1c CMakeFiles/balance_car_v2.elf.dir/Drivers/STM32F1xx_HAL_Driver/Src/stm32f1xx_hal_cortex.c.obj
                0x08002934                HAL_NVIC_EnableIRQ
 .text.HAL_SYSTICK_Config
                0x08002950       0x28 CMakeFiles/balance_car_v2.elf.dir/Drivers/STM32F1xx_HAL_Driver/Src/stm32f1xx_hal_cortex.c.obj
                0x08002950                HAL_SYSTICK_Config
 .text.HAL_DMA_Abort
                0x08002978       0x44 CMakeFiles/balance_car_v2.elf.dir/Drivers/STM32F1xx_HAL_Driver/Src/stm32f1xx_hal_dma.c.obj
                0x08002978                HAL_DMA_Abort
 .text.HAL_DMA_Abort_IT
                0x080029bc       0x98 CMakeFiles/balance_car_v2.elf.dir/Drivers/STM32F1xx_HAL_Driver/Src/stm32f1xx_hal_dma.c.obj
                0x080029bc                HAL_DMA_Abort_IT
 .text.HAL_GPIO_Init
                0x08002a54      0x224 CMakeFiles/balance_car_v2.elf.dir/Drivers/STM32F1xx_HAL_Driver/Src/stm32f1xx_hal_gpio.c.obj
                0x08002a54                HAL_GPIO_Init
 .text.HAL_GPIO_WritePin
                0x08002c78        0xc CMakeFiles/balance_car_v2.elf.dir/Drivers/STM32F1xx_HAL_Driver/Src/stm32f1xx_hal_gpio.c.obj
                0x08002c78                HAL_GPIO_WritePin
 .text.HAL_GPIO_EXTI_Callback
                0x08002c84        0x2 CMakeFiles/balance_car_v2.elf.dir/Drivers/STM32F1xx_HAL_Driver/Src/stm32f1xx_hal_gpio.c.obj
                0x08002c84                HAL_GPIO_EXTI_Callback
 *fill*         0x08002c86        0x2 
 .text.HAL_GPIO_EXTI_IRQHandler
                0x08002c88       0x1c CMakeFiles/balance_car_v2.elf.dir/Drivers/STM32F1xx_HAL_Driver/Src/stm32f1xx_hal_gpio.c.obj
                0x08002c88                HAL_GPIO_EXTI_IRQHandler
 .text.I2C_IsAcknowledgeFailed
                0x08002ca4       0x32 CMakeFiles/balance_car_v2.elf.dir/Drivers/STM32F1xx_HAL_Driver/Src/stm32f1xx_hal_i2c.c.obj
 .text.I2C_WaitOnFlagUntilTimeout
                0x08002cd6       0x7c CMakeFiles/balance_car_v2.elf.dir/Drivers/STM32F1xx_HAL_Driver/Src/stm32f1xx_hal_i2c.c.obj
 .text.I2C_WaitOnMasterAddressFlagUntilTimeout
                0x08002d52       0xaa CMakeFiles/balance_car_v2.elf.dir/Drivers/STM32F1xx_HAL_Driver/Src/stm32f1xx_hal_i2c.c.obj
 .text.I2C_WaitOnTXEFlagUntilTimeout
                0x08002dfc       0x54 CMakeFiles/balance_car_v2.elf.dir/Drivers/STM32F1xx_HAL_Driver/Src/stm32f1xx_hal_i2c.c.obj
 .text.I2C_RequestMemoryWrite
                0x08002e50       0xd8 CMakeFiles/balance_car_v2.elf.dir/Drivers/STM32F1xx_HAL_Driver/Src/stm32f1xx_hal_i2c.c.obj
 .text.I2C_RequestMemoryRead
                0x08002f28      0x154 CMakeFiles/balance_car_v2.elf.dir/Drivers/STM32F1xx_HAL_Driver/Src/stm32f1xx_hal_i2c.c.obj
 .text.I2C_WaitOnBTFFlagUntilTimeout
                0x0800307c       0x54 CMakeFiles/balance_car_v2.elf.dir/Drivers/STM32F1xx_HAL_Driver/Src/stm32f1xx_hal_i2c.c.obj
 .text.I2C_WaitOnRXNEFlagUntilTimeout
                0x080030d0       0x6a CMakeFiles/balance_car_v2.elf.dir/Drivers/STM32F1xx_HAL_Driver/Src/stm32f1xx_hal_i2c.c.obj
 *fill*         0x0800313a        0x2 
 .text.HAL_I2C_Init
                0x0800313c      0x1bc CMakeFiles/balance_car_v2.elf.dir/Drivers/STM32F1xx_HAL_Driver/Src/stm32f1xx_hal_i2c.c.obj
                0x0800313c                HAL_I2C_Init
 .text.HAL_I2C_Mem_Write
                0x080032f8      0x164 CMakeFiles/balance_car_v2.elf.dir/Drivers/STM32F1xx_HAL_Driver/Src/stm32f1xx_hal_i2c.c.obj
                0x080032f8                HAL_I2C_Mem_Write
 .text.HAL_I2C_Mem_Read
                0x0800345c      0x348 CMakeFiles/balance_car_v2.elf.dir/Drivers/STM32F1xx_HAL_Driver/Src/stm32f1xx_hal_i2c.c.obj
                0x0800345c                HAL_I2C_Mem_Read
 .text.RCC_Delay
                0x080037a4       0x2c CMakeFiles/balance_car_v2.elf.dir/Drivers/STM32F1xx_HAL_Driver/Src/stm32f1xx_hal_rcc.c.obj
 .text.HAL_RCC_OscConfig
                0x080037d0      0x410 CMakeFiles/balance_car_v2.elf.dir/Drivers/STM32F1xx_HAL_Driver/Src/stm32f1xx_hal_rcc.c.obj
                0x080037d0                HAL_RCC_OscConfig
 .text.HAL_RCC_GetSysClockFreq
                0x08003be0       0x70 CMakeFiles/balance_car_v2.elf.dir/Drivers/STM32F1xx_HAL_Driver/Src/stm32f1xx_hal_rcc.c.obj
                0x08003be0                HAL_RCC_GetSysClockFreq
 .text.HAL_RCC_ClockConfig
                0x08003c50      0x16c CMakeFiles/balance_car_v2.elf.dir/Drivers/STM32F1xx_HAL_Driver/Src/stm32f1xx_hal_rcc.c.obj
                0x08003c50                HAL_RCC_ClockConfig
 .text.HAL_RCC_GetHCLKFreq
                0x08003dbc        0xc CMakeFiles/balance_car_v2.elf.dir/Drivers/STM32F1xx_HAL_Driver/Src/stm32f1xx_hal_rcc.c.obj
                0x08003dbc                HAL_RCC_GetHCLKFreq
 .text.HAL_RCC_GetPCLK1Freq
                0x08003dc8       0x20 CMakeFiles/balance_car_v2.elf.dir/Drivers/STM32F1xx_HAL_Driver/Src/stm32f1xx_hal_rcc.c.obj
                0x08003dc8                HAL_RCC_GetPCLK1Freq
 .text.HAL_RCC_GetPCLK2Freq
                0x08003de8       0x20 CMakeFiles/balance_car_v2.elf.dir/Drivers/STM32F1xx_HAL_Driver/Src/stm32f1xx_hal_rcc.c.obj
                0x08003de8                HAL_RCC_GetPCLK2Freq
 .text.TIM_OC1_SetConfig
                0x08003e08       0x5c CMakeFiles/balance_car_v2.elf.dir/Drivers/STM32F1xx_HAL_Driver/Src/stm32f1xx_hal_tim.c.obj
 .text.TIM_OC3_SetConfig
                0x08003e64       0x64 CMakeFiles/balance_car_v2.elf.dir/Drivers/STM32F1xx_HAL_Driver/Src/stm32f1xx_hal_tim.c.obj
 .text.TIM_OC4_SetConfig
                0x08003ec8       0x48 CMakeFiles/balance_car_v2.elf.dir/Drivers/STM32F1xx_HAL_Driver/Src/stm32f1xx_hal_tim.c.obj
 .text.TIM_TI1_ConfigInputStage
                0x08003f10       0x24 CMakeFiles/balance_car_v2.elf.dir/Drivers/STM32F1xx_HAL_Driver/Src/stm32f1xx_hal_tim.c.obj
 .text.TIM_TI2_ConfigInputStage
                0x08003f34       0x26 CMakeFiles/balance_car_v2.elf.dir/Drivers/STM32F1xx_HAL_Driver/Src/stm32f1xx_hal_tim.c.obj
 .text.TIM_ITRx_SetConfig
                0x08003f5a       0x10 CMakeFiles/balance_car_v2.elf.dir/Drivers/STM32F1xx_HAL_Driver/Src/stm32f1xx_hal_tim.c.obj
 *fill*         0x08003f6a        0x2 
 .text.HAL_TIM_Base_Start_IT
                0x08003f6c       0x68 CMakeFiles/balance_car_v2.elf.dir/Drivers/STM32F1xx_HAL_Driver/Src/stm32f1xx_hal_tim.c.obj
                0x08003f6c                HAL_TIM_Base_Start_IT
 .text.HAL_TIM_PWM_MspInit
                0x08003fd4        0x2 CMakeFiles/balance_car_v2.elf.dir/Drivers/STM32F1xx_HAL_Driver/Src/stm32f1xx_hal_tim.c.obj
                0x08003fd4                HAL_TIM_PWM_MspInit
 .text.HAL_TIM_OC_DelayElapsedCallback
                0x08003fd6        0x2 CMakeFiles/balance_car_v2.elf.dir/Drivers/STM32F1xx_HAL_Driver/Src/stm32f1xx_hal_tim.c.obj
                0x08003fd6                HAL_TIM_OC_DelayElapsedCallback
 .text.HAL_TIM_IC_CaptureCallback
                0x08003fd8        0x2 CMakeFiles/balance_car_v2.elf.dir/Drivers/STM32F1xx_HAL_Driver/Src/stm32f1xx_hal_tim.c.obj
                0x08003fd8                HAL_TIM_IC_CaptureCallback
 .text.HAL_TIM_PWM_PulseFinishedCallback
                0x08003fda        0x2 CMakeFiles/balance_car_v2.elf.dir/Drivers/STM32F1xx_HAL_Driver/Src/stm32f1xx_hal_tim.c.obj
                0x08003fda                HAL_TIM_PWM_PulseFinishedCallback
 .text.HAL_TIM_TriggerCallback
                0x08003fdc        0x2 CMakeFiles/balance_car_v2.elf.dir/Drivers/STM32F1xx_HAL_Driver/Src/stm32f1xx_hal_tim.c.obj
                0x08003fdc                HAL_TIM_TriggerCallback
 .text.HAL_TIM_IRQHandler
                0x08003fde      0x17a CMakeFiles/balance_car_v2.elf.dir/Drivers/STM32F1xx_HAL_Driver/Src/stm32f1xx_hal_tim.c.obj
                0x08003fde                HAL_TIM_IRQHandler
 .text.TIM_Base_SetConfig
                0x08004158       0x74 CMakeFiles/balance_car_v2.elf.dir/Drivers/STM32F1xx_HAL_Driver/Src/stm32f1xx_hal_tim.c.obj
                0x08004158                TIM_Base_SetConfig
 .text.HAL_TIM_Base_Init
                0x080041cc       0x58 CMakeFiles/balance_car_v2.elf.dir/Drivers/STM32F1xx_HAL_Driver/Src/stm32f1xx_hal_tim.c.obj
                0x080041cc                HAL_TIM_Base_Init
 .text.HAL_TIM_PWM_Init
                0x08004224       0x58 CMakeFiles/balance_car_v2.elf.dir/Drivers/STM32F1xx_HAL_Driver/Src/stm32f1xx_hal_tim.c.obj
                0x08004224                HAL_TIM_PWM_Init
 .text.HAL_TIM_Encoder_Init
                0x0800427c       0xb8 CMakeFiles/balance_car_v2.elf.dir/Drivers/STM32F1xx_HAL_Driver/Src/stm32f1xx_hal_tim.c.obj
                0x0800427c                HAL_TIM_Encoder_Init
 .text.TIM_OC2_SetConfig
                0x08004334       0x64 CMakeFiles/balance_car_v2.elf.dir/Drivers/STM32F1xx_HAL_Driver/Src/stm32f1xx_hal_tim.c.obj
                0x08004334                TIM_OC2_SetConfig
 .text.HAL_TIM_PWM_ConfigChannel
                0x08004398       0xd0 CMakeFiles/balance_car_v2.elf.dir/Drivers/STM32F1xx_HAL_Driver/Src/stm32f1xx_hal_tim.c.obj
                0x08004398                HAL_TIM_PWM_ConfigChannel
 .text.TIM_ETR_SetConfig
                0x08004468       0x18 CMakeFiles/balance_car_v2.elf.dir/Drivers/STM32F1xx_HAL_Driver/Src/stm32f1xx_hal_tim.c.obj
                0x08004468                TIM_ETR_SetConfig
 .text.HAL_TIM_ConfigClockSource
                0x08004480       0xda CMakeFiles/balance_car_v2.elf.dir/Drivers/STM32F1xx_HAL_Driver/Src/stm32f1xx_hal_tim.c.obj
                0x08004480                HAL_TIM_ConfigClockSource
 .text.TIM_CCxChannelCmd
                0x0800455a       0x1e CMakeFiles/balance_car_v2.elf.dir/Drivers/STM32F1xx_HAL_Driver/Src/stm32f1xx_hal_tim.c.obj
                0x0800455a                TIM_CCxChannelCmd
 .text.HAL_TIM_PWM_Start
                0x08004578       0xdc CMakeFiles/balance_car_v2.elf.dir/Drivers/STM32F1xx_HAL_Driver/Src/stm32f1xx_hal_tim.c.obj
                0x08004578                HAL_TIM_PWM_Start
 .text.HAL_TIM_Encoder_Start
                0x08004654       0xcc CMakeFiles/balance_car_v2.elf.dir/Drivers/STM32F1xx_HAL_Driver/Src/stm32f1xx_hal_tim.c.obj
                0x08004654                HAL_TIM_Encoder_Start
 .text.HAL_TIMEx_MasterConfigSynchronization
                0x08004720       0x6c CMakeFiles/balance_car_v2.elf.dir/Drivers/STM32F1xx_HAL_Driver/Src/stm32f1xx_hal_tim_ex.c.obj
                0x08004720                HAL_TIMEx_MasterConfigSynchronization
 .text.HAL_TIMEx_ConfigBreakDeadTime
                0x0800478c       0x52 CMakeFiles/balance_car_v2.elf.dir/Drivers/STM32F1xx_HAL_Driver/Src/stm32f1xx_hal_tim_ex.c.obj
                0x0800478c                HAL_TIMEx_ConfigBreakDeadTime
 .text.HAL_TIMEx_CommutCallback
                0x080047de        0x2 CMakeFiles/balance_car_v2.elf.dir/Drivers/STM32F1xx_HAL_Driver/Src/stm32f1xx_hal_tim_ex.c.obj
                0x080047de                HAL_TIMEx_CommutCallback
 .text.HAL_TIMEx_BreakCallback
                0x080047e0        0x2 CMakeFiles/balance_car_v2.elf.dir/Drivers/STM32F1xx_HAL_Driver/Src/stm32f1xx_hal_tim_ex.c.obj
                0x080047e0                HAL_TIMEx_BreakCallback
 .text.UART_EndRxTransfer
                0x080047e2       0x32 CMakeFiles/balance_car_v2.elf.dir/Drivers/STM32F1xx_HAL_Driver/Src/stm32f1xx_hal_uart.c.obj
 .text.UART_Transmit_IT
                0x08004814       0x60 CMakeFiles/balance_car_v2.elf.dir/Drivers/STM32F1xx_HAL_Driver/Src/stm32f1xx_hal_uart.c.obj
 .text.UART_SetConfig
                0x08004874       0x94 CMakeFiles/balance_car_v2.elf.dir/Drivers/STM32F1xx_HAL_Driver/Src/stm32f1xx_hal_uart.c.obj
 .text.UART_WaitOnFlagUntilTimeout
                0x08004908       0x6c CMakeFiles/balance_car_v2.elf.dir/Drivers/STM32F1xx_HAL_Driver/Src/stm32f1xx_hal_uart.c.obj
 .text.HAL_UART_Init
                0x08004974       0x5e CMakeFiles/balance_car_v2.elf.dir/Drivers/STM32F1xx_HAL_Driver/Src/stm32f1xx_hal_uart.c.obj
                0x08004974                HAL_UART_Init
 .text.HAL_UART_Transmit
                0x080049d2       0xd8 CMakeFiles/balance_car_v2.elf.dir/Drivers/STM32F1xx_HAL_Driver/Src/stm32f1xx_hal_uart.c.obj
                0x080049d2                HAL_UART_Transmit
 .text.HAL_UART_Receive
                0x08004aaa       0xe4 CMakeFiles/balance_car_v2.elf.dir/Drivers/STM32F1xx_HAL_Driver/Src/stm32f1xx_hal_uart.c.obj
                0x08004aaa                HAL_UART_Receive
 .text.HAL_UART_TxCpltCallback
                0x08004b8e        0x2 CMakeFiles/balance_car_v2.elf.dir/Drivers/STM32F1xx_HAL_Driver/Src/stm32f1xx_hal_uart.c.obj
                0x08004b8e                HAL_UART_TxCpltCallback
 .text.UART_EndTransmit_IT
                0x08004b90       0x1a CMakeFiles/balance_car_v2.elf.dir/Drivers/STM32F1xx_HAL_Driver/Src/stm32f1xx_hal_uart.c.obj
 .text.HAL_UART_ErrorCallback
                0x08004baa        0x2 CMakeFiles/balance_car_v2.elf.dir/Drivers/STM32F1xx_HAL_Driver/Src/stm32f1xx_hal_uart.c.obj
                0x08004baa                HAL_UART_ErrorCallback
 .text.UART_DMAAbortOnError
                0x08004bac       0x10 CMakeFiles/balance_car_v2.elf.dir/Drivers/STM32F1xx_HAL_Driver/Src/stm32f1xx_hal_uart.c.obj
 .text.HAL_UARTEx_RxEventCallback
                0x08004bbc        0x2 CMakeFiles/balance_car_v2.elf.dir/Drivers/STM32F1xx_HAL_Driver/Src/stm32f1xx_hal_uart.c.obj
                0x08004bbc                HAL_UARTEx_RxEventCallback
 .text.UART_Receive_IT
                0x08004bbe       0xd4 CMakeFiles/balance_car_v2.elf.dir/Drivers/STM32F1xx_HAL_Driver/Src/stm32f1xx_hal_uart.c.obj
 *fill*         0x08004c92        0x2 
 .text.HAL_UART_IRQHandler
                0x08004c94      0x204 CMakeFiles/balance_car_v2.elf.dir/Drivers/STM32F1xx_HAL_Driver/Src/stm32f1xx_hal_uart.c.obj
                0x08004c94                HAL_UART_IRQHandler
 .text.UART_Start_Receive_IT
                0x08004e98       0x36 CMakeFiles/balance_car_v2.elf.dir/Drivers/STM32F1xx_HAL_Driver/Src/stm32f1xx_hal_uart.c.obj
                0x08004e98                UART_Start_Receive_IT
 .text.HAL_UART_Receive_IT
                0x08004ece       0x38 CMakeFiles/balance_car_v2.elf.dir/Drivers/STM32F1xx_HAL_Driver/Src/stm32f1xx_hal_uart.c.obj
                0x08004ece                HAL_UART_Receive_IT
 *fill*         0x08004f06        0x2 
 .text.Reset_Handler
                0x08004f08       0x48 CMakeFiles/balance_car_v2.elf.dir/startup/startup_stm32f103xb.s.obj
                0x08004f08                Reset_Handler
 .text.Default_Handler
                0x08004f50        0x2 CMakeFiles/balance_car_v2.elf.dir/startup/startup_stm32f103xb.s.obj
                0x08004f50                RTC_Alarm_IRQHandler
                0x08004f50                EXTI2_IRQHandler
                0x08004f50                TIM1_CC_IRQHandler
                0x08004f50                PVD_IRQHandler
                0x08004f50                EXTI3_IRQHandler
                0x08004f50                EXTI0_IRQHandler
                0x08004f50                I2C2_EV_IRQHandler
                0x08004f50                ADC1_2_IRQHandler
                0x08004f50                SPI1_IRQHandler
                0x08004f50                TAMPER_IRQHandler
                0x08004f50                DMA1_Channel4_IRQHandler
                0x08004f50                RTC_IRQHandler
                0x08004f50                DMA1_Channel7_IRQHandler
                0x08004f50                CAN1_RX1_IRQHandler
                0x08004f50                I2C1_EV_IRQHandler
                0x08004f50                DMA1_Channel6_IRQHandler
                0x08004f50                RCC_IRQHandler
                0x08004f50                TIM1_TRG_COM_IRQHandler
                0x08004f50                DMA1_Channel1_IRQHandler
                0x08004f50                Default_Handler
                0x08004f50                EXTI9_5_IRQHandler
                0x08004f50                SPI2_IRQHandler
                0x08004f50                DMA1_Channel5_IRQHandler
                0x08004f50                EXTI4_IRQHandler
                0x08004f50                USB_LP_CAN1_RX0_IRQHandler
                0x08004f50                USB_HP_CAN1_TX_IRQHandler
                0x08004f50                DMA1_Channel3_IRQHandler
                0x08004f50                TIM1_UP_IRQHandler
                0x08004f50                WWDG_IRQHandler
                0x08004f50                TIM1_BRK_IRQHandler
                0x08004f50                EXTI1_IRQHandler
                0x08004f50                USART2_IRQHandler
                0x08004f50                I2C2_ER_IRQHandler
                0x08004f50                DMA1_Channel2_IRQHandler
                0x08004f50                CAN1_SCE_IRQHandler
                0x08004f50                FLASH_IRQHandler
                0x08004f50                USART1_IRQHandler
                0x08004f50                I2C1_ER_IRQHandler
                0x08004f50                USBWakeUp_IRQHandler
 *fill*         0x08004f52        0x2 
 .text.atof     0x08004f54        0x8 c:/tools/gcc-arm-none-eabi-10.3-2021.07/bin/../lib/gcc/arm-none-eabi/10.3.1/../../../../arm-none-eabi/lib/thumb/v7-m/nofp\libg.a(lib_a-atof.o)
                0x08004f54                atof
 .text.__errno  0x08004f5c        0xc c:/tools/gcc-arm-none-eabi-10.3-2021.07/bin/../lib/gcc/arm-none-eabi/10.3.1/../../../../arm-none-eabi/lib/thumb/v7-m/nofp\libg.a(lib_a-errno.o)
                0x08004f5c                __errno
 .text.__libc_init_array
                0x08004f68       0x48 c:/tools/gcc-arm-none-eabi-10.3-2021.07/bin/../lib/gcc/arm-none-eabi/10.3.1/../../../../arm-none-eabi/lib/thumb/v7-m/nofp\libg.a(lib_a-init.o)
                0x08004f68                __libc_init_array
 .text.memset   0x08004fb0       0xa4 c:/tools/gcc-arm-none-eabi-10.3-2021.07/bin/../lib/gcc/arm-none-eabi/10.3.1/../../../../arm-none-eabi/lib/thumb/v7-m/nofp\libg.a(lib_a-memset.o)
                0x08004fb0                memset
 .text._puts_r  0x08005054       0x9c c:/tools/gcc-arm-none-eabi-10.3-2021.07/bin/../lib/gcc/arm-none-eabi/10.3.1/../../../../arm-none-eabi/lib/thumb/v7-m/nofp\libg.a(lib_a-puts.o)
                0x08005054                _puts_r
 .text.puts     0x080050f0       0x10 c:/tools/gcc-arm-none-eabi-10.3-2021.07/bin/../lib/gcc/arm-none-eabi/10.3.1/../../../../arm-none-eabi/lib/thumb/v7-m/nofp\libg.a(lib_a-puts.o)
                0x080050f0                puts
 .text.setvbuf  0x08005100      0x1b0 c:/tools/gcc-arm-none-eabi-10.3-2021.07/bin/../lib/gcc/arm-none-eabi/10.3.1/../../../../arm-none-eabi/lib/thumb/v7-m/nofp\libg.a(lib_a-setvbuf.o)
                0x08005100                setvbuf
 .text.strcat   0x080052b0       0x40 c:/tools/gcc-arm-none-eabi-10.3-2021.07/bin/../lib/gcc/arm-none-eabi/10.3.1/../../../../arm-none-eabi/lib/thumb/v7-m/nofp\libg.a(lib_a-strcat.o)
                0x080052b0                strcat
 .text.strcpy   0x080052f0       0xbc c:/tools/gcc-arm-none-eabi-10.3-2021.07/bin/../lib/gcc/arm-none-eabi/10.3.1/../../../../arm-none-eabi/lib/thumb/v7-m/nofp\libg.a(lib_a-strcpy.o)
                0x080052f0                strcpy
 .text.strlen   0x080053ac       0x5c c:/tools/gcc-arm-none-eabi-10.3-2021.07/bin/../lib/gcc/arm-none-eabi/10.3.1/../../../../arm-none-eabi/lib/thumb/v7-m/nofp\libg.a(lib_a-strlen-stub.o)
                0x080053ac                strlen
 .text._strtod_l
                0x08005408      0xf38 c:/tools/gcc-arm-none-eabi-10.3-2021.07/bin/../lib/gcc/arm-none-eabi/10.3.1/../../../../arm-none-eabi/lib/thumb/v7-m/nofp\libg.a(lib_a-strtod.o)
                0x08005408                _strtod_l
 .text.strtod   0x08006340       0x18 c:/tools/gcc-arm-none-eabi-10.3-2021.07/bin/../lib/gcc/arm-none-eabi/10.3.1/../../../../arm-none-eabi/lib/thumb/v7-m/nofp\libg.a(lib_a-strtod.o)
                0x08006340                strtod
 .text.startup.register_fini
                0x08006358       0x14 c:/tools/gcc-arm-none-eabi-10.3-2021.07/bin/../lib/gcc/arm-none-eabi/10.3.1/../../../../arm-none-eabi/lib/thumb/v7-m/nofp\libg.a(lib_a-__call_atexit.o)
 .text.atexit   0x0800636c        0xc c:/tools/gcc-arm-none-eabi-10.3-2021.07/bin/../lib/gcc/arm-none-eabi/10.3.1/../../../../arm-none-eabi/lib/thumb/v7-m/nofp\libg.a(lib_a-atexit.o)
                0x0800636c                atexit
 .text.__sflush_r
                0x08006378      0x124 c:/tools/gcc-arm-none-eabi-10.3-2021.07/bin/../lib/gcc/arm-none-eabi/10.3.1/../../../../arm-none-eabi/lib/thumb/v7-m/nofp\libg.a(lib_a-fflush.o)
                0x08006378                __sflush_r
 .text._fflush_r
                0x0800649c       0x5c c:/tools/gcc-arm-none-eabi-10.3-2021.07/bin/../lib/gcc/arm-none-eabi/10.3.1/../../../../arm-none-eabi/lib/thumb/v7-m/nofp\libg.a(lib_a-fflush.o)
                0x0800649c                _fflush_r
 .text._cleanup_r
                0x080064f8        0xc c:/tools/gcc-arm-none-eabi-10.3-2021.07/bin/../lib/gcc/arm-none-eabi/10.3.1/../../../../arm-none-eabi/lib/thumb/v7-m/nofp\libg.a(lib_a-findfp.o)
                0x080064f8                _cleanup_r
 .text.__sinit  0x08006504      0x10c c:/tools/gcc-arm-none-eabi-10.3-2021.07/bin/../lib/gcc/arm-none-eabi/10.3.1/../../../../arm-none-eabi/lib/thumb/v7-m/nofp\libg.a(lib_a-findfp.o)
                0x08006504                __sinit
 .text.__sfp_lock_acquire
                0x08006610        0xc c:/tools/gcc-arm-none-eabi-10.3-2021.07/bin/../lib/gcc/arm-none-eabi/10.3.1/../../../../arm-none-eabi/lib/thumb/v7-m/nofp\libg.a(lib_a-findfp.o)
                0x08006610                __sfp_lock_acquire
 .text.__sfp_lock_release
                0x0800661c        0xc c:/tools/gcc-arm-none-eabi-10.3-2021.07/bin/../lib/gcc/arm-none-eabi/10.3.1/../../../../arm-none-eabi/lib/thumb/v7-m/nofp\libg.a(lib_a-findfp.o)
                0x0800661c                __sfp_lock_release
 .text.__libc_fini_array
                0x08006628       0x2c c:/tools/gcc-arm-none-eabi-10.3-2021.07/bin/../lib/gcc/arm-none-eabi/10.3.1/../../../../arm-none-eabi/lib/thumb/v7-m/nofp\libg.a(lib_a-fini.o)
                0x08006628                __libc_fini_array
 .text._malloc_trim_r
                0x08006654       0xa0 c:/tools/gcc-arm-none-eabi-10.3-2021.07/bin/../lib/gcc/arm-none-eabi/10.3.1/../../../../arm-none-eabi/lib/thumb/v7-m/nofp\libg.a(lib_a-freer.o)
                0x08006654                _malloc_trim_r
 .text._free_r  0x080066f4      0x200 c:/tools/gcc-arm-none-eabi-10.3-2021.07/bin/../lib/gcc/arm-none-eabi/10.3.1/../../../../arm-none-eabi/lib/thumb/v7-m/nofp\libg.a(lib_a-freer.o)
                0x080066f4                _free_r
 .text.__sfvwrite_r
                0x080068f4      0x2f0 c:/tools/gcc-arm-none-eabi-10.3-2021.07/bin/../lib/gcc/arm-none-eabi/10.3.1/../../../../arm-none-eabi/lib/thumb/v7-m/nofp\libg.a(lib_a-fvwrite.o)
                0x080068f4                __sfvwrite_r
 .text._fwalk_reent
                0x08006be4       0x48 c:/tools/gcc-arm-none-eabi-10.3-2021.07/bin/../lib/gcc/arm-none-eabi/10.3.1/../../../../arm-none-eabi/lib/thumb/v7-m/nofp\libg.a(lib_a-fwalk.o)
                0x08006be4                _fwalk_reent
 .text.rshift   0x08006c2c       0xa4 c:/tools/gcc-arm-none-eabi-10.3-2021.07/bin/../lib/gcc/arm-none-eabi/10.3.1/../../../../arm-none-eabi/lib/thumb/v7-m/nofp\libg.a(lib_a-gdtoa-gethex.o)
 .text.__gethex
                0x08006cd0      0x5c4 c:/tools/gcc-arm-none-eabi-10.3-2021.07/bin/../lib/gcc/arm-none-eabi/10.3.1/../../../../arm-none-eabi/lib/thumb/v7-m/nofp\libg.a(lib_a-gdtoa-gethex.o)
                0x08006cd0                __gethex
 .text.__match  0x08007294       0x34 c:/tools/gcc-arm-none-eabi-10.3-2021.07/bin/../lib/gcc/arm-none-eabi/10.3.1/../../../../arm-none-eabi/lib/thumb/v7-m/nofp\libg.a(lib_a-gdtoa-hexnan.o)
                0x08007294                __match
 .text.__hexnan
                0x080072c8      0x1ac c:/tools/gcc-arm-none-eabi-10.3-2021.07/bin/../lib/gcc/arm-none-eabi/10.3.1/../../../../arm-none-eabi/lib/thumb/v7-m/nofp\libg.a(lib_a-gdtoa-hexnan.o)
                0x080072c8                __hexnan
 .text.__locale_mb_cur_max
                0x08007474        0xc c:/tools/gcc-arm-none-eabi-10.3-2021.07/bin/../lib/gcc/arm-none-eabi/10.3.1/../../../../arm-none-eabi/lib/thumb/v7-m/nofp\libg.a(lib_a-locale.o)
                0x08007474                __locale_mb_cur_max
 .text.__retarget_lock_init_recursive
                0x08007480        0x4 c:/tools/gcc-arm-none-eabi-10.3-2021.07/bin/../lib/gcc/arm-none-eabi/10.3.1/../../../../arm-none-eabi/lib/thumb/v7-m/nofp\libg.a(lib_a-lock.o)
                0x08007480                __retarget_lock_init_recursive
 .text.__retarget_lock_close_recursive
                0x08007484        0x4 c:/tools/gcc-arm-none-eabi-10.3-2021.07/bin/../lib/gcc/arm-none-eabi/10.3.1/../../../../arm-none-eabi/lib/thumb/v7-m/nofp\libg.a(lib_a-lock.o)
                0x08007484                __retarget_lock_close_recursive
 .text.__retarget_lock_acquire_recursive
                0x08007488        0x4 c:/tools/gcc-arm-none-eabi-10.3-2021.07/bin/../lib/gcc/arm-none-eabi/10.3.1/../../../../arm-none-eabi/lib/thumb/v7-m/nofp\libg.a(lib_a-lock.o)
                0x08007488                __retarget_lock_acquire_recursive
 .text.__retarget_lock_release_recursive
                0x0800748c        0x4 c:/tools/gcc-arm-none-eabi-10.3-2021.07/bin/../lib/gcc/arm-none-eabi/10.3.1/../../../../arm-none-eabi/lib/thumb/v7-m/nofp\libg.a(lib_a-lock.o)
                0x0800748c                __retarget_lock_release_recursive
 .text.__smakebuf_r
                0x08007490       0xe0 c:/tools/gcc-arm-none-eabi-10.3-2021.07/bin/../lib/gcc/arm-none-eabi/10.3.1/../../../../arm-none-eabi/lib/thumb/v7-m/nofp\libg.a(lib_a-makebuf.o)
                0x08007490                __smakebuf_r
 .text.__swhatbuf_r
                0x08007570       0x60 c:/tools/gcc-arm-none-eabi-10.3-2021.07/bin/../lib/gcc/arm-none-eabi/10.3.1/../../../../arm-none-eabi/lib/thumb/v7-m/nofp\libg.a(lib_a-makebuf.o)
                0x08007570                __swhatbuf_r
 .text.malloc   0x080075d0       0x10 c:/tools/gcc-arm-none-eabi-10.3-2021.07/bin/../lib/gcc/arm-none-eabi/10.3.1/../../../../arm-none-eabi/lib/thumb/v7-m/nofp\libg.a(lib_a-malloc.o)
                0x080075d0                malloc
 .text._malloc_r
                0x080075e0      0x558 c:/tools/gcc-arm-none-eabi-10.3-2021.07/bin/../lib/gcc/arm-none-eabi/10.3.1/../../../../arm-none-eabi/lib/thumb/v7-m/nofp\libg.a(lib_a-mallocr.o)
                0x080075e0                _malloc_r
 .text.__ascii_mbtowc
                0x08007b38       0x2c c:/tools/gcc-arm-none-eabi-10.3-2021.07/bin/../lib/gcc/arm-none-eabi/10.3.1/../../../../arm-none-eabi/lib/thumb/v7-m/nofp\libg.a(lib_a-mbtowc_r.o)
                0x08007b38                __ascii_mbtowc
 .text.memchr   0x08007b64       0x90 c:/tools/gcc-arm-none-eabi-10.3-2021.07/bin/../lib/gcc/arm-none-eabi/10.3.1/../../../../arm-none-eabi/lib/thumb/v7-m/nofp\libg.a(lib_a-memchr-stub.o)
                0x08007b64                memchr
 .text.memmove  0x08007bf4       0xf8 c:/tools/gcc-arm-none-eabi-10.3-2021.07/bin/../lib/gcc/arm-none-eabi/10.3.1/../../../../arm-none-eabi/lib/thumb/v7-m/nofp\libg.a(lib_a-memmove.o)
                0x08007bf4                memmove
 .text.__malloc_lock
                0x08007cec        0xc c:/tools/gcc-arm-none-eabi-10.3-2021.07/bin/../lib/gcc/arm-none-eabi/10.3.1/../../../../arm-none-eabi/lib/thumb/v7-m/nofp\libg.a(lib_a-mlock.o)
                0x08007cec                __malloc_lock
 .text.__malloc_unlock
                0x08007cf8        0xc c:/tools/gcc-arm-none-eabi-10.3-2021.07/bin/../lib/gcc/arm-none-eabi/10.3.1/../../../../arm-none-eabi/lib/thumb/v7-m/nofp\libg.a(lib_a-mlock.o)
                0x08007cf8                __malloc_unlock
 .text._Balloc  0x08007d04       0x4c c:/tools/gcc-arm-none-eabi-10.3-2021.07/bin/../lib/gcc/arm-none-eabi/10.3.1/../../../../arm-none-eabi/lib/thumb/v7-m/nofp\libg.a(lib_a-mprec.o)
                0x08007d04                _Balloc
 .text._Bfree   0x08007d50       0x14 c:/tools/gcc-arm-none-eabi-10.3-2021.07/bin/../lib/gcc/arm-none-eabi/10.3.1/../../../../arm-none-eabi/lib/thumb/v7-m/nofp\libg.a(lib_a-mprec.o)
                0x08007d50                _Bfree
 .text.__multadd
                0x08007d64       0xa4 c:/tools/gcc-arm-none-eabi-10.3-2021.07/bin/../lib/gcc/arm-none-eabi/10.3.1/../../../../arm-none-eabi/lib/thumb/v7-m/nofp\libg.a(lib_a-mprec.o)
                0x08007d64                __multadd
 .text.__s2b    0x08007e08       0xb4 c:/tools/gcc-arm-none-eabi-10.3-2021.07/bin/../lib/gcc/arm-none-eabi/10.3.1/../../../../arm-none-eabi/lib/thumb/v7-m/nofp\libg.a(lib_a-mprec.o)
                0x08007e08                __s2b
 .text.__hi0bits
                0x08007ebc       0x40 c:/tools/gcc-arm-none-eabi-10.3-2021.07/bin/../lib/gcc/arm-none-eabi/10.3.1/../../../../arm-none-eabi/lib/thumb/v7-m/nofp\libg.a(lib_a-mprec.o)
                0x08007ebc                __hi0bits
 .text.__lo0bits
                0x08007efc       0x58 c:/tools/gcc-arm-none-eabi-10.3-2021.07/bin/../lib/gcc/arm-none-eabi/10.3.1/../../../../arm-none-eabi/lib/thumb/v7-m/nofp\libg.a(lib_a-mprec.o)
                0x08007efc                __lo0bits
 .text.__i2b    0x08007f54       0x5c c:/tools/gcc-arm-none-eabi-10.3-2021.07/bin/../lib/gcc/arm-none-eabi/10.3.1/../../../../arm-none-eabi/lib/thumb/v7-m/nofp\libg.a(lib_a-mprec.o)
                0x08007f54                __i2b
 .text.__multiply
                0x08007fb0      0x15c c:/tools/gcc-arm-none-eabi-10.3-2021.07/bin/../lib/gcc/arm-none-eabi/10.3.1/../../../../arm-none-eabi/lib/thumb/v7-m/nofp\libg.a(lib_a-mprec.o)
                0x08007fb0                __multiply
 .text.__pow5mult
                0x0800810c       0xb8 c:/tools/gcc-arm-none-eabi-10.3-2021.07/bin/../lib/gcc/arm-none-eabi/10.3.1/../../../../arm-none-eabi/lib/thumb/v7-m/nofp\libg.a(lib_a-mprec.o)
                0x0800810c                __pow5mult
 .text.__lshift
                0x080081c4       0xec c:/tools/gcc-arm-none-eabi-10.3-2021.07/bin/../lib/gcc/arm-none-eabi/10.3.1/../../../../arm-none-eabi/lib/thumb/v7-m/nofp\libg.a(lib_a-mprec.o)
                0x080081c4                __lshift
 .text.__mcmp   0x080082b0       0x40 c:/tools/gcc-arm-none-eabi-10.3-2021.07/bin/../lib/gcc/arm-none-eabi/10.3.1/../../../../arm-none-eabi/lib/thumb/v7-m/nofp\libg.a(lib_a-mprec.o)
                0x080082b0                __mcmp
 .text.__mdiff  0x080082f0      0x14c c:/tools/gcc-arm-none-eabi-10.3-2021.07/bin/../lib/gcc/arm-none-eabi/10.3.1/../../../../arm-none-eabi/lib/thumb/v7-m/nofp\libg.a(lib_a-mprec.o)
                0x080082f0                __mdiff
 .text.__ulp    0x0800843c       0x44 c:/tools/gcc-arm-none-eabi-10.3-2021.07/bin/../lib/gcc/arm-none-eabi/10.3.1/../../../../arm-none-eabi/lib/thumb/v7-m/nofp\libg.a(lib_a-mprec.o)
                0x0800843c                __ulp
 .text.__b2d    0x08008480       0xd0 c:/tools/gcc-arm-none-eabi-10.3-2021.07/bin/../lib/gcc/arm-none-eabi/10.3.1/../../../../arm-none-eabi/lib/thumb/v7-m/nofp\libg.a(lib_a-mprec.o)
                0x08008480                __b2d
 .text.__d2b    0x08008550       0xc4 c:/tools/gcc-arm-none-eabi-10.3-2021.07/bin/../lib/gcc/arm-none-eabi/10.3.1/../../../../arm-none-eabi/lib/thumb/v7-m/nofp\libg.a(lib_a-mprec.o)
                0x08008550                __d2b
 .text.__ratio  0x08008614       0x60 c:/tools/gcc-arm-none-eabi-10.3-2021.07/bin/../lib/gcc/arm-none-eabi/10.3.1/../../../../arm-none-eabi/lib/thumb/v7-m/nofp\libg.a(lib_a-mprec.o)
                0x08008614                __ratio
 .text.__copybits
                0x08008674       0x60 c:/tools/gcc-arm-none-eabi-10.3-2021.07/bin/../lib/gcc/arm-none-eabi/10.3.1/../../../../arm-none-eabi/lib/thumb/v7-m/nofp\libg.a(lib_a-mprec.o)
                0x08008674                __copybits
 .text.__any_on
                0x080086d4       0x60 c:/tools/gcc-arm-none-eabi-10.3-2021.07/bin/../lib/gcc/arm-none-eabi/10.3.1/../../../../arm-none-eabi/lib/thumb/v7-m/nofp\libg.a(lib_a-mprec.o)
                0x080086d4                __any_on
 .text._realloc_r
                0x08008734      0x3dc c:/tools/gcc-arm-none-eabi-10.3-2021.07/bin/../lib/gcc/arm-none-eabi/10.3.1/../../../../arm-none-eabi/lib/thumb/v7-m/nofp\libg.a(lib_a-reallocr.o)
                0x08008734                _realloc_r
 .text.nan      0x08008b10        0xc c:/tools/gcc-arm-none-eabi-10.3-2021.07/bin/../lib/gcc/arm-none-eabi/10.3.1/../../../../arm-none-eabi/lib/thumb/v7-m/nofp\libg.a(lib_a-s_nan.o)
                0x08008b10                nan
 .text._sbrk_r  0x08008b1c       0x24 c:/tools/gcc-arm-none-eabi-10.3-2021.07/bin/../lib/gcc/arm-none-eabi/10.3.1/../../../../arm-none-eabi/lib/thumb/v7-m/nofp\libg.a(lib_a-sbrkr.o)
                0x08008b1c                _sbrk_r
 .text.__sread  0x08008b40       0x24 c:/tools/gcc-arm-none-eabi-10.3-2021.07/bin/../lib/gcc/arm-none-eabi/10.3.1/../../../../arm-none-eabi/lib/thumb/v7-m/nofp\libg.a(lib_a-stdio.o)
                0x08008b40                __sread
 .text.__swrite
                0x08008b64       0x40 c:/tools/gcc-arm-none-eabi-10.3-2021.07/bin/../lib/gcc/arm-none-eabi/10.3.1/../../../../arm-none-eabi/lib/thumb/v7-m/nofp\libg.a(lib_a-stdio.o)
                0x08008b64                __swrite
 .text.__sseek  0x08008ba4       0x20 c:/tools/gcc-arm-none-eabi-10.3-2021.07/bin/../lib/gcc/arm-none-eabi/10.3.1/../../../../arm-none-eabi/lib/thumb/v7-m/nofp\libg.a(lib_a-stdio.o)
                0x08008ba4                __sseek
 .text.__sclose
                0x08008bc4        0x8 c:/tools/gcc-arm-none-eabi-10.3-2021.07/bin/../lib/gcc/arm-none-eabi/10.3.1/../../../../arm-none-eabi/lib/thumb/v7-m/nofp\libg.a(lib_a-stdio.o)
                0x08008bc4                __sclose
 .text.strncmp  0x08008bcc       0x7c c:/tools/gcc-arm-none-eabi-10.3-2021.07/bin/../lib/gcc/arm-none-eabi/10.3.1/../../../../arm-none-eabi/lib/thumb/v7-m/nofp\libg.a(lib_a-strncmp.o)
                0x08008bcc                strncmp
 .text.__ascii_wctomb
                0x08008c48       0x1c c:/tools/gcc-arm-none-eabi-10.3-2021.07/bin/../lib/gcc/arm-none-eabi/10.3.1/../../../../arm-none-eabi/lib/thumb/v7-m/nofp\libg.a(lib_a-wctomb_r.o)
                0x08008c48                __ascii_wctomb
 .text._write_r
                0x08008c64       0x2c c:/tools/gcc-arm-none-eabi-10.3-2021.07/bin/../lib/gcc/arm-none-eabi/10.3.1/../../../../arm-none-eabi/lib/thumb/v7-m/nofp\libg.a(lib_a-writer.o)
                0x08008c64                _write_r
 .text.__swsetup_r
                0x08008c90       0xd4 c:/tools/gcc-arm-none-eabi-10.3-2021.07/bin/../lib/gcc/arm-none-eabi/10.3.1/../../../../arm-none-eabi/lib/thumb/v7-m/nofp\libg.a(lib_a-wsetup.o)
                0x08008c90                __swsetup_r
 .text.__register_exitproc
                0x08008d64       0x8c c:/tools/gcc-arm-none-eabi-10.3-2021.07/bin/../lib/gcc/arm-none-eabi/10.3.1/../../../../arm-none-eabi/lib/thumb/v7-m/nofp\libg.a(lib_a-__atexit.o)
                0x08008d64                __register_exitproc
 .text.__assert_func
                0x08008df0       0x40 c:/tools/gcc-arm-none-eabi-10.3-2021.07/bin/../lib/gcc/arm-none-eabi/10.3.1/../../../../arm-none-eabi/lib/thumb/v7-m/nofp\libg.a(lib_a-assert.o)
                0x08008df0                __assert_func
 .text._calloc_r
                0x08008e30       0x78 c:/tools/gcc-arm-none-eabi-10.3-2021.07/bin/../lib/gcc/arm-none-eabi/10.3.1/../../../../arm-none-eabi/lib/thumb/v7-m/nofp\libg.a(lib_a-callocr.o)
                0x08008e30                _calloc_r
 .text._close_r
                0x08008ea8       0x24 c:/tools/gcc-arm-none-eabi-10.3-2021.07/bin/../lib/gcc/arm-none-eabi/10.3.1/../../../../arm-none-eabi/lib/thumb/v7-m/nofp\libg.a(lib_a-closer.o)
                0x08008ea8                _close_r
 .text._fclose_r
                0x08008ecc       0xcc c:/tools/gcc-arm-none-eabi-10.3-2021.07/bin/../lib/gcc/arm-none-eabi/10.3.1/../../../../arm-none-eabi/lib/thumb/v7-m/nofp\libg.a(lib_a-fclose.o)
                0x08008ecc                _fclose_r
 .text.fiprintf
                0x08008f98       0x28 c:/tools/gcc-arm-none-eabi-10.3-2021.07/bin/../lib/gcc/arm-none-eabi/10.3.1/../../../../arm-none-eabi/lib/thumb/v7-m/nofp\libg.a(lib_a-fiprintf.o)
                0x08008f98                fiprintf
 .text._fstat_r
                0x08008fc0       0x28 c:/tools/gcc-arm-none-eabi-10.3-2021.07/bin/../lib/gcc/arm-none-eabi/10.3.1/../../../../arm-none-eabi/lib/thumb/v7-m/nofp\libg.a(lib_a-fstatr.o)
                0x08008fc0                _fstat_r
 .text._isatty_r
                0x08008fe8       0x24 c:/tools/gcc-arm-none-eabi-10.3-2021.07/bin/../lib/gcc/arm-none-eabi/10.3.1/../../../../arm-none-eabi/lib/thumb/v7-m/nofp\libg.a(lib_a-isattyr.o)
                0x08008fe8                _isatty_r
 .text._lseek_r
                0x0800900c       0x2c c:/tools/gcc-arm-none-eabi-10.3-2021.07/bin/../lib/gcc/arm-none-eabi/10.3.1/../../../../arm-none-eabi/lib/thumb/v7-m/nofp\libg.a(lib_a-lseekr.o)
                0x0800900c                _lseek_r
 .text._read_r  0x08009038       0x2c c:/tools/gcc-arm-none-eabi-10.3-2021.07/bin/../lib/gcc/arm-none-eabi/10.3.1/../../../../arm-none-eabi/lib/thumb/v7-m/nofp\libg.a(lib_a-readr.o)
                0x08009038                _read_r
 .text.__sprint_r.part.0
                0x08009064       0x78 c:/tools/gcc-arm-none-eabi-10.3-2021.07/bin/../lib/gcc/arm-none-eabi/10.3.1/../../../../arm-none-eabi/lib/thumb/v7-m/nofp\libg.a(lib_a-vfiprintf.o)
 .text._vfiprintf_r
                0x080090dc      0xd98 c:/tools/gcc-arm-none-eabi-10.3-2021.07/bin/../lib/gcc/arm-none-eabi/10.3.1/../../../../arm-none-eabi/lib/thumb/v7-m/nofp\libg.a(lib_a-vfiprintf.o)
                0x080090dc                _vfiprintf_r
 .text.__sbprintf
                0x08009e74       0x84 c:/tools/gcc-arm-none-eabi-10.3-2021.07/bin/../lib/gcc/arm-none-eabi/10.3.1/../../../../arm-none-eabi/lib/thumb/v7-m/nofp\libg.a(lib_a-vfiprintf.o)
 .text.abort    0x08009ef8       0x10 c:/tools/gcc-arm-none-eabi-10.3-2021.07/bin/../lib/gcc/arm-none-eabi/10.3.1/../../../../arm-none-eabi/lib/thumb/v7-m/nofp\libg.a(lib_a-abort.o)
                0x08009ef8                abort
 .text.__fputwc
                0x08009f08       0xa0 c:/tools/gcc-arm-none-eabi-10.3-2021.07/bin/../lib/gcc/arm-none-eabi/10.3.1/../../../../arm-none-eabi/lib/thumb/v7-m/nofp\libg.a(lib_a-fputwc.o)
                0x08009f08                __fputwc
 .text._fputwc_r
                0x08009fa8       0x68 c:/tools/gcc-arm-none-eabi-10.3-2021.07/bin/../lib/gcc/arm-none-eabi/10.3.1/../../../../arm-none-eabi/lib/thumb/v7-m/nofp\libg.a(lib_a-fputwc.o)
                0x08009fa8                _fputwc_r
 .text._localeconv_r
                0x0800a010        0x8 c:/tools/gcc-arm-none-eabi-10.3-2021.07/bin/../lib/gcc/arm-none-eabi/10.3.1/../../../../arm-none-eabi/lib/thumb/v7-m/nofp\libg.a(lib_a-localeconv.o)
                0x0800a010                _localeconv_r
 .text.raise    0x0800a018       0x5c c:/tools/gcc-arm-none-eabi-10.3-2021.07/bin/../lib/gcc/arm-none-eabi/10.3.1/../../../../arm-none-eabi/lib/thumb/v7-m/nofp\libg.a(lib_a-signal.o)
                0x0800a018                raise
 .text._kill_r  0x0800a074       0x28 c:/tools/gcc-arm-none-eabi-10.3-2021.07/bin/../lib/gcc/arm-none-eabi/10.3.1/../../../../arm-none-eabi/lib/thumb/v7-m/nofp\libg.a(lib_a-signalr.o)
                0x0800a074                _kill_r
 .text._getpid_r
                0x0800a09c        0x4 c:/tools/gcc-arm-none-eabi-10.3-2021.07/bin/../lib/gcc/arm-none-eabi/10.3.1/../../../../arm-none-eabi/lib/thumb/v7-m/nofp\libg.a(lib_a-signalr.o)
                0x0800a09c                _getpid_r
 .text.strncpy  0x0800a0a0       0x68 c:/tools/gcc-arm-none-eabi-10.3-2021.07/bin/../lib/gcc/arm-none-eabi/10.3.1/../../../../arm-none-eabi/lib/thumb/v7-m/nofp\libg.a(lib_a-strncpy.o)
                0x0800a0a0                strncpy
 .text.__swbuf_r
                0x0800a108       0xb0 c:/tools/gcc-arm-none-eabi-10.3-2021.07/bin/../lib/gcc/arm-none-eabi/10.3.1/../../../../arm-none-eabi/lib/thumb/v7-m/nofp\libg.a(lib_a-wbuf.o)
                0x0800a108                __swbuf_r
 .text._wcrtomb_r
                0x0800a1b8       0x3c c:/tools/gcc-arm-none-eabi-10.3-2021.07/bin/../lib/gcc/arm-none-eabi/10.3.1/../../../../arm-none-eabi/lib/thumb/v7-m/nofp\libg.a(lib_a-wcrtomb.o)
                0x0800a1b8                _wcrtomb_r
 *fill*         0x0800a1f4        0x4 
 .text.atan     0x0800a1f8      0x31c c:/tools/gcc-arm-none-eabi-10.3-2021.07/bin/../lib/gcc/arm-none-eabi/10.3.1/../../../../arm-none-eabi/lib/thumb/v7-m/nofp\libm.a(lib_a-s_atan.o)
                0x0800a1f8                atan
 .text.fabs     0x0800a514        0x8 c:/tools/gcc-arm-none-eabi-10.3-2021.07/bin/../lib/gcc/arm-none-eabi/10.3.1/../../../../arm-none-eabi/lib/thumb/v7-m/nofp\libm.a(lib_a-s_fabs.o)
                0x0800a514                fabs
 .text.atan2    0x0800a51c        0x4 c:/tools/gcc-arm-none-eabi-10.3-2021.07/bin/../lib/gcc/arm-none-eabi/10.3.1/../../../../arm-none-eabi/lib/thumb/v7-m/nofp\libm.a(lib_a-w_atan2.o)
                0x0800a51c                atan2
 .text.sqrt     0x0800a520       0x50 c:/tools/gcc-arm-none-eabi-10.3-2021.07/bin/../lib/gcc/arm-none-eabi/10.3.1/../../../../arm-none-eabi/lib/thumb/v7-m/nofp\libm.a(lib_a-w_sqrt.o)
                0x0800a520                sqrt
 .text.__ieee754_atan2
                0x0800a570      0x194 c:/tools/gcc-arm-none-eabi-10.3-2021.07/bin/../lib/gcc/arm-none-eabi/10.3.1/../../../../arm-none-eabi/lib/thumb/v7-m/nofp\libm.a(lib_a-e_atan2.o)
                0x0800a570                __ieee754_atan2
 .text.__ieee754_sqrt
                0x0800a704      0x18c c:/tools/gcc-arm-none-eabi-10.3-2021.07/bin/../lib/gcc/arm-none-eabi/10.3.1/../../../../arm-none-eabi/lib/thumb/v7-m/nofp\libm.a(lib_a-e_sqrt.o)
                0x0800a704                __ieee754_sqrt
 *(.glue_7)
 .glue_7        0x0800a890        0x0 linker stubs
 *(.glue_7t)
 .glue_7t       0x0800a890        0x0 linker stubs
 *(.eh_frame)
 .eh_frame      0x0800a890        0x0 c:/tools/gcc-arm-none-eabi-10.3-2021.07/bin/../lib/gcc/arm-none-eabi/10.3.1/thumb/v7-m/nofp/crtbegin.o
 *(.init)
 .init          0x0800a890        0x4 c:/tools/gcc-arm-none-eabi-10.3-2021.07/bin/../lib/gcc/arm-none-eabi/10.3.1/thumb/v7-m/nofp/crti.o
                0x0800a890                _init
 .init          0x0800a894        0x8 c:/tools/gcc-arm-none-eabi-10.3-2021.07/bin/../lib/gcc/arm-none-eabi/10.3.1/thumb/v7-m/nofp/crtn.o
 *(.fini)
 .fini          0x0800a89c        0x4 c:/tools/gcc-arm-none-eabi-10.3-2021.07/bin/../lib/gcc/arm-none-eabi/10.3.1/thumb/v7-m/nofp/crti.o
                0x0800a89c                _fini
 .fini          0x0800a8a0        0x8 c:/tools/gcc-arm-none-eabi-10.3-2021.07/bin/../lib/gcc/arm-none-eabi/10.3.1/thumb/v7-m/nofp/crtn.o
                0x0800a8a8                . = ALIGN (0x4)
                0x0800a8a8                _etext = .

.vfp11_veneer   0x0800a8a8        0x0
 .vfp11_veneer  0x0800a8a8        0x0 linker stubs

.v4_bx          0x0800a8a8        0x0
 .v4_bx         0x0800a8a8        0x0 linker stubs

.iplt           0x0800a8a8        0x0
 .iplt          0x0800a8a8        0x0 c:/tools/gcc-arm-none-eabi-10.3-2021.07/bin/../lib/gcc/arm-none-eabi/10.3.1/thumb/v7-m/nofp/crtbegin.o

.rodata         0x0800a8a8      0x5e8
                0x0800a8a8                . = ALIGN (0x4)
 *(.rodata)
 *(.rodata*)
 .rodata.main.str1.4
                0x0800a8a8        0xa CMakeFiles/balance_car_v2.elf.dir/Core/Src/main.c.obj
 *fill*         0x0800a8b2        0x2 
 .rodata.AHBPrescTable
                0x0800a8b4       0x10 CMakeFiles/balance_car_v2.elf.dir/Core/Src/system_stm32f1xx.c.obj
                0x0800a8b4                AHBPrescTable
 .rodata.APBPrescTable
                0x0800a8c4        0x8 CMakeFiles/balance_car_v2.elf.dir/Core/Src/system_stm32f1xx.c.obj
                0x0800a8c4                APBPrescTable
 .rodata.HAL_UART_RxCpltCallback.str1.4
                0x0800a8cc        0xa CMakeFiles/balance_car_v2.elf.dir/Core/Src/uart_parser.c.obj
 *fill*         0x0800a8d6        0x2 
 .rodata.HAL_RCC_GetSysClockFreq.str1.4
                0x0800a8d8       0x11 CMakeFiles/balance_car_v2.elf.dir/Drivers/STM32F1xx_HAL_Driver/Src/stm32f1xx_hal_rcc.c.obj
 *fill*         0x0800a8e9        0x3 
 .rodata._global_impure_ptr
                0x0800a8ec        0x4 c:/tools/gcc-arm-none-eabi-10.3-2021.07/bin/../lib/gcc/arm-none-eabi/10.3.1/../../../../arm-none-eabi/lib/thumb/v7-m/nofp\libg.a(lib_a-impure.o)
                0x0800a8ec                _global_impure_ptr
 .rodata._puts_r.str1.4
                0x0800a8f0        0x2 c:/tools/gcc-arm-none-eabi-10.3-2021.07/bin/../lib/gcc/arm-none-eabi/10.3.1/../../../../arm-none-eabi/lib/thumb/v7-m/nofp\libg.a(lib_a-puts.o)
 *fill*         0x0800a8f2        0x2 
 .rodata._strtod_l.str1.4
                0x0800a8f4        0xf c:/tools/gcc-arm-none-eabi-10.3-2021.07/bin/../lib/gcc/arm-none-eabi/10.3.1/../../../../arm-none-eabi/lib/thumb/v7-m/nofp\libg.a(lib_a-strtod.o)
                                 0x11 (size before relaxing)
 *fill*         0x0800a903        0x1 
 .rodata.fpi.1  0x0800a904       0x14 c:/tools/gcc-arm-none-eabi-10.3-2021.07/bin/../lib/gcc/arm-none-eabi/10.3.1/../../../../arm-none-eabi/lib/thumb/v7-m/nofp\libg.a(lib_a-strtod.o)
 .rodata.fpinan.0
                0x0800a918       0x14 c:/tools/gcc-arm-none-eabi-10.3-2021.07/bin/../lib/gcc/arm-none-eabi/10.3.1/../../../../arm-none-eabi/lib/thumb/v7-m/nofp\libg.a(lib_a-strtod.o)
 *fill*         0x0800a92c        0x4 
 .rodata.tinytens
                0x0800a930       0x28 c:/tools/gcc-arm-none-eabi-10.3-2021.07/bin/../lib/gcc/arm-none-eabi/10.3.1/../../../../arm-none-eabi/lib/thumb/v7-m/nofp\libg.a(lib_a-strtod.o)
 .rodata.__gethex.str1.4
                0x0800a958       0x9a c:/tools/gcc-arm-none-eabi-10.3-2021.07/bin/../lib/gcc/arm-none-eabi/10.3.1/../../../../arm-none-eabi/lib/thumb/v7-m/nofp\libg.a(lib_a-gdtoa-gethex.o)
 *fill*         0x0800a9f2        0x2 
 .rodata.__hexdig
                0x0800a9f4      0x100 c:/tools/gcc-arm-none-eabi-10.3-2021.07/bin/../lib/gcc/arm-none-eabi/10.3.1/../../../../arm-none-eabi/lib/thumb/v7-m/nofp\libg.a(lib_a-gdtoa-gethex.o)
                0x0800a9f4                __hexdig
 .rodata.str1.4
                0x0800aaf4        0x2 c:/tools/gcc-arm-none-eabi-10.3-2021.07/bin/../lib/gcc/arm-none-eabi/10.3.1/../../../../arm-none-eabi/lib/thumb/v7-m/nofp\libg.a(lib_a-lnumeric.o)
                                  0x5 (size before relaxing)
 *fill*         0x0800aaf6        0x2 
 .rodata._C_numeric_locale
                0x0800aaf8        0xc c:/tools/gcc-arm-none-eabi-10.3-2021.07/bin/../lib/gcc/arm-none-eabi/10.3.1/../../../../arm-none-eabi/lib/thumb/v7-m/nofp\libg.a(lib_a-lnumeric.o)
                0x0800aaf8                _C_numeric_locale
 .rodata._setlocale_r.str1.4
                0x0800ab04        0xa c:/tools/gcc-arm-none-eabi-10.3-2021.07/bin/../lib/gcc/arm-none-eabi/10.3.1/../../../../arm-none-eabi/lib/thumb/v7-m/nofp\libg.a(lib_a-locale.o)
                                  0xd (size before relaxing)
 .rodata.str1.4
                0x0800ab0e        0x2 c:/tools/gcc-arm-none-eabi-10.3-2021.07/bin/../lib/gcc/arm-none-eabi/10.3.1/../../../../arm-none-eabi/lib/thumb/v7-m/nofp\libg.a(lib_a-locale.o)
 *fill*         0x0800ab0e        0x2 
 .rodata.__multadd.str1.4
                0x0800ab10       0x7f c:/tools/gcc-arm-none-eabi-10.3-2021.07/bin/../lib/gcc/arm-none-eabi/10.3.1/../../../../arm-none-eabi/lib/thumb/v7-m/nofp\libg.a(lib_a-mprec.o)
                                 0x93 (size before relaxing)
 *fill*         0x0800ab8f        0x1 
 .rodata.__mprec_bigtens
                0x0800ab90       0x28 c:/tools/gcc-arm-none-eabi-10.3-2021.07/bin/../lib/gcc/arm-none-eabi/10.3.1/../../../../arm-none-eabi/lib/thumb/v7-m/nofp\libg.a(lib_a-mprec.o)
                0x0800ab90                __mprec_bigtens
 .rodata.__mprec_tens
                0x0800abb8       0xc8 c:/tools/gcc-arm-none-eabi-10.3-2021.07/bin/../lib/gcc/arm-none-eabi/10.3.1/../../../../arm-none-eabi/lib/thumb/v7-m/nofp\libg.a(lib_a-mprec.o)
                0x0800abb8                __mprec_tens
 .rodata.p05.0  0x0800ac80        0xc c:/tools/gcc-arm-none-eabi-10.3-2021.07/bin/../lib/gcc/arm-none-eabi/10.3.1/../../../../arm-none-eabi/lib/thumb/v7-m/nofp\libg.a(lib_a-mprec.o)
 .rodata.__assert_func.str1.4
                0x0800ac8c       0x3f c:/tools/gcc-arm-none-eabi-10.3-2021.07/bin/../lib/gcc/arm-none-eabi/10.3.1/../../../../arm-none-eabi/lib/thumb/v7-m/nofp\libg.a(lib_a-assert.o)
                                 0x43 (size before relaxing)
 *fill*         0x0800accb        0x1 
 .rodata._ctype_
                0x0800accc      0x101 c:/tools/gcc-arm-none-eabi-10.3-2021.07/bin/../lib/gcc/arm-none-eabi/10.3.1/../../../../arm-none-eabi/lib/thumb/v7-m/nofp\libg.a(lib_a-ctype_.o)
                0x0800accc                _ctype_
 *fill*         0x0800adcd        0x3 
 .rodata._vfiprintf_r.str1.4
                0x0800add0       0x2f c:/tools/gcc-arm-none-eabi-10.3-2021.07/bin/../lib/gcc/arm-none-eabi/10.3.1/../../../../arm-none-eabi/lib/thumb/v7-m/nofp\libg.a(lib_a-vfiprintf.o)
 *fill*         0x0800adff        0x1 
 .rodata.blanks.1
                0x0800ae00       0x10 c:/tools/gcc-arm-none-eabi-10.3-2021.07/bin/../lib/gcc/arm-none-eabi/10.3.1/../../../../arm-none-eabi/lib/thumb/v7-m/nofp\libg.a(lib_a-vfiprintf.o)
 .rodata.zeroes.0
                0x0800ae10       0x10 c:/tools/gcc-arm-none-eabi-10.3-2021.07/bin/../lib/gcc/arm-none-eabi/10.3.1/../../../../arm-none-eabi/lib/thumb/v7-m/nofp\libg.a(lib_a-vfiprintf.o)
 .rodata.atanhi
                0x0800ae20       0x20 c:/tools/gcc-arm-none-eabi-10.3-2021.07/bin/../lib/gcc/arm-none-eabi/10.3.1/../../../../arm-none-eabi/lib/thumb/v7-m/nofp\libm.a(lib_a-s_atan.o)
 .rodata.atanlo
                0x0800ae40       0x20 c:/tools/gcc-arm-none-eabi-10.3-2021.07/bin/../lib/gcc/arm-none-eabi/10.3.1/../../../../arm-none-eabi/lib/thumb/v7-m/nofp\libm.a(lib_a-s_atan.o)
 .rodata.CSWTCH.8
                0x0800ae60       0x18 c:/tools/gcc-arm-none-eabi-10.3-2021.07/bin/../lib/gcc/arm-none-eabi/10.3.1/../../../../arm-none-eabi/lib/thumb/v7-m/nofp\libm.a(lib_a-e_atan2.o)
 .rodata.CSWTCH.9
                0x0800ae78       0x18 c:/tools/gcc-arm-none-eabi-10.3-2021.07/bin/../lib/gcc/arm-none-eabi/10.3.1/../../../../arm-none-eabi/lib/thumb/v7-m/nofp\libm.a(lib_a-e_atan2.o)
                0x0800ae90                . = ALIGN (0x4)

.ARM.extab
 *(.ARM.extab* .gnu.linkonce.armextab.*)

.ARM            0x0800ae90        0x8
                0x0800ae90                __exidx_start = .
 *(.ARM.exidx*)
 .ARM.exidx     0x0800ae90        0x8 c:/tools/gcc-arm-none-eabi-10.3-2021.07/bin/../lib/gcc/arm-none-eabi/10.3.1/thumb/v7-m/nofp\libgcc.a(_udivmoddi4.o)
                0x0800ae98                __exidx_end = .

.rel.dyn        0x0800ae98        0x0
 .rel.iplt      0x0800ae98        0x0 c:/tools/gcc-arm-none-eabi-10.3-2021.07/bin/../lib/gcc/arm-none-eabi/10.3.1/thumb/v7-m/nofp/crtbegin.o

.preinit_array  0x0800ae98        0x0
                0x0800ae98                PROVIDE (__preinit_array_start = .)
 *(.preinit_array*)
                0x0800ae98                PROVIDE (__preinit_array_end = .)

.init_array     0x0800ae98        0x8
                0x0800ae98                PROVIDE (__init_array_start = .)
 *(SORT_BY_NAME(.init_array.*))
 .init_array.00000
                0x0800ae98        0x4 c:/tools/gcc-arm-none-eabi-10.3-2021.07/bin/../lib/gcc/arm-none-eabi/10.3.1/../../../../arm-none-eabi/lib/thumb/v7-m/nofp\libg.a(lib_a-__call_atexit.o)
 *(.init_array*)
 .init_array    0x0800ae9c        0x4 c:/tools/gcc-arm-none-eabi-10.3-2021.07/bin/../lib/gcc/arm-none-eabi/10.3.1/thumb/v7-m/nofp/crtbegin.o
                0x0800aea0                PROVIDE (__init_array_end = .)

.fini_array     0x0800aea0        0x4
                0x0800aea0                PROVIDE (__fini_array_start = .)
 *(SORT_BY_NAME(.fini_array.*))
 *(.fini_array*)
 .fini_array    0x0800aea0        0x4 c:/tools/gcc-arm-none-eabi-10.3-2021.07/bin/../lib/gcc/arm-none-eabi/10.3.1/thumb/v7-m/nofp/crtbegin.o
                0x0800aea4                PROVIDE (__fini_array_end = .)
                0x0800aea4                _sidata = LOADADDR (.data)

.data           0x20000000      0xa4c load address 0x0800aea4
                0x20000000                . = ALIGN (0x4)
                0x20000000                _sdata = .
 *(.data)
 *(.data*)
 .data.KalmanX  0x20000000       0x48 CMakeFiles/balance_car_v2.elf.dir/Core/Src/mpu6050.c.obj
                0x20000000                KalmanX
 .data.KalmanY  0x20000048       0x48 CMakeFiles/balance_car_v2.elf.dir/Core/Src/mpu6050.c.obj
                0x20000048                KalmanY
 .data.SystemCoreClock
                0x20000090        0x4 CMakeFiles/balance_car_v2.elf.dir/Core/Src/system_stm32f1xx.c.obj
                0x20000090                SystemCoreClock
 .data.uwTickFreq
                0x20000094        0x1 CMakeFiles/balance_car_v2.elf.dir/Drivers/STM32F1xx_HAL_Driver/Src/stm32f1xx_hal.c.obj
                0x20000094                uwTickFreq
 *fill*         0x20000095        0x3 
 .data.uwTickPrio
                0x20000098        0x4 CMakeFiles/balance_car_v2.elf.dir/Drivers/STM32F1xx_HAL_Driver/Src/stm32f1xx_hal.c.obj
                0x20000098                uwTickPrio
 .data._impure_ptr
                0x2000009c        0x4 c:/tools/gcc-arm-none-eabi-10.3-2021.07/bin/../lib/gcc/arm-none-eabi/10.3.1/../../../../arm-none-eabi/lib/thumb/v7-m/nofp\libg.a(lib_a-impure.o)
                0x2000009c                _impure_ptr
 .data.impure_data
                0x200000a0      0x428 c:/tools/gcc-arm-none-eabi-10.3-2021.07/bin/../lib/gcc/arm-none-eabi/10.3.1/../../../../arm-none-eabi/lib/thumb/v7-m/nofp\libg.a(lib_a-impure.o)
 .data.__atexit_recursive_mutex
                0x200004c8        0x4 c:/tools/gcc-arm-none-eabi-10.3-2021.07/bin/../lib/gcc/arm-none-eabi/10.3.1/../../../../arm-none-eabi/lib/thumb/v7-m/nofp\libg.a(lib_a-__call_atexit.o)
                0x200004c8                __atexit_recursive_mutex
 .data.numempty
                0x200004cc        0x2 c:/tools/gcc-arm-none-eabi-10.3-2021.07/bin/../lib/gcc/arm-none-eabi/10.3.1/../../../../arm-none-eabi/lib/thumb/v7-m/nofp\libg.a(lib_a-lnumeric.o)
 *fill*         0x200004ce        0x2 
 .data.__global_locale
                0x200004d0      0x16c c:/tools/gcc-arm-none-eabi-10.3-2021.07/bin/../lib/gcc/arm-none-eabi/10.3.1/../../../../arm-none-eabi/lib/thumb/v7-m/nofp\libg.a(lib_a-locale.o)
                0x200004d0                __global_locale
 .data.__malloc_av_
                0x2000063c      0x408 c:/tools/gcc-arm-none-eabi-10.3-2021.07/bin/../lib/gcc/arm-none-eabi/10.3.1/../../../../arm-none-eabi/lib/thumb/v7-m/nofp\libg.a(lib_a-mallocr.o)
                0x2000063c                __malloc_av_
 .data.__malloc_sbrk_base
                0x20000a44        0x4 c:/tools/gcc-arm-none-eabi-10.3-2021.07/bin/../lib/gcc/arm-none-eabi/10.3.1/../../../../arm-none-eabi/lib/thumb/v7-m/nofp\libg.a(lib_a-mallocr.o)
                0x20000a44                __malloc_sbrk_base
 .data.__malloc_trim_threshold
                0x20000a48        0x4 c:/tools/gcc-arm-none-eabi-10.3-2021.07/bin/../lib/gcc/arm-none-eabi/10.3.1/../../../../arm-none-eabi/lib/thumb/v7-m/nofp\libg.a(lib_a-mallocr.o)
                0x20000a48                __malloc_trim_threshold
                0x20000a4c                . = ALIGN (0x4)
                0x20000a4c                _edata = .

.igot.plt       0x20000a4c        0x0 load address 0x0800b8f0
 .igot.plt      0x20000a4c        0x0 c:/tools/gcc-arm-none-eabi-10.3-2021.07/bin/../lib/gcc/arm-none-eabi/10.3.1/thumb/v7-m/nofp/crtbegin.o
                0x20000a4c                . = ALIGN (0x4)

.bss            0x20000a50      0x648 load address 0x0800b8f0
                0x20000a50                _sbss = .
                0x20000a50                __bss_start__ = _sbss
 *(.bss)
 .bss           0x20000a50       0x1c c:/tools/gcc-arm-none-eabi-10.3-2021.07/bin/../lib/gcc/arm-none-eabi/10.3.1/thumb/v7-m/nofp/crtbegin.o
 *(.bss*)
 .bss.motorA_speed
                0x20000a6c        0x4 CMakeFiles/balance_car_v2.elf.dir/Core/Src/encoder.c.obj
                0x20000a6c                motorA_speed
 .bss.motorB_speed
                0x20000a70        0x4 CMakeFiles/balance_car_v2.elf.dir/Core/Src/encoder.c.obj
                0x20000a70                motorB_speed
 .bss.hi2c1     0x20000a74       0x54 CMakeFiles/balance_car_v2.elf.dir/Core/Src/i2c.c.obj
                0x20000a74                hi2c1
 .bss.avg.1     0x20000ac8        0x4 CMakeFiles/balance_car_v2.elf.dir/Core/Src/main.c.obj
 *fill*         0x20000acc        0x4 
 .bss.balance   0x20000ad0       0x48 CMakeFiles/balance_car_v2.elf.dir/Core/Src/main.c.obj
                0x20000ad0                balance
 .bss.motorA.3  0x20000b18        0x4 CMakeFiles/balance_car_v2.elf.dir/Core/Src/main.c.obj
 .bss.motorB.2  0x20000b1c        0x4 CMakeFiles/balance_car_v2.elf.dir/Core/Src/main.c.obj
 .bss.mpu6050   0x20000b20       0x58 CMakeFiles/balance_car_v2.elf.dir/Core/Src/main.c.obj
                0x20000b20                mpu6050
 .bss.speed     0x20000b78       0x48 CMakeFiles/balance_car_v2.elf.dir/Core/Src/main.c.obj
                0x20000b78                speed
 .bss.target_degree
                0x20000bc0        0x4 CMakeFiles/balance_car_v2.elf.dir/Core/Src/main.c.obj
                0x20000bc0                target_degree
 .bss.target_speed
                0x20000bc4        0x4 CMakeFiles/balance_car_v2.elf.dir/Core/Src/main.c.obj
                0x20000bc4                target_speed
 .bss.tb6612    0x20000bc8       0x30 CMakeFiles/balance_car_v2.elf.dir/Core/Src/main.c.obj
                0x20000bc8                tb6612
 .bss.u1.4      0x20000bf8        0x4 CMakeFiles/balance_car_v2.elf.dir/Core/Src/main.c.obj
 .bss.u2.0      0x20000bfc        0x4 CMakeFiles/balance_car_v2.elf.dir/Core/Src/main.c.obj
 .bss.timer     0x20000c00        0x4 CMakeFiles/balance_car_v2.elf.dir/Core/Src/mpu6050.c.obj
                0x20000c00                timer
 .bss.gHuart    0x20000c04        0x4 CMakeFiles/balance_car_v2.elf.dir/Core/Src/retarget.c.obj
                0x20000c04                gHuart
 .bss.heap_end.0
                0x20000c08        0x4 CMakeFiles/balance_car_v2.elf.dir/Core/Src/syscalls.c.obj
 .bss.old_tick  0x20000c0c        0x4 CMakeFiles/balance_car_v2.elf.dir/Core/Src/test_freq.c.obj
                0x20000c0c                old_tick
 .bss.tick_freq
                0x20000c10        0x4 CMakeFiles/balance_car_v2.elf.dir/Core/Src/test_freq.c.obj
                0x20000c10                tick_freq
 .bss.htim1     0x20000c14       0x48 CMakeFiles/balance_car_v2.elf.dir/Core/Src/tim.c.obj
                0x20000c14                htim1
 .bss.htim2     0x20000c5c       0x48 CMakeFiles/balance_car_v2.elf.dir/Core/Src/tim.c.obj
                0x20000c5c                htim2
 .bss.htim3     0x20000ca4       0x48 CMakeFiles/balance_car_v2.elf.dir/Core/Src/tim.c.obj
                0x20000ca4                htim3
 .bss.htim4     0x20000cec       0x48 CMakeFiles/balance_car_v2.elf.dir/Core/Src/tim.c.obj
                0x20000cec                htim4
 .bss.FeedBackMessage
                0x20000d34      0x114 CMakeFiles/balance_car_v2.elf.dir/Core/Src/uart_parser.c.obj
                0x20000d34                FeedBackMessage
 .bss.RxBuffer  0x20000e48      0x100 CMakeFiles/balance_car_v2.elf.dir/Core/Src/uart_parser.c.obj
                0x20000e48                RxBuffer
 .bss.RxBufferCounts
                0x20000f48        0x4 CMakeFiles/balance_car_v2.elf.dir/Core/Src/uart_parser.c.obj
                0x20000f48                RxBufferCounts
 .bss.aRxBuffer
                0x20000f4c        0x1 CMakeFiles/balance_car_v2.elf.dir/Core/Src/uart_parser.c.obj
                0x20000f4c                aRxBuffer
 *fill*         0x20000f4d        0x3 
 .bss.call_commands
                0x20000f50       0x14 CMakeFiles/balance_car_v2.elf.dir/Core/Src/uart_parser.c.obj
                0x20000f50                call_commands
 .bss.call_count
                0x20000f64        0x4 CMakeFiles/balance_car_v2.elf.dir/Core/Src/uart_parser.c.obj
                0x20000f64                call_count
 .bss.call_labels
                0x20000f68       0x50 CMakeFiles/balance_car_v2.elf.dir/Core/Src/uart_parser.c.obj
                0x20000f68                call_labels
 .bss.call_list
                0x20000fb8       0x50 CMakeFiles/balance_car_v2.elf.dir/Core/Src/uart_parser.c.obj
                0x20000fb8                call_list
 .bss.huart3    0x20001008       0x44 CMakeFiles/balance_car_v2.elf.dir/Core/Src/usart.c.obj
                0x20001008                huart3
 .bss.uwTick    0x2000104c        0x4 CMakeFiles/balance_car_v2.elf.dir/Drivers/STM32F1xx_HAL_Driver/Src/stm32f1xx_hal.c.obj
                0x2000104c                uwTick
 .bss.__lock___atexit_recursive_mutex
                0x20001050        0x1 c:/tools/gcc-arm-none-eabi-10.3-2021.07/bin/../lib/gcc/arm-none-eabi/10.3.1/../../../../arm-none-eabi/lib/thumb/v7-m/nofp\libg.a(lib_a-lock.o)
                0x20001050                __lock___atexit_recursive_mutex
 *fill*         0x20001051        0x3 
 .bss.__lock___malloc_recursive_mutex
                0x20001054        0x1 c:/tools/gcc-arm-none-eabi-10.3-2021.07/bin/../lib/gcc/arm-none-eabi/10.3.1/../../../../arm-none-eabi/lib/thumb/v7-m/nofp\libg.a(lib_a-lock.o)
                0x20001054                __lock___malloc_recursive_mutex
 *fill*         0x20001055        0x3 
 .bss.__lock___sfp_recursive_mutex
                0x20001058        0x1 c:/tools/gcc-arm-none-eabi-10.3-2021.07/bin/../lib/gcc/arm-none-eabi/10.3.1/../../../../arm-none-eabi/lib/thumb/v7-m/nofp\libg.a(lib_a-lock.o)
                0x20001058                __lock___sfp_recursive_mutex
 *fill*         0x20001059        0x3 
 .bss.__lock___sinit_recursive_mutex
                0x2000105c        0x1 c:/tools/gcc-arm-none-eabi-10.3-2021.07/bin/../lib/gcc/arm-none-eabi/10.3.1/../../../../arm-none-eabi/lib/thumb/v7-m/nofp\libg.a(lib_a-lock.o)
                0x2000105c                __lock___sinit_recursive_mutex
 *fill*         0x2000105d        0x3 
 .bss.__malloc_current_mallinfo
                0x20001060       0x28 c:/tools/gcc-arm-none-eabi-10.3-2021.07/bin/../lib/gcc/arm-none-eabi/10.3.1/../../../../arm-none-eabi/lib/thumb/v7-m/nofp\libg.a(lib_a-mallocr.o)
                0x20001060                __malloc_current_mallinfo
 .bss.__malloc_max_sbrked_mem
                0x20001088        0x4 c:/tools/gcc-arm-none-eabi-10.3-2021.07/bin/../lib/gcc/arm-none-eabi/10.3.1/../../../../arm-none-eabi/lib/thumb/v7-m/nofp\libg.a(lib_a-mallocr.o)
                0x20001088                __malloc_max_sbrked_mem
 .bss.__malloc_max_total_mem
                0x2000108c        0x4 c:/tools/gcc-arm-none-eabi-10.3-2021.07/bin/../lib/gcc/arm-none-eabi/10.3.1/../../../../arm-none-eabi/lib/thumb/v7-m/nofp\libg.a(lib_a-mallocr.o)
                0x2000108c                __malloc_max_total_mem
 .bss.__malloc_top_pad
                0x20001090        0x4 c:/tools/gcc-arm-none-eabi-10.3-2021.07/bin/../lib/gcc/arm-none-eabi/10.3.1/../../../../arm-none-eabi/lib/thumb/v7-m/nofp\libg.a(lib_a-mallocr.o)
                0x20001090                __malloc_top_pad
 .bss.errno     0x20001094        0x4 c:/tools/gcc-arm-none-eabi-10.3-2021.07/bin/../lib/gcc/arm-none-eabi/10.3.1/../../../../arm-none-eabi/lib/thumb/v7-m/nofp\libg.a(lib_a-reent.o)
                0x20001094                errno
 *(COMMON)
                0x20001098                . = ALIGN (0x4)
                0x20001098                _ebss = .
                0x20001098                __bss_end__ = _ebss

._user_heap_stack
                0x20001098      0x600 load address 0x0800b8f0
                0x20001098                . = ALIGN (0x8)
                0x20001098                PROVIDE (end = .)
                [!provide]                PROVIDE (_end = .)
                0x20001298                . = (. + _Min_Heap_Size)
 *fill*         0x20001098      0x200 
                0x20001698                . = (. + _Min_Stack_Size)
 *fill*         0x20001298      0x400 
                0x20001698                . = ALIGN (0x8)

/DISCARD/
 libc.a(*)
 libm.a(*)
 libgcc.a(*)

.ARM.attributes
                0x00000000       0x29
 *(.ARM.attributes)
 .ARM.attributes
                0x00000000       0x1d c:/tools/gcc-arm-none-eabi-10.3-2021.07/bin/../lib/gcc/arm-none-eabi/10.3.1/thumb/v7-m/nofp/crti.o
 .ARM.attributes
                0x0000001d       0x2d c:/tools/gcc-arm-none-eabi-10.3-2021.07/bin/../lib/gcc/arm-none-eabi/10.3.1/thumb/v7-m/nofp/crtbegin.o
 .ARM.attributes
                0x0000004a       0x2d CMakeFiles/balance_car_v2.elf.dir/Core/Src/encoder.c.obj
 .ARM.attributes
                0x00000077       0x2d CMakeFiles/balance_car_v2.elf.dir/Core/Src/gpio.c.obj
 .ARM.attributes
                0x000000a4       0x2d CMakeFiles/balance_car_v2.elf.dir/Core/Src/i2c.c.obj
 .ARM.attributes
                0x000000d1       0x2d CMakeFiles/balance_car_v2.elf.dir/Core/Src/main.c.obj
 .ARM.attributes
                0x000000fe       0x2d CMakeFiles/balance_car_v2.elf.dir/Core/Src/mpu6050.c.obj
 .ARM.attributes
                0x0000012b       0x2d CMakeFiles/balance_car_v2.elf.dir/Core/Src/pid.c.obj
 .ARM.attributes
                0x00000158       0x2d CMakeFiles/balance_car_v2.elf.dir/Core/Src/retarget.c.obj
 .ARM.attributes
                0x00000185       0x2d CMakeFiles/balance_car_v2.elf.dir/Core/Src/stm32f1xx_hal_msp.c.obj
 .ARM.attributes
                0x000001b2       0x2d CMakeFiles/balance_car_v2.elf.dir/Core/Src/stm32f1xx_it.c.obj
 .ARM.attributes
                0x000001df       0x2d CMakeFiles/balance_car_v2.elf.dir/Core/Src/syscalls.c.obj
 .ARM.attributes
                0x0000020c       0x2d CMakeFiles/balance_car_v2.elf.dir/Core/Src/system_stm32f1xx.c.obj
 .ARM.attributes
                0x00000239       0x2d CMakeFiles/balance_car_v2.elf.dir/Core/Src/tb6612.c.obj
 .ARM.attributes
                0x00000266       0x2d CMakeFiles/balance_car_v2.elf.dir/Core/Src/test_freq.c.obj
 .ARM.attributes
                0x00000293       0x2d CMakeFiles/balance_car_v2.elf.dir/Core/Src/tim.c.obj
 .ARM.attributes
                0x000002c0       0x2d CMakeFiles/balance_car_v2.elf.dir/Core/Src/uart_parser.c.obj
 .ARM.attributes
                0x000002ed       0x2d CMakeFiles/balance_car_v2.elf.dir/Core/Src/usart.c.obj
 .ARM.attributes
                0x0000031a       0x2d CMakeFiles/balance_car_v2.elf.dir/Drivers/STM32F1xx_HAL_Driver/Src/stm32f1xx_hal.c.obj
 .ARM.attributes
                0x00000347       0x2d CMakeFiles/balance_car_v2.elf.dir/Drivers/STM32F1xx_HAL_Driver/Src/stm32f1xx_hal_cortex.c.obj
 .ARM.attributes
                0x00000374       0x2d CMakeFiles/balance_car_v2.elf.dir/Drivers/STM32F1xx_HAL_Driver/Src/stm32f1xx_hal_dma.c.obj
 .ARM.attributes
                0x000003a1       0x2d CMakeFiles/balance_car_v2.elf.dir/Drivers/STM32F1xx_HAL_Driver/Src/stm32f1xx_hal_gpio.c.obj
 .ARM.attributes
                0x000003ce       0x2d CMakeFiles/balance_car_v2.elf.dir/Drivers/STM32F1xx_HAL_Driver/Src/stm32f1xx_hal_i2c.c.obj
 .ARM.attributes
                0x000003fb       0x2d CMakeFiles/balance_car_v2.elf.dir/Drivers/STM32F1xx_HAL_Driver/Src/stm32f1xx_hal_rcc.c.obj
 .ARM.attributes
                0x00000428       0x2d CMakeFiles/balance_car_v2.elf.dir/Drivers/STM32F1xx_HAL_Driver/Src/stm32f1xx_hal_tim.c.obj
 .ARM.attributes
                0x00000455       0x2d CMakeFiles/balance_car_v2.elf.dir/Drivers/STM32F1xx_HAL_Driver/Src/stm32f1xx_hal_tim_ex.c.obj
 .ARM.attributes
                0x00000482       0x2d CMakeFiles/balance_car_v2.elf.dir/Drivers/STM32F1xx_HAL_Driver/Src/stm32f1xx_hal_uart.c.obj
 .ARM.attributes
                0x000004af       0x21 CMakeFiles/balance_car_v2.elf.dir/startup/startup_stm32f103xb.s.obj
 .ARM.attributes
                0x000004d0       0x1d c:/tools/gcc-arm-none-eabi-10.3-2021.07/bin/../lib/gcc/arm-none-eabi/10.3.1/thumb/v7-m/nofp\libgcc.a(_arm_addsubdf3.o)
 .ARM.attributes
                0x000004ed       0x1d c:/tools/gcc-arm-none-eabi-10.3-2021.07/bin/../lib/gcc/arm-none-eabi/10.3.1/thumb/v7-m/nofp\libgcc.a(_arm_muldivdf3.o)
 .ARM.attributes
                0x0000050a       0x1d c:/tools/gcc-arm-none-eabi-10.3-2021.07/bin/../lib/gcc/arm-none-eabi/10.3.1/thumb/v7-m/nofp\libgcc.a(_arm_cmpdf2.o)
 .ARM.attributes
                0x00000527       0x1d c:/tools/gcc-arm-none-eabi-10.3-2021.07/bin/../lib/gcc/arm-none-eabi/10.3.1/thumb/v7-m/nofp\libgcc.a(_arm_fixdfsi.o)
 .ARM.attributes
                0x00000544       0x1d c:/tools/gcc-arm-none-eabi-10.3-2021.07/bin/../lib/gcc/arm-none-eabi/10.3.1/thumb/v7-m/nofp\libgcc.a(_arm_truncdfsf2.o)
 .ARM.attributes
                0x00000561       0x1d c:/tools/gcc-arm-none-eabi-10.3-2021.07/bin/../lib/gcc/arm-none-eabi/10.3.1/thumb/v7-m/nofp\libgcc.a(_arm_addsubsf3.o)
 .ARM.attributes
                0x0000057e       0x1d c:/tools/gcc-arm-none-eabi-10.3-2021.07/bin/../lib/gcc/arm-none-eabi/10.3.1/thumb/v7-m/nofp\libgcc.a(_arm_muldivsf3.o)
 .ARM.attributes
                0x0000059b       0x2d c:/tools/gcc-arm-none-eabi-10.3-2021.07/bin/../lib/gcc/arm-none-eabi/10.3.1/../../../../arm-none-eabi/lib/thumb/v7-m/nofp\libg.a(lib_a-atof.o)
 .ARM.attributes
                0x000005c8       0x2d c:/tools/gcc-arm-none-eabi-10.3-2021.07/bin/../lib/gcc/arm-none-eabi/10.3.1/../../../../arm-none-eabi/lib/thumb/v7-m/nofp\libg.a(lib_a-errno.o)
 .ARM.attributes
                0x000005f5       0x2d c:/tools/gcc-arm-none-eabi-10.3-2021.07/bin/../lib/gcc/arm-none-eabi/10.3.1/../../../../arm-none-eabi/lib/thumb/v7-m/nofp\libg.a(lib_a-impure.o)
 .ARM.attributes
                0x00000622       0x2d c:/tools/gcc-arm-none-eabi-10.3-2021.07/bin/../lib/gcc/arm-none-eabi/10.3.1/../../../../arm-none-eabi/lib/thumb/v7-m/nofp\libg.a(lib_a-init.o)
 .ARM.attributes
                0x0000064f       0x2d c:/tools/gcc-arm-none-eabi-10.3-2021.07/bin/../lib/gcc/arm-none-eabi/10.3.1/../../../../arm-none-eabi/lib/thumb/v7-m/nofp\libg.a(lib_a-memset.o)
 .ARM.attributes
                0x0000067c       0x2d c:/tools/gcc-arm-none-eabi-10.3-2021.07/bin/../lib/gcc/arm-none-eabi/10.3.1/../../../../arm-none-eabi/lib/thumb/v7-m/nofp\libg.a(lib_a-puts.o)
 .ARM.attributes
                0x000006a9       0x2d c:/tools/gcc-arm-none-eabi-10.3-2021.07/bin/../lib/gcc/arm-none-eabi/10.3.1/../../../../arm-none-eabi/lib/thumb/v7-m/nofp\libg.a(lib_a-setvbuf.o)
 .ARM.attributes
                0x000006d6       0x2d c:/tools/gcc-arm-none-eabi-10.3-2021.07/bin/../lib/gcc/arm-none-eabi/10.3.1/../../../../arm-none-eabi/lib/thumb/v7-m/nofp\libg.a(lib_a-strcat.o)
 .ARM.attributes
                0x00000703       0x2d c:/tools/gcc-arm-none-eabi-10.3-2021.07/bin/../lib/gcc/arm-none-eabi/10.3.1/../../../../arm-none-eabi/lib/thumb/v7-m/nofp\libg.a(lib_a-strcpy.o)
 .ARM.attributes
                0x00000730       0x2d c:/tools/gcc-arm-none-eabi-10.3-2021.07/bin/../lib/gcc/arm-none-eabi/10.3.1/../../../../arm-none-eabi/lib/thumb/v7-m/nofp\libg.a(lib_a-strlen-stub.o)
 .ARM.attributes
                0x0000075d       0x2d c:/tools/gcc-arm-none-eabi-10.3-2021.07/bin/../lib/gcc/arm-none-eabi/10.3.1/../../../../arm-none-eabi/lib/thumb/v7-m/nofp\libg.a(lib_a-strtod.o)
 .ARM.attributes
                0x0000078a       0x2d c:/tools/gcc-arm-none-eabi-10.3-2021.07/bin/../lib/gcc/arm-none-eabi/10.3.1/../../../../arm-none-eabi/lib/thumb/v7-m/nofp\libg.a(lib_a-__call_atexit.o)
 .ARM.attributes
                0x000007b7       0x2d c:/tools/gcc-arm-none-eabi-10.3-2021.07/bin/../lib/gcc/arm-none-eabi/10.3.1/../../../../arm-none-eabi/lib/thumb/v7-m/nofp\libg.a(lib_a-atexit.o)
 .ARM.attributes
                0x000007e4       0x2d c:/tools/gcc-arm-none-eabi-10.3-2021.07/bin/../lib/gcc/arm-none-eabi/10.3.1/../../../../arm-none-eabi/lib/thumb/v7-m/nofp\libg.a(lib_a-fflush.o)
 .ARM.attributes